Jan 31 16:02:00 (none) syslogd (GNU inetutils 1.5): restart
Jan 31 16:02:00 (none) vmunix: [    0.000000] Booting Linux on physical CPU 0x0
Jan 31 16:02:00 (none) vmunix: [    0.000000] Linux version 4.14.206-perf (builder@nvtlsdselbld06) (clang version 6.0.9 for Android NDK, GNU ld (GNU Binutils) 2.31.1.20181224) #1 PREEMPT Thu Apr 6 02:19:08 PDT 2023
Jan 31 16:02:00 (none) vmunix: [    0.000000] CPU: ARMv7 Processor [410fc075] revision 5 (ARMv7), cr=10c53c7d
Jan 31 16:02:00 (none) vmunix: [    0.000000] CPU: div instructions available: patching division code
Jan 31 16:02:00 (none) vmunix: [    0.000000] CPU: PIPT / VIPT nonaliasing data cache, VIPT aliasing instruction cache
Jan 31 16:02:00 (none) vmunix: [    0.000000] OF: fdt: Machine model: Qualcomm Technologies, Inc. SDXPRAIRIE MTP V2
Jan 31 16:02:00 (none) vmunix: [    0.000000] Memory policy: Data cache writeback
Jan 31 16:02:00 (none) vmunix: [    0.000000] Reserved memory: created DMA memory pool at 0xbfb80000, size 4 MiB
Jan 31 16:02:00 (none) vmunix: [    0.000000] OF: reserved mem: initialized node audio_region@0, compatible id shared-dma-pool
Jan 31 16:02:00 (none) vmunix: [    0.000000] Reserved memory: created CMA memory pool at 0xbf400000, size 4 MiB
Jan 31 16:02:00 (none) vmunix: [    0.000000] OF: reserved mem: initialized node qseecom_ta_region@0, compatible id shared-dma-pool
Jan 31 16:02:00 (none) vmunix: [    0.000000] Reserved memory: created CMA memory pool at 0xbf000000, size 4 MiB
Jan 31 16:02:00 (none) vmunix: [    0.000000] OF: reserved mem: initialized node mem_dump_region, compatible id shared-dma-pool
Jan 31 16:02:00 (none) vmunix: [    0.000000] Reserved memory: created CMA memory pool at 0xbdc00000, size 20 MiB
Jan 31 16:02:00 (none) vmunix: [    0.000000] OF: reserved mem: initialized node qseecom_region@0, compatible id shared-dma-pool
Jan 31 16:02:00 (none) vmunix: [    0.000000] Removed memory: created DMA memory pool at 0x90800000, size 205 MiB
Jan 31 16:02:00 (none) vmunix: [    0.000000] OF: reserved mem: initialized node mpss_adsp_region@90800000, compatible id removed-dma-pool
Jan 31 16:02:00 (none) vmunix: [    0.000000] Removed memory: created DMA memory pool at 0x9d500000, size 1 MiB
Jan 31 16:02:00 (none) vmunix: [    0.000000] OF: reserved mem: initialized node ramoops_region@9d500000, compatible id removed-dma-pool
Jan 31 16:02:00 (none) vmunix: [    0.000000] cma: Reserved 12 MiB at 0xbd000000
Jan 31 16:02:00 (none) vmunix: [    0.000000] On node 0 totalpages: 203950
Jan 31 16:02:00 (none) vmunix: [    0.000000] free_area_init_node: node 0, pgdat c13f9150, node_mem_map ef801000
Jan 31 16:02:00 (none) vmunix: [    0.000000]   Normal zone: 1536 pages used for memmap
Jan 31 16:02:00 (none) vmunix: [    0.000000]   Normal zone: 0 pages reserved
Jan 31 16:02:00 (none) vmunix: [    0.000000]   Normal zone: 139566 pages, LIFO batch:31
Jan 31 16:02:00 (none) vmunix: [    0.000000]   HighMem zone: 64384 pages, LIFO batch:15
Jan 31 16:02:00 (none) vmunix: [    0.000000] psci: probing for conduit method from DT.
Jan 31 16:02:00 (none) vmunix: [    0.000000] psci: PSCIv1.1 detected in firmware.
Jan 31 16:02:00 (none) vmunix: [    0.000000] psci: Using standard PSCI v0.2 function IDs
Jan 31 16:02:00 (none) vmunix: [    0.000000] psci: MIGRATE_INFO_TYPE not supported.
Jan 31 16:02:00 (none) vmunix: [    0.000000] psci: SMC Calling Convention v1.1
Jan 31 16:02:00 (none) vmunix: [    0.000000] CPU: All CPU(s) started in SVC mode.
Jan 31 16:02:00 (none) vmunix: [    0.000000] random: get_random_bytes called from start_kernel+0x8c/0x574 with crng_init=0
Jan 31 16:02:00 (none) vmunix: [    0.000000] pcpu-alloc: s0 r0 d32768 u32768 alloc=1*32768
Jan 31 16:02:00 (none) vmunix: [    0.000000] pcpu-alloc: [0] 0 
Jan 31 16:02:00 (none) vmunix: [    0.000000] Built 1 zonelists, mobility grouping on.  Total pages: 202414
Jan 31 16:02:00 (none) vmunix: [    0.000000] Kernel command line: noinitrd rw rootwait console=ttyMSM0,115200,n8 androidboot.hardware=qcom ehci-hcd.park=3 msm_rtb.filter=0x237 androidboot.console=ttyMSM0 lpm_levels.sleep_disabled=1 firmware_class.path=/lib/firmware/updates service_locator.enable=1 net.ifnames=0 rootfstype=ubifs rootflags=bulk_read root=ubi0:rootfs ubi.mtd=27 androidboot.serialno=fff72c1e androidboot.baseband=msm
Jan 31 16:02:00 (none) vmunix: [    0.000000] PID hash table entries: 4096 (order: 2, 16384 bytes)
Jan 31 16:02:00 (none) vmunix: [    0.000000] Dentry cache hash table entries: 131072 (order: 7, 524288 bytes)
Jan 31 16:02:00 (none) vmunix: [    0.000000] Inode-cache hash table entries: 65536 (order: 6, 262144 bytes)
Jan 31 16:02:00 (none) vmunix: [    0.000000] mem auto-init: stack:off, heap alloc:off, heap free:off
Jan 31 16:02:00 (none) vmunix: [    0.000000] Memory: 746172K/815800K available (12288K kernel code, 1257K rwdata, 4220K rodata, 1024K init, 836K bss, 28668K reserved, 40960K cma-reserved, 216576K highmem)
Jan 31 16:02:00 (none) vmunix: [    0.000000] Virtual kernel memory layout:
Jan 31 16:02:00 (none) vmunix: [    0.000000]     vector  : 0xffff0000 - 0xffff1000   (   4 kB)
Jan 31 16:02:00 (none) vmunix: [    0.000000]     fixmap  : 0xffc00000 - 0xfff00000   (3072 kB)
Jan 31 16:02:00 (none) vmunix: [    0.000000]     vmalloc : 0xf0800000 - 0xff800000   ( 240 MB)
Jan 31 16:02:00 (none) vmunix: [    0.000000]     lowmem  : 0xc0000000 - 0xf0000000   ( 768 MB)
Jan 31 16:02:00 (none) vmunix: [    0.000000]     pkmap   : 0xbfe00000 - 0xc0000000   (   2 MB)
Jan 31 16:02:00 (none) vmunix: [    0.000000]     modules : 0xbf000000 - 0xbfe00000   (  14 MB)
Jan 31 16:02:00 (none) vmunix: [    0.000000]       .text : 0xc0008000 - 0xc0d00000    (13280 kB)
Jan 31 16:02:00 (none) vmunix: [    0.000000]       .init : 0xc1200000 - 0xc1300000    (1024 kB)
Jan 31 16:02:00 (none) vmunix: [    0.000000]       .data : 0xc1300000 - 0xc143a4e4    (1258 kB)
Jan 31 16:02:00 (none) vmunix: [    0.000000]        .bss : 0xc14416b8 - 0xc1512960    ( 837 kB)
Jan 31 16:02:00 (none) vmunix: [    0.000000] SLUB: HWalign=64, Order=0-3, MinObjects=0, CPUs=1, Nodes=1
Jan 31 16:02:00 (none) vmunix: [    0.000000] Preemptible hierarchical RCU implementation.
Jan 31 16:02:00 (none) vmunix: [    0.000000] 	Tasks RCU enabled.
Jan 31 16:02:00 (none) vmunix: [    0.000000] NR_IRQS: 16, nr_irqs: 16, preallocated irqs: 16
Jan 31 16:02:00 (none) vmunix: [    0.000000] arch_sys_timer depends on broadcast, but no broadcast function available
Jan 31 16:02:00 (none) vmunix: [    0.000000] arch_timer: cp15 and mmio timer(s) running at 19.20MHz (virt/virt).
Jan 31 16:02:00 (none) vmunix: [    0.000000] clocksource: arch_sys_counter: mask: 0xffffffffffffff max_cycles: 0x46d987e47, max_idle_ns: 440795202767 ns
Jan 31 16:02:00 (none) vmunix: [    0.000005] sched_clock: 56 bits at 19MHz, resolution 52ns, wraps every 4398046511078ns
Jan 31 16:02:00 (none) vmunix: [    0.000014] Switching to timer-based delay loop, resolution 52ns
Jan 31 16:02:00 (none) vmunix: [    0.000031] clocksource: Switched to clocksource arch_sys_counter
Jan 31 16:02:00 (none) vmunix: [    0.001107] Calibrating delay loop (skipped), value calculated using timer frequency.. 38.40 BogoMIPS (lpj=192000)
Jan 31 16:02:00 (none) vmunix: [    0.001133] pid_max: default: 32768 minimum: 301
Jan 31 16:02:00 (none) vmunix: [    0.001252] Security Framework initialized
Jan 31 16:02:00 (none) vmunix: [    0.001269] SELinux:  Initializing.
Jan 31 16:02:00 (none) vmunix: [    0.001360] SELinux:  Starting in permissive mode
Jan 31 16:02:00 (none) vmunix: [    0.001409] Mount-cache hash table entries: 2048 (order: 1, 8192 bytes)
Jan 31 16:02:00 (none) vmunix: [    0.001423] Mountpoint-cache hash table entries: 2048 (order: 1, 8192 bytes)
Jan 31 16:02:00 (none) vmunix: [    0.002054] CPU: Testing write buffer coherency: ok
Jan 31 16:02:00 (none) vmunix: [    0.002779] Setting up static identity map for 0x80100000 - 0x80100060
Jan 31 16:02:00 (none) vmunix: [    0.002901] Hierarchical SRCU implementation.
Jan 31 16:02:00 (none) vmunix: [    0.010627] MSM Memory Dump base table set up
Jan 31 16:02:00 (none) vmunix: [    0.010673] MSM Memory Dump apps data table set up
Jan 31 16:02:00 (none) vmunix: [    0.011714] devtmpfs: initialized
Jan 31 16:02:00 (none) vmunix: [    0.044325] VFP support v0.3: implementor 41 architecture 2 part 30 variant 7 rev 5
Jan 31 16:02:00 (none) vmunix: [    0.044670] clocksource: jiffies: mask: 0xffffffff max_cycles: 0xffffffff, max_idle_ns: 19112604462750000 ns
Jan 31 16:02:00 (none) vmunix: [    0.044690] futex hash table entries: 256 (order: -1, 3072 bytes)
Jan 31 16:02:00 (none) vmunix: [    0.045973] pinctrl core: initialized pinctrl subsystem
Jan 31 16:02:00 (none) vmunix: [    0.046922] NET: Registered protocol family 16
Jan 31 16:02:00 (none) vmunix: [    0.048285] DMA: preallocated 256 KiB pool for atomic coherent allocations
Jan 31 16:02:00 (none) vmunix: [    0.049039] MiFi Events Module initialized: NETLINK_MIFI_EVENT=29
Jan 31 16:02:00 (none) vmunix: [    0.049306] cpuidle: using governor menu
Jan 31 16:02:00 (none) vmunix: [    0.049333] cpuidle: using governor qcom
Jan 31 16:02:00 (none) vmunix: [    0.049485] NET: Registered protocol family 42
Jan 31 16:02:00 (none) vmunix: [    0.054590] sd_vdd: regulator get failed, ret=-517
Jan 31 16:02:00 (none) vmunix: [    0.056385] unable to find DT imem DLOAD mode node
Jan 31 16:02:00 (none) vmunix: [    0.057177] unable to find DT imem EDLOAD mode node
Jan 31 16:02:00 (none) vmunix: [    0.057956] unable to find DT imem dload-type node
Jan 31 16:02:00 (none) vmunix: [    0.058360] set_dload_mode: on=1
Jan 31 16:02:00 (none) vmunix: [    0.059014] msm_watchdog 17817000.qcom,wdt: wdog absent resource not present
Jan 31 16:02:00 (none) vmunix: [    0.059058] msm_watchdog 17817000.qcom,wdt: msm_wdog_dt_to_pdata scandump sizes property not correct
Jan 31 16:02:00 (none) vmunix: [    0.059438] msm_watchdog 17817000.qcom,wdt: Couldn't get memory for dump
Jan 31 16:02:00 (none) vmunix: [    0.059585] msm_watchdog 17817000.qcom,wdt: MSM Watchdog Initialized
Jan 31 16:02:00 (none) vmunix: [    0.061657] platform 4080000.qcom,mss: assigned reserved memory node mpss_adsp_region@90800000
Jan 31 16:02:00 (none) vmunix: [    0.065142] platform soc:mem_dump: assigned reserved memory node mem_dump_region
Jan 31 16:02:00 (none) vmunix: [    0.070580] platform 90000000.qseecom: assigned reserved memory node qseecom_region@0
Jan 31 16:02:00 (none) vmunix: [    0.075710] platform soc:qcom,msm-audio-ion: assigned reserved memory node audio_region@0
Jan 31 16:02:00 (none) vmunix: [    0.087348] hw-breakpoint: found 5 (+1 reserved) breakpoint and 4 watchpoint registers.
Jan 31 16:02:00 (none) vmunix: [    0.087365] hw-breakpoint: maximum watchpoint size is 8 bytes.
Jan 31 16:02:00 (none) vmunix: [    0.095046] spmi spmi-0: PMIC arbiter version v5 (0x50010000)
Jan 31 16:02:00 (none) vmunix: [    0.102891] sps:sps is ready.
Jan 31 16:02:00 (none) vmunix: [    0.104659] exit: IPA_USB init success!
Jan 31 16:02:00 (none) vmunix: [    0.111273] pmxprairie_s5_level: supplied by pmxprairie_s7_level
Jan 31 16:02:00 (none) vmunix: [    0.111565] pmxprairie_s5_level_ao: supplied by pmxprairie_s7_level_ao
Jan 31 16:02:00 (none) vmunix: [    0.132978] qmp-aop-clk soc:qcom,aop: Registered clocks with AOP
Jan 31 16:02:00 (none) vmunix: [    0.133817] clk-rpmh soc:qcom,rpmh: Registered RPMh clocks
Jan 31 16:02:00 (none) vmunix: [    0.134778] KPI: Bootloader start count = 54803
Jan 31 16:02:00 (none) vmunix: [    0.134794] KPI: Bootloader end count = 78688
Jan 31 16:02:00 (none) vmunix: [    0.134801] KPI: Bootloader display count = 206570772
Jan 31 16:02:00 (none) vmunix: [    0.134807] KPI: Bootloader load kernel count = 16157
Jan 31 16:02:00 (none) vmunix: [    0.134814] KPI: Kernel MPM timestamp = 95309
Jan 31 16:02:00 (none) vmunix: [    0.134819] KPI: Kernel MPM Clock frequency = 32768
Jan 31 16:02:00 (none) vmunix: [    0.134840] socinfo_print: v0.15, id=357, ver=2.0, raw_id=207, raw_ver=2, hw_plat=8, hw_plat_ver=65536
Jan 31 16:02:00 (none) vmunix: [    0.134840]  accessory_chip=0, hw_plat_subtype=5, pmic_model=65568, pmic_die_revision=131072 foundry_id=1 serial_number=4294388766 num_pmics=3 chip_family=0x5e raw_device_family=0x6 raw_device_number=0xb nproduct_id=0x410 num_clusters=0x1 ncluster_array_offset=0xb0 num_defective_parts=0xd ndefective_parts_array_offset=0xb4 nmodem_supported=0xffffffff
Jan 31 16:02:00 (none) vmunix: [    0.135304] msm_bus_fabric_rpmh_init_driver
Jan 31 16:02:00 (none) vmunix: [    0.135672] msm_bus: Probe started
Jan 31 16:02:00 (none) vmunix: [    0.136321] msm_bus_device 1100000.ad-hoc-bus: Bus type is missing
Jan 31 16:02:00 (none) vmunix: [    0.136367] msm_bus_device 1100000.ad-hoc-bus: Bus type is missing
Jan 31 16:02:00 (none) vmunix: [    0.138699] msm_bus: DT Parsing complete
Jan 31 16:02:00 (none) vmunix: [    0.141109] msm_bus_fab_init_noc_ops: Invalid Bus type
Jan 31 16:02:00 (none) vmunix: [    0.141390] msm_bus_fab_init_noc_ops: Invalid Bus type
Jan 31 16:02:00 (none) vmunix: [    0.155048] register_client_adhoc:find path.src 53 dest 585
Jan 31 16:02:00 (none) vmunix: [    0.155206] register_client_adhoc:Client handle 1 apps_smmu
Jan 31 16:02:00 (none) vmunix: [    0.155433] arm-smmu 15000000.apps-smmu: 	non-coherent table walk
Jan 31 16:02:00 (none) vmunix: [    0.155446] arm-smmu 15000000.apps-smmu: 	(IDR0.CTTW overridden by FW configuration)
Jan 31 16:02:00 (none) vmunix: [    0.155456] arm-smmu 15000000.apps-smmu: 	stream matching with 20 register groups
Jan 31 16:02:00 (none) vmunix: [    0.156332] register_client_adhoc:find path.src 53 dest 585
Jan 31 16:02:00 (none) vmunix: [    0.156453] register_client_adhoc:Client handle 2 apps_smmu
Jan 31 16:02:00 (none) vmunix: [    0.156902] register_client_adhoc:find path.src 53 dest 585
Jan 31 16:02:00 (none) vmunix: [    0.157017] register_client_adhoc:Client handle 3 apps_smmu
Jan 31 16:02:00 (none) vmunix: [    0.158094] vgaarb: loaded
Jan 31 16:02:00 (none) vmunix: [    0.158507] SCSI subsystem initialized
Jan 31 16:02:00 (none) vmunix: [    0.158711] usbcore: registered new interface driver usbfs
Jan 31 16:02:00 (none) vmunix: [    0.158754] usbcore: registered new interface driver hub
Jan 31 16:02:00 (none) vmunix: [    0.158861] usbcore: registered new device driver usb
Jan 31 16:02:00 (none) vmunix: [    0.159311] usb_phy_generic soc:usb_nop_phy: soc:usb_nop_phy supply vcc not found, using dummy regulator
Jan 31 16:02:00 (none) vmunix: [    0.160329] qcom,qpnp-power-on c440000.qcom,spmi:qcom,pmxprairie@8:qcom,power-on@800: PMIC@SID8 Power-on reason: Triggered from CBL (External Power Supply) and 'warm' boot
Jan 31 16:02:00 (none) vmunix: [    0.160343] mifi_pwr_on_cause: index=6
Jan 31 16:02:00 (none) vmunix: [    0.160426] qcom,qpnp-power-on c440000.qcom,spmi:qcom,pmxprairie@8:qcom,power-on@800: PMIC@SID8: Unknown power-off reason
Jan 31 16:02:00 (none) vmunix: [    0.160747] input: qpnp_pon as /devices/platform/c440000.qcom,spmi/spmi-0/spmi0-08/c440000.qcom,spmi:qcom,pmxprairie@8:qcom,power-on@800/input/input0
Jan 31 16:02:00 (none) vmunix: [    0.161310] qcom,qpnp-power-on c440000.qcom,spmi:qcom,pm8150b@2:qcom,power-on@800: PMIC@SID2 Power-on reason: Triggered from CBL (External Power Supply) and 'warm' boot
Jan 31 16:02:00 (none) vmunix: [    0.161334] qcom,qpnp-power-on c440000.qcom,spmi:qcom,pm8150b@2:qcom,power-on@800: PMIC@SID2: Unknown power-off reason
Jan 31 16:02:00 (none) vmunix: [    0.174585] platform soc:qcom,ion:qcom,ion-heap@27: assigned reserved memory node qseecom_region@0
Jan 31 16:02:00 (none) vmunix: [    0.174774] platform soc:qcom,ion:qcom,ion-heap@19: assigned reserved memory node qseecom_ta_region@0
Jan 31 16:02:00 (none) vmunix: [    0.175194] ION heap system created
Jan 31 16:02:00 (none) vmunix: [    0.175390] ION heap qsecom created at 0xbdc00000 with size 1400000
Jan 31 16:02:00 (none) vmunix: [    0.175403] ION heap qsecom_ta created at 0xbf400000 with size 400000
Jan 31 16:02:00 (none) vmunix: [    0.176294] PMIC@SID2: PM8150B v2.0 options: 0, 0, 0, 0
Jan 31 16:02:00 (none) vmunix: [    0.177588] scm_call failed: func id 0x2000c10, ret: -1, syscall returns: 0x0, 0x0, 0x0
Jan 31 16:02:00 (none) vmunix: [    0.177603] ipa ipa3_tz_unlock_reg:6955 scm call SCM_SVC_MP failed: -5
Jan 31 16:02:00 (none) vmunix: [    0.177615] ipa ipa3_pre_init:7212 Failed to unlock memory region using TZ
Jan 31 16:02:00 (none) vmunix: [    0.177886] register_client_adhoc:find path.src 90 dest 774
Jan 31 16:02:00 (none) vmunix: [    0.178039] register_client_adhoc:find path.src 134 dest 512
Jan 31 16:02:00 (none) vmunix: [    0.178176] register_client_adhoc:find path.src 90 dest 585
Jan 31 16:02:00 (none) vmunix: [    0.178295] register_client_adhoc:find path.src 1 dest 676
Jan 31 16:02:00 (none) vmunix: [    0.178453] register_client_adhoc:find path.src 143 dest 777
Jan 31 16:02:00 (none) vmunix: [    0.178519] register_client_adhoc:Client handle 4 ipa
Jan 31 16:02:00 (none) vmunix: [    0.183395] iommu: Adding device 1e00000.qcom,ipa:ipa_smmu_ap to group 0
Jan 31 16:02:00 (none) vmunix: [    0.184158] iommu: Adding device 1e00000.qcom,ipa:ipa_smmu_wlan to group 1
Jan 31 16:02:00 (none) vmunix: [    0.184868] iommu: Adding device 1e00000.qcom,ipa:ipa_smmu_uc to group 2
Jan 31 16:02:00 (none) vmunix: [    0.184955] gsi_is_mcs_enabled:1032 MCS enabled:1
Jan 31 16:02:00 (none) vmunix: [    0.184964] Using XBL boot load for IPA FW
Jan 31 16:02:00 (none) vmunix: [    0.185025] ipa ipa_smmu_ap_cb_probe:8773 AP Geometry start = 0 size= f0000000
Jan 31 16:02:00 (none) vmunix: [    0.185038] IPA smmu_info.s1_bypass_arr[AP]=0 smmu_info.fast_map=1
Jan 31 16:02:00 (none) vmunix: [    0.196352] IPA smmu_info.s1_bypass_arr[WLAN]=0 smmu_info.fast_map=0
Jan 31 16:02:00 (none) vmunix: [    0.207867] IPA smmu_info.s1_bypass_arr[UC]=0 smmu_info.fast_map=0
Jan 31 16:02:00 (none) vmunix: [    0.220283] ipa ipa3_uc_state_check:377 uC interface not initialized
Jan 31 16:02:00 (none) vmunix: [    0.222765] gsi soc:qcom,msm_gsi: gsi_register_device:1163 GSI irq is wake enabled 29
Jan 31 16:02:00 (none) vmunix: [    0.233628] IPA driver initialization was successful.
Jan 31 16:02:00 (none) vmunix: [    0.234401] ipa ipa3_smp2p_probe:8943 fail to get smp2p clk resp bit -517
Jan 31 16:02:00 (none) vmunix: [    0.235782] ipa ipa3_smp2p_probe:8943 fail to get smp2p clk resp bit -517
Jan 31 16:02:00 (none) vmunix: [    0.240425] Bluetooth: Core ver 2.22
Jan 31 16:02:00 (none) vmunix: [    0.240532] NET: Registered protocol family 31
Jan 31 16:02:00 (none) vmunix: [    0.240540] Bluetooth: HCI device and connection manager initialized
Jan 31 16:02:00 (none) vmunix: [    0.240559] Bluetooth: HCI socket layer initialized
Jan 31 16:02:00 (none) vmunix: [    0.240571] Bluetooth: L2CAP socket layer initialized
Jan 31 16:02:00 (none) vmunix: [    0.241875] pcie:pcie_init.
Jan 31 16:02:00 (none) vmunix: [    0.246288] pci-msm 1c00000.qcom,pcie: 1c00000.qcom,pcie supply vreg-3.3 not found, using dummy regulator
Jan 31 16:02:00 (none) vmunix: [    0.246800] pci-msm 1c00000.qcom,pcie: 1c00000.qcom,pcie supply gdsc-smmu not found, using dummy regulator
Jan 31 16:02:00 (none) vmunix: [    0.247018] msm_pcie_probe: PCIe: Driver probe failed for RC0:-517
Jan 31 16:02:00 (none) vmunix: [    0.249293] qcom-cpu-sdxprairie 17810008.qcom,clock-cpu: No speed/PVS binning available. Defaulting to 0!
Jan 31 16:02:00 (none) vmunix: [    0.250562] Clock_cpu:(cpu 0) OPP voltage for 345600000: 65
Jan 31 16:02:00 (none) vmunix: [    0.250579] Clock_cpu:(cpu 0) OPP voltage for 1555200000: 385
Jan 31 16:02:00 (none) vmunix: [    0.250595] qcom-cpu-sdxprairie 17810008.qcom,clock-cpu: CPU clock Driver probed successfully
Jan 31 16:02:00 (none) vmunix: [    0.253142] gcc-sdxprairie 100000.qcom,gcc: Registered GCC clocks
Jan 31 16:02:00 (none) vmunix: [    0.255182] cpufreq: driver msm up and running
Jan 31 16:02:00 (none) vmunix: [    0.255530] ipa ipa3_smp2p_probe:8943 fail to get smp2p clk resp bit -517
Jan 31 16:02:00 (none) vmunix: [    0.256667] pci-msm 1c00000.qcom,pcie: 1c00000.qcom,pcie supply vreg-3.3 not found, using dummy regulator
Jan 31 16:02:00 (none) vmunix: [    0.257172] pci-msm 1c00000.qcom,pcie: 1c00000.qcom,pcie supply gdsc-smmu not found, using dummy regulator
Jan 31 16:02:00 (none) vmunix: [    0.257687] register_client_adhoc:find path.src 45 dest 512
Jan 31 16:02:00 (none) vmunix: [    0.258081] register_client_adhoc:Client handle 5 pcie0
Jan 31 16:02:00 (none) vmunix: [    0.258304] msm_pcie_get_resources: PCIe: RC0 can't get tcsr resource.
Jan 31 16:02:00 (none) vmunix: [    0.259320] ipa ipa3_smp2p_probe:8943 fail to get smp2p clk resp bit -517
Jan 31 16:02:00 (none) vmunix: [    0.260624] clocksource: Switched to clocksource arch_sys_counter
Jan 31 16:02:00 (none) vmunix: [    0.322980] hw_id_probe: hw_id=3 gpio_0=103 gpio_1=104 gpio_2=105
Jan 31 16:02:00 (none) vmunix: [    0.323527] NET: Registered protocol family 2
Jan 31 16:02:00 (none) vmunix: [    0.324409] TCP established hash table entries: 8192 (order: 3, 32768 bytes)
Jan 31 16:02:00 (none) vmunix: [    0.324475] TCP bind hash table entries: 8192 (order: 3, 32768 bytes)
Jan 31 16:02:00 (none) vmunix: [    0.324522] TCP: Hash tables configured (established 8192 bind 8192)
Jan 31 16:02:00 (none) vmunix: [    0.324668] UDP hash table entries: 512 (order: 1, 8192 bytes)
Jan 31 16:02:00 (none) vmunix: [    0.324694] UDP-Lite hash table entries: 512 (order: 1, 8192 bytes)
Jan 31 16:02:00 (none) vmunix: [    0.324945] NET: Registered protocol family 1
Jan 31 16:02:00 (none) vmunix: [    0.324995] PCI: CLS 0 bytes, default 64
Jan 31 16:02:00 (none) vmunix: [    0.325666] ipa ipa3_smp2p_probe:8943 fail to get smp2p clk resp bit -517
Jan 31 16:02:00 (none) vmunix: [    0.327915] hw perfevents: enabled with armv7_cortex_a7 PMU driver, 5 counters available
Jan 31 16:02:00 (none) vmunix: [    0.329592] audit: initializing netlink subsys (disabled)
Jan 31 16:02:00 (none) vmunix: [    0.334988] audit: type=2000 audit(0.319:1): state=initialized audit_enabled=0 res=1
Jan 31 16:02:00 (none) vmunix: [    0.335185] workingset: timestamp_bits=29 max_order=18 bucket_order=0
Jan 31 16:02:00 (none) vmunix: [    0.340515] SELinux:  Registering netfilter hooks
Jan 31 16:02:00 (none) vmunix: [    0.347280] bounce: pool size: 64 pages
Jan 31 16:02:00 (none) vmunix: [    0.347464] Block layer SCSI generic (bsg) driver version 0.4 loaded (major 241)
Jan 31 16:02:00 (none) vmunix: [    0.347477] io scheduler noop registered
Jan 31 16:02:00 (none) vmunix: [    0.347484] io scheduler deadline registered
Jan 31 16:02:00 (none) vmunix: [    0.347766] io scheduler cfq registered (default)
Jan 31 16:02:00 (none) vmunix: [    0.347781] io scheduler mq-deadline registered
Jan 31 16:02:00 (none) vmunix: [    0.347787] io scheduler kyber registered
Jan 31 16:02:00 (none) vmunix: [    0.364072] qcom-sps-dma 804000.qcom,sps-dma: dma_async_device_register: device has no channels!
Jan 31 16:02:00 (none) vmunix: [    0.367102] qcom_smp2p: probe of 17811008.qcom,smp2p-modem failed with error -22
Jan 31 16:02:00 (none) vmunix: [    0.367980] register_client_adhoc:find path.src 125 dest 512
Jan 31 16:02:00 (none) vmunix: [    0.368407] register_client_adhoc:Client handle 6 scm_pas
Jan 31 16:02:00 (none) vmunix: [    0.368753] subsys-pil-tz 4080000.qcom,mss: for modem segments only will be dumped.
Jan 31 16:02:00 (none) vmunix: [    0.370803] subsys-pil-tz soc:qcom,ipa_fws: for ipa_fws segments only will be dumped.
Jan 31 16:02:00 (none) vmunix: [    0.381689] msm_serial 831000.serial: msm_serial: detected port #0
Jan 31 16:02:00 (none) vmunix: [    0.381766] msm_serial 831000.serial: uartclk = 1843200
Jan 31 16:02:00 (none) vmunix: [    0.381859] 831000.serial: ttyMSM0 at MMIO 0x831000 (irq = 25, base_baud = 115200) is a MSM
Jan 31 16:02:00 (none) vmunix: [    0.381997] msm_serial: console setup on port #0
Jan 31 16:02:00 (none) vmunix: [    1.803007] console [ttyMSM0] enabled
Jan 31 16:02:00 (none) vmunix: [    1.808980] msm_serial: driver initialized
Jan 31 16:02:00 (none) vmunix: [    1.812884] uart_tx_gpio is not available
Jan 31 16:02:00 (none) vmunix: [    1.815327] uart_rx_gpio is not available
Jan 31 16:02:00 (none) vmunix: [    1.819397] uart_cts_gpio is not available
Jan 31 16:02:00 (none) vmunix: [    1.823497] uart_rfr_gpio is not available
Jan 31 16:02:00 (none) vmunix: [    1.827758] register_client_adhoc:find path.src 86 dest 512
Jan 31 16:02:00 (none) vmunix: [    1.828240] register_client_adhoc:Client handle 7 buart2b
Jan 31 16:02:00 (none) vmunix: [    1.831960] sps: BAM device 0x00804000 is not registered yet.
Jan 31 16:02:00 (none) vmunix: [    1.843045] sps:BAM 0x00804000 is registered.
Jan 31 16:02:00 (none) vmunix: [    1.845319] 830000.uartb: ttyHS0 at MMIO 0x830000 (irq = 64, base_baud = 460800) is a MSM HS UART
Jan 31 16:02:00 (none) vmunix: [    1.855200] register_client_adhoc:find path.src 1 dest 618
Jan 31 16:02:00 (none) vmunix: [    1.855491] register_client_adhoc:Client handle 8 msm-rng-noc
Jan 31 16:02:00 (none) vmunix: [    1.864430] random: fast init done
Jan 31 16:02:00 (none) vmunix: [    1.876039] diag: Pcie registration initiated for id: 0
Jan 31 16:02:00 (none) vmunix: [    1.876369] ------------[ cut here ]------------
Jan 31 16:02:00 (none) vmunix: [    1.881290] WARNING: CPU: 0 PID: 1 at ../drivers/platform/msm/mhi_dev/mhi.c:4004 mhi_register_state_cb+0x1ec/0x1f4
Jan 31 16:02:00 (none) vmunix: [    1.885985] Modules linked in:
Jan 31 16:02:00 (none) vmunix: [    1.897004] random: crng init done
Jan 31 16:02:00 (none) vmunix: [    1.899328] CPU: 0 PID: 1 Comm: swapper Not tainted 4.14.206-perf #1
Jan 31 16:02:00 (none) vmunix: [    1.902926] Hardware name: Qualcomm Technologies, Inc. SDXPRAIRIE (Flattened Device Tree)
Jan 31 16:02:00 (none) vmunix: [    1.910706] [<c010f44c>] (unwind_backtrace) from [<c010c078>] (show_stack+0x10/0x14)
Jan 31 16:02:00 (none) vmunix: [    1.917128] [<c010c078>] (show_stack) from [<c0120b30>] (__warn+0xb8/0x100)
Jan 31 16:02:00 (none) vmunix: [    1.924989] [<c0120b30>] (__warn) from [<c0120c5c>] (warn_slowpath_null+0x20/0x28)
Jan 31 16:02:00 (none) vmunix: [    1.931639] [<c0120c5c>] (warn_slowpath_null) from [<c0a36a94>] (mhi_register_state_cb+0x1ec/0x1f4)
Jan 31 16:02:00 (none) vmunix: [    1.939276] [<c0a36a94>] (mhi_register_state_cb) from [<c0557618>] (diag_pcie_register+0x248/0x32c)
Jan 31 16:02:00 (none) vmunix: [    1.948243] [<c0557618>] (diag_pcie_register) from [<c054438c>] (diag_pcie_register_ops+0x84/0xbc)
Jan 31 16:02:00 (none) vmunix: [    1.957264] [<c054438c>] (diag_pcie_register_ops) from [<c0544460>] (diag_mux_register+0x34/0xd0)
Jan 31 16:02:00 (none) vmunix: [    1.966289] [<c0544460>] (diag_mux_register) from [<c053cf20>] (diagfwd_init+0x42c/0x570)
Jan 31 16:02:00 (none) vmunix: [    1.975223] [<c053cf20>] (diagfwd_init) from [<c123445c>] (diagchar_init+0x6e4/0x9a8)
Jan 31 16:02:00 (none) vmunix: [    1.983376] [<c123445c>] (diagchar_init) from [<c0101ba8>] (do_one_initcall+0x114/0x200)
Jan 31 16:02:00 (none) vmunix: [    1.991200] [<c0101ba8>] (do_one_initcall) from [<c1201088>] (kernel_init_freeable+0x134/0x1d0)
Jan 31 16:02:00 (none) vmunix: [    1.999338] [<c1201088>] (kernel_init_freeable) from [<c0ce33cc>] (kernel_init+0x8/0x128)
Jan 31 16:02:00 (none) vmunix: [    2.007776] [<c0ce33cc>] (kernel_init) from [<c0107ec8>] (ret_from_fork+0x14/0x2c)
Jan 31 16:02:00 (none) vmunix: [    2.016100] ---[ end trace 1c64f4d6efbbbcf6 ]---
Jan 31 16:02:00 (none) vmunix: [    2.023693] diag: diag_pcie_register: failed registering pcie channels
Jan 31 16:02:00 (none) vmunix: [    2.028294] diag: MUX: unable to register pcie operations for proc: 0, err: -6
Jan 31 16:02:00 (none) vmunix: [    2.034721] diag: MUX: unable to register PCIe operations, continuing with USB registrations for proc: 0, err: -6
Jan 31 16:02:00 (none) vmunix: [    2.050518] diag: Unable to register with PCIE, id: 1
Jan 31 16:02:00 (none) vmunix: [    2.052148] diag: MUX: unable to register pcie operations for proc: 1, err: -5
Jan 31 16:02:00 (none) vmunix: [    2.057211] diag: MUX: unable to register PCIe operations, continuing with USB registrations for proc: 1, err: -5
Jan 31 16:02:00 (none) vmunix: [    2.066516] iommu: Adding device soc:apps_iommu_test_device to group 3
Jan 31 16:02:00 (none) vmunix: [    2.088079] brd: module loaded
Jan 31 16:02:00 (none) vmunix: [    2.097819] loop: module loaded
Jan 31 16:02:00 (none) vmunix: [    2.098503] zram: Added device: zram0
Jan 31 16:02:00 (none) vmunix: [    2.101123] QSEECOM: qseecom_probe: qseecom.qsee_version = 0x1402000
Jan 31 16:02:00 (none) vmunix: [    2.103727] QSEECOM: qseecom_retrieve_ce_data: Device does not support PFE/FDE
Jan 31 16:02:00 (none) vmunix: [    2.103740] QSEECOM: qseecom_probe: no-clock-support=0x1
Jan 31 16:02:00 (none) vmunix: [    2.110321] QSEECOM: qseecom_probe: qseecom.qsee_reentrancy_support = 2
Jan 31 16:02:00 (none) vmunix: [    2.122724] QSEECOM: qseecom_probe: secure app region addr=0x90000000 size=0x500000
Jan 31 16:02:00 (none) vmunix: [    2.125373] QSEECOM: qseecom_probe: qseecom.whitelist_support = 1
Jan 31 16:02:00 (none) vmunix: [    2.138954] nvtl_buzzer: pwm_buzzer_probe[170]: Buzzer probe success
Jan 31 16:02:00 (none) vmunix: [    2.143449] SCSI Media Changer driver v0.25 
Jan 31 16:02:00 (none) vmunix: [    2.150709] register_client_adhoc:find path.src 91 dest 512
Jan 31 16:02:00 (none) vmunix: [    2.151162] register_client_adhoc:Client handle 9 qpic_nand
Jan 31 16:02:00 (none) vmunix: [    2.155011] sps: BAM device 0x01b04000 is not registered yet.
Jan 31 16:02:00 (none) vmunix: [    2.164894] sps:BAM 0x01b04000 is registered.
Jan 31 16:02:00 (none) vmunix: [    2.164908] msm_nand_bam_init: msm_nand_bam_init: BAM device registered: bam_handle 0xec64ce00
Jan 31 16:02:00 (none) vmunix: [    2.175102] sps:BAM 0x01b04000 (va:0xf1760000) enabled: ver:0x19, number of pipes:9
Jan 31 16:02:00 (none) vmunix: [    2.183873] msm_nand_version_check: nand_major:2, nand_minor:0, qpic_major:2, qpic_minor:0
Jan 31 16:02:00 (none) vmunix: [    2.190941] msm_nand_parse_smem_ptable: Parsing partition table info from SMEM
Jan 31 16:02:00 (none) vmunix: [    2.199120] msm_nand_parse_smem_ptable: SMEM partition table found: ver: 4 len: 28
Jan 31 16:02:00 (none) vmunix: [    2.206267] msm_nand_version_check: nand_major:2, nand_minor:0, qpic_major:2, qpic_minor:0
Jan 31 16:02:00 (none) vmunix: [    2.214332] msm_nand_flash_onfi_probe: Found an ONFI compliant device MT29F8G08ADBFA      ,
Jan 31 16:02:00 (none) vmunix: [    2.222022] msm_nand_scan: NAND Id: 0x26d0a32c Buswidth: 8Bits Density: 1024 MByte
Jan 31 16:02:00 (none) vmunix: [    2.230256] msm_nand_scan: pagesize: 4096 Erasesize: 262144 oobsize: 256 (in Bytes)
Jan 31 16:02:00 (none) vmunix: [    2.237871] msm_nand_scan: BCH ECC: 8 Bit
Jan 31 16:02:00 (none) vmunix: [    2.245423] msm_nand_scan: CFG0: 0x290409c0,           CFG1: 0x08045d5c
Jan 31 16:02:00 (none) vmunix: [    2.245423]             RAWCFG0: 0x2b8401c0,        RAWCFG1: 0x0005055d
Jan 31 16:02:00 (none) vmunix: [    2.245423]           ECCBUFCFG: 0x00000203,      ECCBCHCFG: 0x42040d10
Jan 31 16:02:00 (none) vmunix: [    2.245423]           RAWECCCFG: 0x42000d11, BAD BLOCK BYTE: 0x00000175
Jan 31 16:02:00 (none) vmunix: [    2.253549] Creating 28 MTD partitions on "1b00000.nand":
Jan 31 16:02:00 (none) vmunix: [    2.275824] 0x000000000000-0x000000280000 : "sbl"
Jan 31 16:02:00 (none) vmunix: [    2.282793] 0x000000280000-0x000000500000 : "mibib"
Jan 31 16:02:00 (none) vmunix: [    2.286960] 0x000000500000-0x000001a00000 : "efs2"
Jan 31 16:02:00 (none) vmunix: [    2.291696] 0x000001a00000-0x000001bc0000 : "tz"
Jan 31 16:02:00 (none) vmunix: [    2.296436] 0x000001bc0000-0x000001cc0000 : "tz_devcfg"
Jan 31 16:02:00 (none) vmunix: [    2.301295] 0x000001cc0000-0x000001e40000 : "ddr"
Jan 31 16:02:00 (none) vmunix: [    2.306153] 0x000001e40000-0x000001f40000 : "apdp"
Jan 31 16:02:00 (none) vmunix: [    2.311174] 0x000001f40000-0x000002040000 : "xbl_config"
Jan 31 16:02:00 (none) vmunix: [    2.315675] 0x000002040000-0x000002140000 : "multi_image"
Jan 31 16:02:00 (none) vmunix: [    2.321287] 0x000002140000-0x000002240000 : "aop"
Jan 31 16:02:00 (none) vmunix: [    2.326479] 0x000002240000-0x000002340000 : "qhee"
Jan 31 16:02:00 (none) vmunix: [    2.331355] 0x000002340000-0x000002440000 : "abl"
Jan 31 16:02:00 (none) vmunix: [    2.335842] 0x000002440000-0x0000026c0000 : "uefi"
Jan 31 16:02:00 (none) vmunix: [    2.340732] 0x0000026c0000-0x000002840000 : "toolsfv"
Jan 31 16:02:00 (none) vmunix: [    2.345333] 0x000002840000-0x0000029c0000 : "loader_sti"
Jan 31 16:02:00 (none) vmunix: [    2.350532] 0x0000029c0000-0x0000036c0000 : "boot"
Jan 31 16:02:00 (none) vmunix: [    2.355813] 0x0000036c0000-0x0000037c0000 : "scrub"
Jan 31 16:02:00 (none) vmunix: [    2.360519] 0x0000037c0000-0x00000a300000 : "modem"
Jan 31 16:02:00 (none) vmunix: [    2.365256] 0x00000a300000-0x00000a4c0000 : "misc"
Jan 31 16:02:00 (none) vmunix: [    2.370027] 0x00000a4c0000-0x00000a640000 : "devinfo"
Jan 31 16:02:00 (none) vmunix: [    2.374946] 0x00000a640000-0x00000bf40000 : "recovery"
Jan 31 16:02:00 (none) vmunix: [    2.379999] 0x00000bf40000-0x00000c100000 : "fota"
Jan 31 16:02:00 (none) vmunix: [    2.385270] 0x00000c100000-0x00000ea40000 : "recoveryfs"
Jan 31 16:02:00 (none) vmunix: [    2.389780] 0x00000ea40000-0x00000eb00000 : "ipa_fw"
Jan 31 16:02:00 (none) vmunix: [    2.395381] 0x00000eb00000-0x00000ec00000 : "usb_qti"
Jan 31 16:02:00 (none) vmunix: [    2.400413] 0x00000ec00000-0x00000ed00000 : "sec"
Jan 31 16:02:00 (none) vmunix: [    2.405251] 0x00000ed00000-0x00000ee00000 : "fotacookie"
Jan 31 16:02:00 (none) vmunix: [    2.409925] 0x00000ee00000-0x000020000000 : "system"
Jan 31 16:02:00 (none) vmunix: [    2.416194] msm_nand_probe: NANDc phys addr 0x1b00000, BAM phys addr 0x1b04000, BAM IRQ 34
Jan 31 16:02:00 (none) vmunix: [    2.419443] msm_nand_probe: Allocated DMA buffer at virt_addr 0xf10fb000, phys_addr 0xbd044000
Jan 31 16:02:00 (none) vmunix: [    2.427610] msm_nand_probe: Host capabilities:0x00000000
Jan 31 16:02:00 (none) vmunix: [    2.438023] MACsec IEEE 802.1AE
Jan 31 16:02:00 (none) vmunix: [    2.442212] libphy: Fixed MDIO Bus: probed
Jan 31 16:02:00 (none) vmunix: [    2.444666] tun: Universal TUN/TAP device driver, 1.6
Jan 31 16:02:00 (none) vmunix: [    2.448939] atlantic-fwd: atlantic_fwd_7 version: 1.1.18
Jan 31 16:02:00 (none) vmunix: [    2.454303] PPP generic driver version 2.4.2
Jan 31 16:02:00 (none) vmunix: [    2.460652] cnss: cnss_probe: rc_num=0
Jan 31 16:02:00 (none) vmunix: [    2.460675] cnss: Failed to find qrtr_node_id err=-22
Jan 31 16:02:00 (none) vmunix: [    2.460684] cnss: Probing platform driver from single DT
Jan 31 16:02:00 (none) vmunix: [    2.460692] cnss: set_wlaon_pwr_ctrl is 1
Jan 31 16:02:00 (none) vmunix: [    2.460983] cnss: Got regulator: vdd-wlan-aon, min_uv: 950000, max_uv: 950000, load_ua: 0, delay_us: 0
Jan 31 16:02:00 (none) vmunix: [    2.461249] cnss: Regulator vdd-wlan-aon is being enabled
Jan 31 16:02:00 (none) vmunix: [    2.462770] msm_pcie_enable: PCIe: Assert the reset of endpoint of RC0.
Jan 31 16:02:00 (none) vmunix: [    2.468143] msm_pcie_enable: PCIe: RC0: PCIE20_PARF_INT_ALL_MASK: 0x7f80c202
Jan 31 16:02:00 (none) vmunix: [    2.472330] msm_pcie_enable: PCIe RC0 PHY is ready!
Jan 31 16:02:00 (none) vmunix: [    2.486970] msm_pcie_enable: PCIe: Release the reset of endpoint of RC0.
Jan 31 16:02:00 (none) vmunix: [    2.513822] msm_pcie_enable: PCIe RC0 link initialized
Jan 31 16:02:00 (none) vmunix: [    2.514602] OF: PCI: host bridge /soc/qcom,pcie@1c00000 ranges:
Jan 31 16:02:00 (none) vmunix: [    2.517963] OF: PCI:   No bus range found for /soc/qcom,pcie@1c00000, using [bus 00-ff]
Jan 31 16:02:00 (none) vmunix: [    2.523863] OF: PCI:    IO 0x40200000..0x402fffff -> 0x40200000
Jan 31 16:02:00 (none) vmunix: [    2.531769] OF: PCI:   MEM 0x40300000..0x7fffffff -> 0x40300000
Jan 31 16:02:00 (none) vmunix: [    2.537713] pci-msm 1c00000.qcom,pcie: MSI: synopsys controller is present
Jan 31 16:02:00 (none) vmunix: [    2.544041] pci-msm 1c00000.qcom,pcie: PCI host bridge to bus 0000:00
Jan 31 16:02:00 (none) vmunix: [    2.550556] pci_bus 0000:00: root bus resource [bus 00-ff]
Jan 31 16:02:00 (none) vmunix: [    2.556993] pci_bus 0000:00: root bus resource [io  0x0000-0xfffff] (bus address [0x40200000-0x402fffff])
Jan 31 16:02:00 (none) vmunix: [    2.562454] pci_bus 0000:00: root bus resource [mem 0x40300000-0x7fffffff]
Jan 31 16:02:00 (none) vmunix: [    2.572164] pci 0000:00:00.0: [17cb:010c] type 01 class 0x060400
Jan 31 16:02:00 (none) vmunix: [    2.572356] pci 0000:00:00.0: reg 0x10: [mem 0x00000000-0x00000fff 64bit]
Jan 31 16:02:00 (none) vmunix: [    2.572749] pci 0000:00:00.0: PME# supported from D0 D3hot D3cold
Jan 31 16:02:00 (none) vmunix: [    2.573230] PCI: bus0: Fast back to back transfers disabled
Jan 31 16:02:00 (none) vmunix: [    2.578792] pci 0000:00:00.0: bridge configuration invalid ([bus 00-00]), reconfiguring
Jan 31 16:02:00 (none) vmunix: [    2.584758] pci 0000:01:00.0: [17cb:1101] type 00 class 0xff0000
Jan 31 16:02:00 (none) vmunix: [    2.584965] pci 0000:01:00.0: reg 0x10: [mem 0x00000000-0x000fffff 64bit]
Jan 31 16:02:00 (none) vmunix: [    2.585207] pci 0000:01:00.0: can't set Max Payload Size to 256; if necessary, use "pci=pcie_bus_safe" and report a bug
Jan 31 16:02:00 (none) vmunix: [    2.592708] pci 0000:01:00.0: PME# supported from D0 D3hot D3cold
Jan 31 16:02:00 (none) vmunix: [    2.593046] PCI: bus1: Fast back to back transfers disabled
Jan 31 16:02:00 (none) vmunix: [    2.603044] pci_bus 0000:01: busn_res: [bus 01-ff] end is updated to 01
Jan 31 16:02:00 (none) vmunix: [    2.603149] pci 0000:00:00.0: bridge window [io  0x1000-0x0fff] to [bus 01] add_size 1000
Jan 31 16:02:00 (none) vmunix: [    2.603164] pci 0000:00:00.0: bridge window [mem 0x00100000-0x000fffff 64bit pref] to [bus 01] add_size 200000 add_align 100000
Jan 31 16:02:00 (none) vmunix: [    2.603174] pci 0000:00:00.0: bridge window [mem 0x00100000-0x001fffff] to [bus 01] add_size 200000 add_align 100000
Jan 31 16:02:00 (none) vmunix: [    2.603227] pci 0000:00:00.0: BAR 8: assigned [mem 0x40300000-0x405fffff]
Jan 31 16:02:00 (none) vmunix: [    2.608571] pci 0000:00:00.0: BAR 9: assigned [mem 0x40600000-0x407fffff 64bit pref]
Jan 31 16:02:00 (none) vmunix: [    2.615572] pci 0000:00:00.0: BAR 0: assigned [mem 0x40800000-0x40800fff 64bit]
Jan 31 16:02:00 (none) vmunix: [    2.623409] pci 0000:00:00.0: BAR 7: assigned [io  0x1000-0x1fff]
Jan 31 16:02:00 (none) vmunix: [    2.630392] pci 0000:01:00.0: BAR 0: assigned [mem 0x40300000-0x403fffff 64bit]
Jan 31 16:02:00 (none) vmunix: [    2.636679] pci 0000:00:00.0: PCI bridge to [bus 01]
Jan 31 16:02:00 (none) vmunix: [    2.643734] pci 0000:00:00.0:   bridge window [io  0x1000-0x1fff]
Jan 31 16:02:00 (none) vmunix: [    2.648951] pci 0000:00:00.0:   bridge window [mem 0x40300000-0x405fffff]
Jan 31 16:02:00 (none) vmunix: [    2.654963] pci 0000:00:00.0:   bridge window [mem 0x40600000-0x407fffff 64bit pref]
Jan 31 16:02:00 (none) vmunix: [    2.662473] msm_pcie_enumerate: PCIe: RC0 has already been enumerated.
Jan 31 16:02:00 (none) vmunix: [    2.669800] iommu: Adding device 0000:01:00.0 to group 4
Jan 31 16:02:00 (none) vmunix: [    2.676011] cnss: PCI is probing, vendor ID: 0x17cb, device ID: 0x1101
Jan 31 16:02:00 (none) vmunix: [    2.676026] cnss: Failed to init resered mem device, err = -22
Jan 31 16:02:00 (none) vmunix: [    2.681902] cnss: subsys powerup is ignored
Jan 31 16:02:00 (none) vmunix: [    2.682032] cnss: Ramdump size 0x400000
Jan 31 16:02:00 (none) vmunix: [    2.682065] cnss2 a0000000.qcom,cnss-qca6390: for wlan segments only will be dumped.
Jan 31 16:02:00 (none) vmunix: [    2.687209] cnss: smmu_iova_start: 0xa0000000, smmu_iova_len: 268435456
Jan 31 16:02:00 (none) vmunix: [    2.687221] cnss: single dt - smmu_iova_ipa_start: 0xb0000000, smmu_iova_ipa_len: 65536
Jan 31 16:02:00 (none) vmunix: [    2.687229] cnss: DOMAIN_ATTR_GEOMETRY: 1
Jan 31 16:02:00 (none) vmunix: [    2.687233] cnss: Initializing SMMU
Jan 31 16:02:00 (none) vmunix: [    2.687244] cnss: Enabling SMMU S1 stage
Jan 31 16:02:00 (none) vmunix: [    2.688900] cnss_pci 0000:01:00.0: BAR 0: assigned [mem 0x40300000-0x403fffff 64bit]
Jan 31 16:02:00 (none) vmunix: [    2.695103] pci 0000:00:00.0: enabling device (0146 -> 0147)
Jan 31 16:02:00 (none) vmunix: [    2.702637] cnss_pci 0000:01:00.0: enabling device (0140 -> 0142)
Jan 31 16:02:00 (none) vmunix: [    2.708409] cnss: disable_l1 0
Jan 31 16:02:00 (none) vmunix: [    2.708744] cnss: Config PCIe remap window register to 0x4000003f
Jan 31 16:02:00 (none) vmunix: [    2.708764] cnss: Read register offset 0x1f8031c, val = 0x6
Jan 31 16:02:00 (none) vmunix: [    2.708782] cnss: Write val 0x2 to register offset 0x1f8031c
Jan 31 16:02:00 (none) vmunix: [    2.710161] cnss: MSI base data is 0
Jan 31 16:02:00 (none) vmunix: [    2.710176] cnss: get firmware path[] for device[0x1101]
Jan 31 16:02:00 (none) vmunix: [    2.710191] cnss: BAR starts at 0x40300000
Jan 31 16:02:00 (none) vmunix: [    2.710202] cnss: Assign MSI to user: MHI, num_vectors: 3, user_base_data: 0, base_vector: 0
Jan 31 16:02:00 (none) vmunix: [    2.710211] cnss: Number of assigned MSI for MHI is 3, base vector is 0
Jan 31 16:02:00 (none) vmunix: [    2.710219] cnss: Get IRQ number 161 for vector index 0
Jan 31 16:02:00 (none) vmunix: [    2.710225] cnss: Get IRQ number 162 for vector index 1
Jan 31 16:02:00 (none) vmunix: [    2.710230] cnss: Get IRQ number 163 for vector index 2
Jan 31 16:02:00 (none) vmunix: [    2.711524] cnss: Get device version info, family number: 0x4, device number: 0xa, major version: 0x2, minor version: 0x0
Jan 31 16:02:00 (none) vmunix: [    2.711549] cnss: get firmware path[] for device[0x1101]
Jan 31 16:02:00 (none) vmunix: [    2.711557] cnss: Firmware name is amss20.bin
Jan 31 16:02:00 (none) vmunix: [    2.711585] cnss: Config PCIe remap window register to 0x40000032
Jan 31 16:02:00 (none) vmunix: [    2.711598] cnss: Get device JTAG ID 0x301050e1
Jan 31 16:02:00 (none) vmunix: [    2.711616] cnss: Config PCIe remap window register to 0x4000003f
Jan 31 16:02:00 (none) vmunix: [    2.711633] cnss: Read register offset 0x1f8031c, val = 0x2
Jan 31 16:02:00 (none) vmunix: [    2.711649] cnss: Write val 0x3 to register offset 0x1f8031c
Jan 31 16:02:00 (none) vmunix: [    2.713726] cnss: Suspending PCI link
Jan 31 16:02:00 (none) vmunix: [    2.830823] msm_pcie_disable: PCIe: Assert the reset of endpoint of RC0.
Jan 31 16:02:00 (none) vmunix: [    2.832251] cnss: Regulator vdd-wlan-aon is being disabled
Jan 31 16:02:00 (none) vmunix: [    2.832750] AXI: get_pdata(): Error: Client name not found
Jan 31 16:02:00 (none) vmunix: [    2.836679] AXI: msm_bus_cl_get_pdata(): client has to provide missing entry for successful registration
Jan 31 16:02:00 (none) vmunix: [    2.842682] cnss: Platform driver probed successfully.
Jan 31 16:02:00 (none) vmunix: [    2.852679] usbcore: registered new interface driver asix
Jan 31 16:02:00 (none) vmunix: [    2.856641] usbcore: registered new interface driver ax88179_178a
Jan 31 16:02:00 (none) vmunix: [    2.862186] usbcore: registered new interface driver cdc_ether
Jan 31 16:02:00 (none) vmunix: [    2.868142] usbcore: registered new interface driver smsc75xx
Jan 31 16:02:00 (none) vmunix: [    2.873913] usbcore: registered new interface driver smsc95xx
Jan 31 16:02:00 (none) vmunix: [    2.879677] usbcore: registered new interface driver net1080
Jan 31 16:02:00 (none) vmunix: [    2.885469] usbcore: registered new interface driver cdc_subset
Jan 31 16:02:00 (none) vmunix: [    2.891167] usbcore: registered new interface driver zaurus
Jan 31 16:02:00 (none) vmunix: [    2.897315] usbcore: registered new interface driver cdc_ncm
Jan 31 16:02:00 (none) vmunix: [    2.906066] sd_vdd: supplied by vddpx_2
Jan 31 16:02:00 (none) vmunix: [    2.911988] iommu: Adding device a600000.ssusb to group 5
Jan 31 16:02:00 (none) vmunix: [    2.915215] dwc3 a600000.dwc3: changing max_speed on rev 00000000
Jan 31 16:02:00 (none) vmunix: [    2.922094] register_client_adhoc:find path.src 61 dest 512
Jan 31 16:02:00 (none) vmunix: [    2.922506] register_client_adhoc:find path.src 61 dest 676
Jan 31 16:02:00 (none) vmunix: [    2.923556] register_client_adhoc:find path.src 1 dest 583
Jan 31 16:02:00 (none) vmunix: [    2.928938] register_client_adhoc:Client handle 10 usb
Jan 31 16:02:00 (none) vmunix: [    2.942514] ehci_hcd: USB 2.0 'Enhanced' Host Controller (EHCI) Driver
Jan 31 16:02:00 (none) vmunix: [    2.946724] ehci-pci: EHCI PCI platform driver
Jan 31 16:02:00 (none) vmunix: [    2.953538] ehci-msm: Qualcomm On-Chip EHCI Host Controller
Jan 31 16:02:00 (none) vmunix: [    2.959479] usbcore: registered new interface driver cdc_acm
Jan 31 16:02:00 (none) vmunix: [    2.964219] cdc_acm: USB Abstract Control Model driver for USB modems and ISDN adapters
Jan 31 16:02:00 (none) vmunix: [    2.969136] usbcore: registered new interface driver usb-storage
Jan 31 16:02:00 (none) vmunix: [    2.976887] usbcore: registered new interface driver ums-alauda
Jan 31 16:02:00 (none) vmunix: [    2.983047] usbcore: registered new interface driver ums-cypress
Jan 31 16:02:00 (none) vmunix: [    2.988648] usbcore: registered new interface driver ums-datafab
Jan 31 16:02:00 (none) vmunix: [    2.994905] usbcore: registered new interface driver ums-freecom
Jan 31 16:02:00 (none) vmunix: [    3.000869] usbcore: registered new interface driver ums-isd200
Jan 31 16:02:00 (none) vmunix: [    3.006829] usbcore: registered new interface driver ums-jumpshot
Jan 31 16:02:00 (none) vmunix: [    3.012504] usbcore: registered new interface driver ums-karma
Jan 31 16:02:00 (none) vmunix: [    3.018716] usbcore: registered new interface driver ums-onetouch
Jan 31 16:02:01 (none) vmunix: [    3.024484] usbcore: registered new interface driver ums-sddr09
Jan 31 16:02:01 (none) vmunix: [    3.030655] usbcore: registered new interface driver ums-sddr55
Jan 31 16:02:01 (none) vmunix: [    3.036346] usbcore: registered new interface driver ums-usbat
Jan 31 16:02:01 (none) vmunix: [    3.042378] usbcore: registered new interface driver usbserial
Jan 31 16:02:01 (none) vmunix: [    3.048152] usbcore: registered new interface driver ftdi_sio
Jan 31 16:02:01 (none) vmunix: [    3.054011] usbserial: USB Serial support registered for FTDI USB Serial Device
Jan 31 16:02:01 (none) vmunix: [    3.059807] usbcore: registered new interface driver usb_ehset_test
Jan 31 16:02:01 (none) vmunix: [    3.066942] usbcore: registered new interface driver lvs
Jan 31 16:02:01 (none) vmunix: [    3.075093] qti_usb_gadget: probe of qcom_gadget failed with error -22
Jan 31 16:02:01 (none) vmunix: [    3.082534] qpnp-pdphy c440000.qcom,spmi:qcom,pm8150b@2:qcom,usb-pdphy@1700: usbpd_create failed: -517
Jan 31 16:02:01 (none) vmunix: [    3.087857] qcom,qpnp-rtc c440000.qcom,spmi:qcom,pmxprairie@8:qcom,rtc@6000: rtc core: registered qpnp_rtc as rtc0
Jan 31 16:02:01 (none) vmunix: [    3.095830] i2c /dev entries driver
Jan 31 16:02:01 (none) vmunix: [    3.105880] IR NEC protocol handler initialized
Jan 31 16:02:01 (none) vmunix: [    3.108000] IR RC5(x/sz) protocol handler initialized
Jan 31 16:02:01 (none) vmunix: [    3.112799] IR RC6 protocol handler initialized
Jan 31 16:02:01 (none) vmunix: [    3.117721] IR JVC protocol handler initialized
Jan 31 16:02:01 (none) vmunix: [    3.122124] IR Sony protocol handler initialized
Jan 31 16:02:01 (none) vmunix: [    3.126578] IR SANYO protocol handler initialized
Jan 31 16:02:01 (none) vmunix: [    3.131463] IR Sharp protocol handler initialized
Jan 31 16:02:01 (none) vmunix: [    3.136039] IR MCE Keyboard/mouse protocol handler initialized
Jan 31 16:02:01 (none) vmunix: [    3.140763] IR XMP protocol handler initialized
Jan 31 16:02:01 (none) vmunix: [    3.154923] (NULL device *): hwmon_device_register() is deprecated. Please convert the driver to use hwmon_device_register_with_info().
Jan 31 16:02:01 (none) vmunix: [    3.162972] FG: fg_gen4_get_batt_id: fg_gen4_get_batt_id battery_id: 7500, retries: 5 BEFORE
Jan 31 16:02:01 (none) vmunix: [    3.166039] FG: fg_gen4_get_batt_id: fg_gen4_get_batt_id battery_id: 7500, retries: 5 AFTER
Jan 31 16:02:01 (none) vmunix: [    3.174787] FG: fg_gen4_probe: battery SOC:56 voltage: 3996327uV temp: 242 id: 7500 ohms
Jan 31 16:02:01 (none) vmunix: [    3.185103] Couldn't parse device tree rc=-517
Jan 31 16:02:01 (none) vmunix: [    3.191428] FG: fg_gen4_get_batt_id: fg_gen4_get_batt_id battery_id: 7500, retries: 5 BEFORE
Jan 31 16:02:01 (none) vmunix: [    3.195378] FG: fg_gen4_get_batt_id: fg_gen4_get_batt_id battery_id: 7500, retries: 5 AFTER
Jan 31 16:02:01 (none) vmunix: [    3.209784] of_batterydata_get_best_profile: No battery data found
Jan 31 16:02:01 (none) vmunix: [    3.212160] FG: fg_gen4_get_batt_profile: couldn't find profile handle
Jan 31 16:02:01 (none) vmunix: [    3.218263] FG: profile_load_work: profile for batt_id=7KOhms not found..using OTP, rc:-61
Jan 31 16:02:01 (none) vmunix: [    3.234544] softdog: initialized. soft_noboot=0 soft_margin=60 sec soft_panic=0 (nowayout=0)
Jan 31 16:02:01 (none) vmunix: [    3.235797] bt_dt_parse_vreg_info: qca,bt-vdd-vl: is not provided in device tree
Jan 31 16:02:01 (none) vmunix: [    3.242688] FG: fg_psy_get_property: unsupported property 4
Jan 31 16:02:01 (none) vmunix: [    3.249876] bt_dt_parse_vreg_info: qca,bt-vdd-vm: is not provided in device tree
Jan 31 16:02:01 (none) vmunix: [    3.255079] bt_dt_parse_vreg_info: qca,bt-vdd-5c: is not provided in device tree
Jan 31 16:02:01 (none) vmunix: [    3.262684] bt_dt_parse_vreg_info: qca,bt-vdd-5a: is not provided in device tree
Jan 31 16:02:01 (none) vmunix: [    3.270085] bt_dt_parse_vreg_info: qca,bt-vdd-vh: is not provided in device tree
Jan 31 16:02:01 (none) vmunix: [    3.277462] bt_dt_parse_vreg_info: qca,bt-vdd-io: is not provided in device tree
Jan 31 16:02:01 (none) vmunix: [    3.284814] bt_dt_parse_vreg_info: qca,bt-vdd-xtal: is not provided in device tree
Jan 31 16:02:01 (none) vmunix: [    3.292196] bt_dt_parse_vreg_info: qca,bt-vdd-pa: is not provided in device tree
Jan 31 16:02:01 (none) vmunix: [    3.299562] bt_dt_parse_vreg_info: qca,bt-vdd-ldo: is not provided in device tree
Jan 31 16:02:01 (none) vmunix: [    3.307162] bt_dt_parse_vreg_info: qca,bt-chip-pwd: is not provided in device tree
Jan 31 16:02:01 (none) vmunix: [    3.314497] bt_dt_parse_vreg_info: qca,bt-vdd-s5: is not provided in device tree
Jan 31 16:02:01 (none) vmunix: [    3.321980] bt_power_populate_dt_pinfo: bt-swctrl-gpio not entered in devicetree
Jan 31 16:02:01 (none) vmunix: [    3.329520] bt_power_populate_dt_pinfo: bt-3P3-gpio not provided in devicetree
Jan 31 16:02:01 (none) vmunix: [    3.336899] bt_power_populate_dt_pinfo: bt-1P3-gpio not provided in devicetree
Jan 31 16:02:01 (none) vmunix: [    3.343999] bt_dt_parse_clk_info: clocks is not provided in device tree
Jan 31 16:02:01 (none) vmunix: [    3.351118] bt_power_populate_dt_pinfo: clock not provided in device tree
Jan 31 16:02:01 (none) vmunix: [    3.365013] tz_log 1468f720.tz-log: Hyp log service is not supported
Jan 31 16:02:01 (none) vmunix: [    3.367350] usbcore: registered new interface driver usbhid
Jan 31 16:02:01 (none) vmunix: [    3.370933] usbhid: USB HID core driver
Jan 31 16:02:01 (none) vmunix: [    3.376974] ipa_ut ipa_ut_module_init:1045 Loading IPA test module...
Jan 31 16:02:01 (none) vmunix: [    3.381941] register_client_adhoc:find path.src 1 dest 627
Jan 31 16:02:01 (none) vmunix: [    3.382197] register_client_adhoc:Client handle 10 soc:qcom,snoc_pcnoc_keepalive
Jan 31 16:02:01 (none) vmunix: [    3.387765] register_client_adhoc:find path.src 1 dest 512
Jan 31 16:02:01 (none) vmunix: [    3.392237] register_client_adhoc:Client handle 11 soc:qcom,ddr_keepalive
Jan 31 16:02:01 (none) vmunix: [    3.401094] register_client_adhoc:find path.src 1 dest 512
Jan 31 16:02:01 (none) vmunix: [    3.404966] register_client_adhoc:Client handle 12 soc:qcom,cpubw
Jan 31 16:02:01 (none) vmunix: [    3.415297] coresight-tmc 6b09000.tmc: invalid cti data
Jan 31 16:02:01 (none) vmunix: [    3.423263] coresight-tmc 6048000.tmc: failed to get flush cti, defer probe
Jan 31 16:02:01 (none) vmunix: [    3.428938] coresight-dynamic-funnel 6045000.funnel: FUNNEL initialized
Jan 31 16:02:01 (none) vmunix: [    3.435446] coresight-dynamic-funnel 6b08000.funnel: FUNNEL initialized
Jan 31 16:02:01 (none) vmunix: [    3.441998] coresight-dynamic-funnel 6005000.funnel: FUNNEL initialized
Jan 31 16:02:01 (none) vmunix: [    3.448531] coresight-dynamic-funnel 6041000.funnel: FUNNEL initialized
Jan 31 16:02:01 (none) vmunix: [    3.455195] coresight-dynamic-funnel 6042000.funnel: FUNNEL initialized
Jan 31 16:02:01 (none) vmunix: [    3.461796] coresight-dynamic-funnel 6804000.funnel: FUNNEL initialized
Jan 31 16:02:01 (none) vmunix: [    3.468323] coresight-dynamic-funnel 680c000.funnel: FUNNEL initialized
Jan 31 16:02:01 (none) vmunix: [    3.474979] coresight-dynamic-funnel 680a000.funnel: FUNNEL initialized
Jan 31 16:02:01 (none) vmunix: [    3.481557] coresight-dynamic-funnel 69e2000.funnel: FUNNEL initialized
Jan 31 16:02:01 (none) vmunix: [    3.489487] coresight-stm 6002000.stm: stm_register_device failed, probing deffered
Jan 31 16:02:01 (none) vmunix: [    3.504295] coresight-csr 6001000.csr: CSR initialized: coresight-csr
Jan 31 16:02:01 (none) vmunix: [    3.504491] coresight-csr 6b0e000.csr: CSR initialized: coresight-swao-csr
Jan 31 16:02:01 (none) vmunix: [    3.510714] coresight-dummy soc:dummy_sink: Dummy device initialized
Jan 31 16:02:01 (none) vmunix: [    3.517246] coresight-remote-etm soc:modem_etm0: Remote ETM initialized
Jan 31 16:02:01 (none) vmunix: [    3.523422] coresight-remote-etm soc:modem_etm1: Remote ETM initialized
Jan 31 16:02:01 (none) vmunix: [    3.530594] Netfilter messages via NETLINK v0.30.
Jan 31 16:02:01 (none) vmunix: [    3.536120] nf_conntrack version 0.5.0 (13312 buckets, 53248 max)
Jan 31 16:02:01 (none) vmunix: [    3.541032] ctnetlink v0.93: registering with nfnetlink.
Jan 31 16:02:01 (none) vmunix: [    3.547119] xt_time: kernel timezone is -0000
Jan 31 16:02:01 (none) vmunix: [    3.552300] ip_set: protocol 6
Jan 31 16:02:01 (none) vmunix: [    3.579813] wireguard: chacha20 self-tests: pass
Jan 31 16:02:01 (none) vmunix: [    3.602830] wireguard: poly1305 self-tests: pass
Jan 31 16:02:01 (none) vmunix: [    3.604286] wireguard: chacha20poly1305 self-tests: pass
Jan 31 16:02:01 (none) vmunix: [    3.608688] wireguard: blake2s self-tests: pass
Jan 31 16:02:01 (none) vmunix: [    3.752830] wireguard: curve25519 self-tests: pass
Jan 31 16:02:01 (none) vmunix: [    3.753077] wireguard: allowedips self-tests: pass
Jan 31 16:02:01 (none) vmunix: [    3.772354] wireguard: nonce counter self-tests: pass
Jan 31 16:02:01 (none) vmunix: [    4.234636] wireguard: ratelimiter self-tests: pass
Jan 31 16:02:01 (none) vmunix: [    4.234899] wireguard: WireGuard 1.0.20210606 loaded. See www.wireguard.com for information.
Jan 31 16:02:01 (none) vmunix: [    4.238351] wireguard: Copyright (C) 2015-2019 Jason A. Donenfeld <Jason@zx2c4.com>. All Rights Reserved.
Jan 31 16:02:01 (none) vmunix: [    4.247202] ipip: IPv4 and MPLS over IPv4 tunneling driver
Jan 31 16:02:01 (none) vmunix: [    4.256862] gre: GRE over IPv4 demultiplexor driver
Jan 31 16:02:01 (none) vmunix: [    4.261892] ip_gre: GRE over IPv4 tunneling driver
Jan 31 16:02:01 (none) vmunix: [    4.267613] ip_tables: (C) 2000-2006 Netfilter Core Team
Jan 31 16:02:01 (none) vmunix: [    4.271939] arp_tables: arp_tables: (C) 2002 David S. Miller
Jan 31 16:02:01 (none) vmunix: [    4.277356] NET: Registered protocol family 10
Jan 31 16:02:01 (none) vmunix: [    4.283703] Segment Routing with IPv6
Jan 31 16:02:01 (none) vmunix: [    4.286918] ip6_tables: (C) 2000-2006 Netfilter Core Team
Jan 31 16:02:01 (none) vmunix: [    4.291044] sit: IPv6, IPv4 and MPLS over IPv4 tunneling driver
Jan 31 16:02:01 (none) vmunix: [    4.296844] ip6_gre: GRE over IPv6 tunneling driver
Jan 31 16:02:01 (none) vmunix: [    4.302200] NET: Registered protocol family 17
Jan 31 16:02:01 (none) vmunix: [    4.306619] Bridge firewalling registered
Jan 31 16:02:01 (none) vmunix: [    4.311148] Ebtables v2.0 registered
Jan 31 16:02:01 (none) vmunix: [    4.315351] 8021q: 802.1Q VLAN Support v1.8
Jan 31 16:02:01 (none) vmunix: [    4.319173] ------------[ cut here ]------------
Jan 31 16:02:01 (none) vmunix: [    4.322809] WARNING: CPU: 0 PID: 1 at ../drivers/platform/msm/mhi_dev/mhi.c:4004 mhi_register_state_cb+0x1ec/0x1f4
Jan 31 16:02:01 (none) vmunix: [    4.327594] Modules linked in:
Jan 31 16:02:01 (none) vmunix: [    4.337763] CPU: 0 PID: 1 Comm: swapper Tainted: G        W       4.14.206-perf #1
Jan 31 16:02:01 (none) vmunix: [    4.340804] Hardware name: Qualcomm Technologies, Inc. SDXPRAIRIE (Flattened Device Tree)
Jan 31 16:02:01 (none) vmunix: [    4.348349] [<c010f44c>] (unwind_backtrace) from [<c010c078>] (show_stack+0x10/0x14)
Jan 31 16:02:01 (none) vmunix: [    4.356602] [<c010c078>] (show_stack) from [<c0120b30>] (__warn+0xb8/0x100)
Jan 31 16:02:01 (none) vmunix: [    4.364405] [<c0120b30>] (__warn) from [<c0120c5c>] (warn_slowpath_null+0x20/0x28)
Jan 31 16:02:01 (none) vmunix: [    4.371090] [<c0120c5c>] (warn_slowpath_null) from [<c0a36a94>] (mhi_register_state_cb+0x1ec/0x1f4)
Jan 31 16:02:01 (none) vmunix: [    4.378726] [<c0a36a94>] (mhi_register_state_cb) from [<c0ccc4a4>] (qrtr_mhi_dev_probe+0x120/0x178)
Jan 31 16:02:01 (none) vmunix: [    4.387679] [<c0ccc4a4>] (qrtr_mhi_dev_probe) from [<c057dc58>] (platform_drv_probe+0x58/0xa4)
Jan 31 16:02:01 (none) vmunix: [    4.396705] [<c057dc58>] (platform_drv_probe) from [<c057b3d4>] (driver_probe_device+0x1a0/0x480)
Jan 31 16:02:01 (none) vmunix: [    4.405385] [<c057b3d4>] (driver_probe_device) from [<c057b948>] (__driver_attach+0xa0/0x118)
Jan 31 16:02:01 (none) vmunix: [    4.414324] [<c057b948>] (__driver_attach) from [<c0579788>] (bus_for_each_dev+0x8c/0xc4)
Jan 31 16:02:01 (none) vmunix: [    4.422830] [<c0579788>] (bus_for_each_dev) from [<c0579ed0>] (bus_add_driver+0x140/0x268)
Jan 31 16:02:01 (none) vmunix: [    4.430988] [<c0579ed0>] (bus_add_driver) from [<c057c9a0>] (driver_register+0x98/0xe8)
Jan 31 16:02:01 (none) vmunix: [    4.439136] [<c057c9a0>] (driver_register) from [<c0101ba8>] (do_one_initcall+0x114/0x200)
Jan 31 16:02:01 (none) vmunix: [    4.447051] [<c0101ba8>] (do_one_initcall) from [<c1201088>] (kernel_init_freeable+0x134/0x1d0)
Jan 31 16:02:01 (none) vmunix: [    4.455385] [<c1201088>] (kernel_init_freeable) from [<c0ce33cc>] (kernel_init+0x8/0x128)
Jan 31 16:02:01 (none) vmunix: [    4.463978] [<c0ce33cc>] (kernel_init) from [<c0107ec8>] (ret_from_fork+0x14/0x2c)
Jan 31 16:02:01 (none) vmunix: [    4.472300] ---[ end trace 1c64f4d6efbbbcf7 ]---
Jan 31 16:02:01 (none) vmunix: [    4.482697] dwc3 a600000.dwc3: changing max_speed on rev 00000000
Jan 31 16:02:01 (none) vmunix: [    4.488053] register_client_adhoc:find path.src 61 dest 512
Jan 31 16:02:01 (none) vmunix: [    4.488368] register_client_adhoc:find path.src 61 dest 676
Jan 31 16:02:01 (none) vmunix: [    4.490722] register_client_adhoc:find path.src 1 dest 583
Jan 31 16:02:01 (none) vmunix: [    4.496043] register_client_adhoc:Client handle 13 usb
Jan 31 16:02:01 (none) vmunix: [    4.501512] usb_bam_init: setting SPS_BAM_SMMU_EN flag with (a704000.qcom,usbbam)
Jan 31 16:02:01 (none) vmunix: [    4.512470] sps:BAM 0x0a704000 is registered.
Jan 31 16:02:01 (none) vmunix: [    4.516527] ipa_rm ipa_rm_delete_resource:146 IPA RM was not initialized
Jan 31 16:02:01 (none) vmunix: [    4.524129] usb_bam_ipa_delete_resources: Failed to delete USB_PROD resource
Jan 31 16:02:01 (none) vmunix: [    4.530837] ipa_rm ipa_rm_delete_resource:146 IPA RM was not initialized
Jan 31 16:02:01 (none) vmunix: [    4.537825] usb_bam_ipa_delete_resources: Failed to delete USB_CONS resource
Jan 31 16:02:01 (none) vmunix: [    4.547311] qpnp-pdphy c440000.qcom,spmi:qcom,pm8150b@2:qcom,usb-pdphy@1700: usbpd_create failed: -517
Jan 31 16:02:01 (none) vmunix: [    4.555112] (NULL device *): hwmon_device_register() is deprecated. Please convert the driver to use hwmon_device_register_with_info().
Jan 31 16:02:01 (none) vmunix: [    4.560965] Input suspended: Fake battery
Jan 31 16:02:01 (none) vmunix: [    4.573030] typec_usb_send_mifi_pwr_event: event = 121 and prev_event=-1
Jan 31 16:02:01 (none) vmunix: [    4.582922] smblib_send_chg_det_event: UNKNOWN detected, pd_active 0, apsd_result->pst 0, typec_mode : 0 
Jan 31 16:02:01 (none) vmunix: [    4.587508] of_batterydata_get_best_profile: No battery data found
Jan 31 16:02:01 (none) vmunix: [    4.595057] pm8150b_charger: jeita_update_work: Incorrect fastchg-current-ma or max-voltage-uv
Jan 31 16:02:01 (none) vmunix: [    4.606015] SMB5 status - usb:present=0 type=0 batt:present = 1 health = 1 charge = 1
Jan 31 16:02:01 (none) vmunix: [    4.607901] QPNP SMB5 probed successfully
Jan 31 16:02:01 (none) vmunix: [    4.630518] coresight-tmc 6b09000.tmc: invalid cti data
Jan 31 16:02:01 (none) vmunix: [    4.633575] ------------[ cut here ]------------
Jan 31 16:02:01 (none) vmunix: [    4.634747] WARNING: CPU: 0 PID: 199 at ../drivers/platform/msm/mhi_dev/mhi.c:4004 mhi_register_state_cb+0x1ec/0x1f4
Jan 31 16:02:01 (none) vmunix: [    4.639584] Modules linked in:
Jan 31 16:02:01 (none) vmunix: [    4.650102] CPU: 0 PID: 199 Comm: kworker/0:2 Tainted: G        W       4.14.206-perf #1
Jan 31 16:02:01 (none) vmunix: [    4.652925] Hardware name: Qualcomm Technologies, Inc. SDXPRAIRIE (Flattened Device Tree)
Jan 31 16:02:01 (none) vmunix: [    4.661149] Workqueue: events deferred_probe_work_func
Jan 31 16:02:01 (none) vmunix: [    4.669191] [<c010f44c>] (unwind_backtrace) from [<c010c078>] (show_stack+0x10/0x14)
Jan 31 16:02:01 (none) vmunix: [    4.674431] [<c010c078>] (show_stack) from [<c0120b30>] (__warn+0xb8/0x100)
Jan 31 16:02:01 (none) vmunix: [    4.682373] [<c0120b30>] (__warn) from [<c0120c5c>] (warn_slowpath_null+0x20/0x28)
Jan 31 16:02:01 (none) vmunix: [    4.688848] [<c0120c5c>] (warn_slowpath_null) from [<c0a36a94>] (mhi_register_state_cb+0x1ec/0x1f4)
Jan 31 16:02:01 (none) vmunix: [    4.696415] [<c0a36a94>] (mhi_register_state_cb) from [<c0a74954>] (byte_cntr_init+0x2f8/0x300)
Jan 31 16:02:01 (none) vmunix: [    4.705346] [<c0a74954>] (byte_cntr_init) from [<c0a6ef84>] (tmc_probe+0x704/0x814)
Jan 31 16:02:01 (none) vmunix: [    4.714020] [<c0a6ef84>] (tmc_probe) from [<c04a242c>] (amba_probe+0xdc/0x14c)
Jan 31 16:02:01 (none) vmunix: [    4.721659] [<c04a242c>] (amba_probe) from [<c057b3d4>] (driver_probe_device+0x1a0/0x480)
Jan 31 16:02:01 (none) vmunix: [    4.728940] [<c057b3d4>] (driver_probe_device) from [<c0579a74>] (bus_for_each_drv+0x84/0xc4)
Jan 31 16:02:01 (none) vmunix: [    4.737199] [<c0579a74>] (bus_for_each_drv) from [<c057b7d4>] (__device_attach+0xb0/0x164)
Jan 31 16:02:01 (none) vmunix: [    4.745705] [<c057b7d4>] (__device_attach) from [<c0579c0c>] (bus_probe_device+0x2c/0x84)
Jan 31 16:02:01 (none) vmunix: [    4.753863] [<c0579c0c>] (bus_probe_device) from [<c057bd6c>] (deferred_probe_work_func+0xc4/0x168)
Jan 31 16:02:01 (none) vmunix: [    4.762116] [<c057bd6c>] (deferred_probe_work_func) from [<c013c384>] (process_one_work+0x1c4/0x490)
Jan 31 16:02:01 (none) vmunix: [    4.770969] [<c013c384>] (process_one_work) from [<c013c138>] (process_scheduled_works+0x20/0x30)
Jan 31 16:02:01 (none) vmunix: [    4.780344] [<c013c138>] (process_scheduled_works) from [<c013ca38>] (worker_thread+0x398/0x578)
Jan 31 16:02:01 (none) vmunix: [    4.789097] [<c013ca38>] (worker_thread) from [<c01411a8>] (kthread+0x144/0x148)
Jan 31 16:02:01 (none) vmunix: [    4.797962] [<c01411a8>] (kthread) from [<c0107ec8>] (ret_from_fork+0x14/0x2c)
Jan 31 16:02:01 (none) vmunix: [    4.805333] ---[ end trace 1c64f4d6efbbbcf8 ]---
Jan 31 16:02:01 (none) vmunix: [    4.812660] sps:BAM 0x06064000 is registered.
Jan 31 16:02:01 (none) vmunix: [    4.813851] coresight-stm 6002000.stm: STM32 initialized with master Disabled
Jan 31 16:02:01 (none) vmunix: [    4.823162] dwc3 a600000.dwc3: changing max_speed on rev 00000000
Jan 31 16:02:01 (none) vmunix: [    4.832113] register_client_adhoc:find path.src 61 dest 512
Jan 31 16:02:01 (none) vmunix: [    4.832431] register_client_adhoc:find path.src 61 dest 676
Jan 31 16:02:01 (none) vmunix: [    4.834713] register_client_adhoc:find path.src 1 dest 583
Jan 31 16:02:01 (none) vmunix: [    4.840123] usb_bam_init: setting SPS_BAM_SMMU_EN flag with (a704000.qcom,usbbam)
Jan 31 16:02:01 (none) vmunix: [    4.851165] register_client_adhoc:Client handle 13 usb
Jan 31 16:02:01 (none) vmunix: [    4.851745] sps:BAM 0x0a704000 is registered.
Jan 31 16:02:01 (none) vmunix: [    4.862514] ipa_rm ipa_rm_delete_resource:146 IPA RM was not initialized
Jan 31 16:02:01 (none) vmunix: [    4.868084] usb_bam_ipa_delete_resources: Failed to delete USB_PROD resource
Jan 31 16:02:01 (none) vmunix: [    4.874936] ipa_rm ipa_rm_delete_resource:146 IPA RM was not initialized
Jan 31 16:02:01 (none) vmunix: [    4.881930] usb_bam_ipa_delete_resources: Failed to delete USB_CONS resource
Jan 31 16:02:01 (none) vmunix: [    4.893534] dwc3 a600000.dwc3: changing max_speed on rev 00000000
Jan 31 16:02:01 (none) vmunix: [    4.899080] register_client_adhoc:find path.src 61 dest 512
Jan 31 16:02:01 (none) vmunix: [    4.899396] register_client_adhoc:find path.src 61 dest 676
Jan 31 16:02:01 (none) vmunix: [    4.901836] usb_bam_init: setting SPS_BAM_SMMU_EN flag with (a704000.qcom,usbbam)
Jan 31 16:02:01 (none) vmunix: [    4.912753] register_client_adhoc:find path.src 1 dest 583
Jan 31 16:02:01 (none) vmunix: [    4.912893] register_client_adhoc:Client handle 13 usb
Jan 31 16:02:01 (none) vmunix: [    4.920499] sps:BAM 0x0a704000 is registered.
Jan 31 16:02:01 (none) vmunix: [    4.940453] ubi0: attaching mtd27
Jan 31 16:02:01 (none) vmunix: [    5.000221] msm-dwc3 a600000.ssusb: DWC3 exited from low power mode
Jan 31 16:02:01 (none) vmunix: [    5.001288] msm-dwc3 a600000.ssusb: DWC3 in low power mode
Jan 31 16:02:01 (none) vmunix: [    5.192649] ubi0: scanning is finished
Jan 31 16:02:01 (none) vmunix: [    5.198904] ubi0: attached mtd27 (name "system", size 274 MiB)
Jan 31 16:02:01 (none) vmunix: [    5.198949] ubi0: PEB size: 262144 bytes (256 KiB), LEB size: 253952 bytes
Jan 31 16:02:01 (none) vmunix: [    5.203708] ubi0: min./max. I/O unit sizes: 4096/4096, sub-page size 4096
Jan 31 16:02:01 (none) vmunix: [    5.210520] ubi0: VID header offset: 4096 (aligned 4096), data offset: 8192
Jan 31 16:02:01 (none) vmunix: [    5.217364] ubi0: good PEBs: 1095, bad PEBs: 1, corrupted PEBs: 0
Jan 31 16:02:01 (none) vmunix: [    5.224144] ubi0: user volume: 1, internal volumes: 1, max. volumes count: 128
Jan 31 16:02:01 (none) vmunix: [    5.230399] ubi0: max/mean erase counter: 1708/794, WL threshold: 4096, image sequence number: 1469184680
Jan 31 16:02:01 (none) vmunix: [    5.237511] ubi0: available PEBs: 0, total reserved PEBs: 1095, PEBs reserved for bad PEB handling: 79
Jan 31 16:02:01 (none) vmunix: [    5.247169] ubi0: background thread "ubi_bgt0d" started, PID 272
Jan 31 16:02:01 (none) vmunix: [    5.257248] input: soc:gpio_keys as /devices/platform/soc:gpio_keys/input/input1
Jan 31 16:02:01 (none) vmunix: [    5.263071] qcom,qpnp-rtc c440000.qcom,spmi:qcom,pmxprairie@8:qcom,rtc@6000: setting system clock to 1970-01-31 16:01:58 UTC (2649718)
Jan 31 16:02:01 (none) vmunix: [    5.270692] cpuidle: enable-method property 'psci' found operations
Jan 31 16:02:01 (none) vmunix: [    5.282369] lpm_levels: register_cluster_lpm_stats()
Jan 31 16:02:01 (none) vmunix: [    5.289773] rmnet_ipa3 started initialization
Jan 31 16:02:01 (none) vmunix: [    5.293199] IPA SSR support = True
Jan 31 16:02:01 (none) vmunix: [    5.297382] IPA is_platform_type_msm = False
Jan 31 16:02:01 (none) vmunix: [    5.300752] IPA SG support = False
Jan 31 16:02:01 (none) vmunix: [    5.305110] IPA Napi Enable = False
Jan 31 16:02:01 (none) vmunix: [    5.308319] using default for wan-rx-desc-size = 256
Jan 31 16:02:01 (none) vmunix: [    5.313797] ipa-wan ipa3_wwan_probe:2880 rmnet_ipa completed initialization
Jan 31 16:02:01 (none) vmunix: [    5.317972] RNDIS_IPA module is loaded.
Jan 31 16:02:01 (none) vmunix: [    5.318622] msm_bus_late_init: Remove handoff bw requests
Jan 31 16:02:01 (none) vmunix: [    5.328062] emac_phy: disabling
Jan 31 16:02:01 (none) vmunix: [    5.333028] rgmii_io_pads: disabling
Jan 31 16:02:01 (none) vmunix: [    5.335948] vddpx_2: disabling
Jan 31 16:02:01 (none) vmunix: [    5.339765] vreg_conn_pa: disabling
Jan 31 16:02:01 (none) vmunix: [    5.346965] UBIFS (ubi0:0): background thread "ubifs_bgt0_0" started, PID 275
Jan 31 16:02:01 (none) vmunix: [    5.388167] UBIFS (ubi0:0): recovery needed
Jan 31 16:02:01 (none) vmunix: [    5.583078] UBIFS (ubi0:0): recovery completed
Jan 31 16:02:01 (none) vmunix: [    5.583225] UBIFS (ubi0:0): UBIFS: mounted UBI device 0, volume 0, name "rootfs"
Jan 31 16:02:01 (none) vmunix: [    5.586441] UBIFS (ubi0:0): LEB size: 253952 bytes (248 KiB), min./max. I/O unit sizes: 4096 bytes/4096 bytes
Jan 31 16:02:01 (none) vmunix: [    5.594035] UBIFS (ubi0:0): FS size: 254459904 bytes (242 MiB, 1002 LEBs), journal size 9404416 bytes (8 MiB, 38 LEBs)
Jan 31 16:02:01 (none) vmunix: [    5.603826] UBIFS (ubi0:0): reserved for root: 0 bytes (0 KiB)
Jan 31 16:02:01 (none) vmunix: [    5.614398] UBIFS (ubi0:0): media format: w4/r0 (latest is w5/r0), UUID 4DBF30BB-6EE4-424A-96B8-AFA0DBB289B5, small LPT model
Jan 31 16:02:01 (none) vmunix: [    5.622561] VFS: Mounted root (ubifs filesystem) on device 0:18.
Jan 31 16:02:01 (none) vmunix: [    5.634094] devtmpfs: mounted
Jan 31 16:02:01 (none) vmunix: [    5.638965] Freeing unused kernel memory: 1024K
Jan 31 16:02:01 (none) vmunix: [    5.870441] [MIFI_TIMESTAMP] - /etc/init.d/rcS: started
Jan 31 16:02:01 (none) vmunix: [    6.027598] set_dload_mode: on=0
Jan 31 16:02:01 (none) vmunix: [    6.226159] udevd[300]: starting version 182
Jan 31 16:02:01 (none) vmunix: [    6.560153] of_batterydata_get_best_profile: No battery data found
Jan 31 16:02:01 (none) vmunix: [    6.560203] QCOM-STEPCHG: get_step_chg_jeita_setting_from_profile: Couldn't find profile
Jan 31 16:02:01 (none) vmunix: [    7.624292] IPA is loading with non MHI configuration
Jan 31 16:02:01 (none) vmunix: [    7.650630] IPA is loading with non MHI configuration
Jan 31 16:02:01 (none) vmunix: [    7.670952] [MIFI_TIMESTAMP] - S30load_kernel_modules: started
Jan 31 16:02:01 (none) vmunix: [    7.730999] [MIFI_TIMESTAMP] - create_device_sym_links.sh: started
Jan 31 16:02:01 (none) vmunix: [    7.800351] [MIFI_TIMESTAMP] - create_device_sym_links.sh: done
Jan 31 16:02:01 (none) vmunix: [    7.808591] [MIFI_TIMESTAMP] - S30load_kernel_modules: done
Jan 31 16:02:01 (none) vmunix: [    7.865369] ubi1: attaching mtd17
Jan 31 16:02:01 (none) vmunix: [    7.961606] ubi1: scanning is finished
Jan 31 16:02:01 (none) vmunix: [    7.970002] ubi1: attached mtd17 (name "modem", size 107 MiB)
Jan 31 16:02:01 (none) vmunix: [    7.970385] ubi1: PEB size: 262144 bytes (256 KiB), LEB size: 253952 bytes
Jan 31 16:02:01 (none) vmunix: [    7.974748] ubi1: min./max. I/O unit sizes: 4096/4096, sub-page size 4096
Jan 31 16:02:01 (none) vmunix: [    7.981731] ubi1: VID header offset: 4096 (aligned 4096), data offset: 8192
Jan 31 16:02:01 (none) vmunix: [    7.988378] ubi1: good PEBs: 429, bad PEBs: 0, corrupted PEBs: 0
Jan 31 16:02:01 (none) vmunix: [    7.995366] ubi1: user volume: 1, internal volumes: 1, max. volumes count: 128
Jan 31 16:02:01 (none) vmunix: [    8.001523] ubi1: max/mean erase counter: 13/6, WL threshold: 4096, image sequence number: 1865044219
Jan 31 16:02:01 (none) vmunix: [    8.008438] ubi1: available PEBs: 0, total reserved PEBs: 429, PEBs reserved for bad PEB handling: 80
Jan 31 16:02:01 (none) vmunix: [    8.017898] ubi1: background thread "ubi_bgt1d" started, PID 379
Jan 31 16:02:01 (none) vmunix: [    8.121783] UBIFS (ubi1:0): UBIFS: mounted UBI device 1, volume 0, name "modem", R/O mode
Jan 31 16:02:01 (none) vmunix: [    8.121845] UBIFS (ubi1:0): LEB size: 253952 bytes (248 KiB), min./max. I/O unit sizes: 4096 bytes/4096 bytes
Jan 31 16:02:01 (none) vmunix: [    8.128976] UBIFS (ubi1:0): FS size: 85073920 bytes (81 MiB, 335 LEBs), journal size 9404416 bytes (8 MiB, 38 LEBs)
Jan 31 16:02:01 (none) vmunix: [    8.139246] UBIFS (ubi1:0): reserved for root: 0 bytes (0 KiB)
Jan 31 16:02:01 (none) vmunix: [    8.149268] UBIFS (ubi1:0): media format: w4/r0 (latest is w5/r0), UUID C372CDA0-9C90-4383-A36E-3F74D3EFA04D, small LPT model
Jan 31 16:02:02 (none) vmunix: [    9.268572] Starting ipacm_perf:  
Jan 31 16:02:02 (none) vmunix: [    9.283694] done
Jan 31 16:02:02 (none) vmunix: [    9.349493] subsys-restart: __subsystem_get(): Changing subsys fw_name to modem
Jan 31 16:02:02 (none) vmunix: [    9.349580] ipa-wan ipa3_lcl_mdm_ssr_notifier_cb:3162 IPA received MPSS BEFORE_POWERUP
Jan 31 16:02:02 (none) vmunix: [    9.368665] Starting ipacm: 
Jan 31 16:02:02 (none) vmunix: [    9.380867] ipa ipa3_uc_state_check:382 uC is not loaded
Jan 31 16:02:02 (none) vmunix: [    9.382834] ipa-wan ipa3_lcl_mdm_ssr_notifier_cb:3174 IPA BEFORE_POWERUP handling is complete
Jan 31 16:02:02 (none) vmunix: [    9.395274] done
Jan 31 16:02:02 (none) vmunix: [    9.399397] subsys-pil-tz 4080000.qcom,mss: modem: loading from 0x90800000 to 0x9d500000
Jan 31 16:02:04 (none) vmunix: [    9.403829] Starting ipacmdiag: 
Jan 31 16:02:04 (none) vmunix: [   11.487888] done
Jan 31 16:02:06 (none) vmunix: [   11.684191] Starting qseecomd: 
Jan 31 16:02:06 (none) vmunix: [   13.065094] done
Jan 31 16:02:08 (none) qseecomd: DBG:qseecom listener services process entry PPID = 1
Jan 31 16:02:08 (none) qseecomd: DBG:Parent qseecom daemon process paused!! 
Jan 31 16:02:08 (none) qseecomd: DBG:qseecom listener service threads starting!!! 
Jan 31 16:02:08 (none) qseecomd: DBG:Total listener services to start = 3
Jan 31 16:02:08 (none) qseecomd: ERR:Listener: index = 0, hierarchy = 1
Jan 31 16:02:08 (none) qseecomd: ERR:Init dlopen(libdrmtime.so.1, RLTD_NOW) is failed.... libdrmtime.so.1: cannot open shared object file: No such file or directory 
Jan 31 16:02:08 (none) qseecomd: ERR:Listener: index = 1, hierarchy = 1
Jan 31 16:02:08 (none) qseecomd: ERR:Init dlopen(libdrmfs.so.1, RLTD_NOW) is failed.... libdrmfs.so.1: cannot open shared object file: No such file or directory 
Jan 31 16:02:08 (none) qseecomd: ERR:Listener: index = 2, hierarchy = 1
Jan 31 16:02:08 (none) qseecomd: ERR:Init dlopen(libdrmfs.so.1, RLTD_NOW) is failed.... libdrmfs.so.1: cannot open shared object file: No such file or directory 
Jan 31 16:02:08 (none) qseecomd: DBG:QSEECOM DAEMON RUNNING 
Jan 31 16:02:09 (none) tftp_server[598]: INFO:Initializing tftp_server RING buffer
Jan 31 16:02:09 (none) tftp_server[598]: INFO:Starting... 
Jan 31 16:02:09 (none) tftp_server[598]: ERR:pid=598 tid=598 tftp-server : ERR :[tftp_os_wakelocks_la.c, 116] Unable to open wake lock file /sys/power/wake_lock return val: -1, error no: 13 string = Pe
Jan 31 16:02:09 (none) tftp_server[598]: INFO:pid=598 tid=598 tftp-server : INF :[tftp_os_la.c, 118] mkdir failed: [2] [/data/data/vendor/tombstones/rfs/modem] [No such file or directory]
Jan 31 16:02:09 (none) tftp_server[598]: INFO:pid=598 tid=598 tftp-server : INF :[tftp_os_la.c, 118] mkdir failed: [2] [/data/data/vendor/tombstones/rfs] [No such file or directory]
Jan 31 16:02:09 (none) tftp_server[598]: INFO:pid=598 tid=598 tftp-server : INF :[tftp_os_la.c, 118] mkdir failed: [2] [/data/data/vendor/tombstones] [No such file or directory]
Jan 31 16:02:09 (none) tftp_server[598]: INFO:pid=598 tid=598 tftp-server : INF :[tftp_os_la.c, 118] mkdir failed: [2] [/data/data/vendor] [No such file or directory]
Jan 31 16:02:09 (none) tftp_server[598]: INFO:pid=598 tid=598 tftp-server : INF :[tftp_os_la.c, 118] mkdir failed: [13] [/data/data] [Permission denied]
Jan 31 16:02:09 (none) tftp_server[598]: ERR:pid=598 tid=598 tftp-server : ERR :[tftp_server_folders_la.c, 174] Failed to auto_dir for(/data/data/vendor/tombstones/rfs/modem/) errno = -13 (Permission d
Jan 31 16:02:09 (none) tftp_server[598]: INFO:pid=598 tid=598 tftp-server : INF :[tftp_os_la.c, 118] mkdir failed: [2] [/data/data/vendor/tombstones/rfs/modem/] [No such file or directory]
Jan 31 16:02:09 (none) tftp_server[598]: INFO:pid=598 tid=598 tftp-server : INF :[tftp_os_la.c, 118] mkdir failed: [2] [/data/data/vendor/tombstones/rfs/lpass] [No such file or directory]
Jan 31 16:02:09 (none) tftp_server[598]: INFO:pid=598 tid=598 tftp-server : INF :[tftp_os_la.c, 118] mkdir failed: [2] [/data/data/vendor/tombstones/rfs] [No such file or directory]
Jan 31 16:02:09 (none) tftp_server[598]: INFO:pid=598 tid=598 tftp-server : INF :[tftp_os_la.c, 118] mkdir failed: [2] [/data/data/vendor/tombstones] [No such file or directory]
Jan 31 16:02:09 (none) tftp_server[598]: INFO:pid=598 tid=598 tftp-server : INF :[tftp_os_la.c, 118] mkdir failed: [2] [/data/data/vendor] [No such file or directory]
Jan 31 16:02:09 (none) tftp_server[598]: INFO:pid=598 tid=598 tftp-server : INF :[tftp_os_la.c, 118] mkdir failed: [13] [/data/data] [Permission denied]
Jan 31 16:02:09 (none) tftp_server[598]: ERR:pid=598 tid=598 tftp-server : ERR :[tftp_server_folders_la.c, 174] Failed to auto_dir for(/data/data/vendor/tombstones/rfs/lpass/) errno = -13 (Permission d
Jan 31 16:02:09 (none) tftp_server[598]: INFO:pid=598 tid=598 tftp-server : INF :[tftp_os_la.c, 118] mkdir failed: [2] [/data/data/vendor/tombstones/rfs/lpass/] [No such file or directory]
Jan 31 16:02:09 (none) tftp_server[598]: INFO:pid=598 tid=598 tftp-server : INF :[tftp_os_la.c, 118] mkdir failed: [2] [/data/data/vendor/tombstones/rfs/tn] [No such file or directory]
Jan 31 16:02:09 (none) tftp_server[598]: INFO:pid=598 tid=598 tftp-server : INF :[tftp_os_la.c, 118] mkdir failed: [2] [/data/data/vendor/tombstones/rfs] [No such file or directory]
Jan 31 16:02:09 (none) tftp_server[598]: INFO:pid=598 tid=598 tftp-server : INF :[tftp_os_la.c, 118] mkdir failed: [2] [/data/data/vendor/tombstones] [No such file or directory]
Jan 31 16:02:09 (none) tftp_server[598]: INFO:pid=598 tid=598 tftp-server : INF :[tftp_os_la.c, 118] mkdir failed: [2] [/data/data/vendor] [No such file or directory]
Jan 31 16:02:09 (none) tftp_server[598]: INFO:pid=598 tid=598 tftp-server : INF :[tftp_os_la.c, 118] mkdir failed: [13] [/data/data] [Permission denied]
Jan 31 16:02:09 (none) tftp_server[598]: ERR:pid=598 tid=598 tftp-server : ERR :[tftp_server_folders_la.c, 174] Failed to auto_dir for(/data/data/vendor/tombstones/rfs/tn/) errno = -13 (Permission deni
Jan 31 16:02:09 (none) tftp_server[598]: INFO:pid=598 tid=598 tftp-server : INF :[tftp_os_la.c, 118] mkdir failed: [2] [/data/data/vendor/tombstones/rfs/tn/] [No such file or directory]
Jan 31 16:02:09 (none) tftp_server[598]: INFO:pid=598 tid=598 tftp-server : INF :[tftp_os_la.c, 118] mkdir failed: [2] [/data/data/vendor/tombstones/rfs/slpi] [No such file or directory]
Jan 31 16:02:09 (none) tftp_server[598]: INFO:pid=598 tid=598 tftp-server : INF :[tftp_os_la.c, 118] mkdir failed: [2] [/data/data/vendor/tombstones/rfs] [No such file or directory]
Jan 31 16:02:09 (none) tftp_server[598]: INFO:pid=598 tid=598 tftp-server : INF :[tftp_os_la.c, 118] mkdir failed: [2] [/data/data/vendor/tombstones] [No such file or directory]
Jan 31 16:02:09 (none) tftp_server[598]: INFO:pid=598 tid=598 tftp-server : INF :[tftp_os_la.c, 118] mkdir failed: [2] [/data/data/vendor] [No such file or directory]
Jan 31 16:02:09 (none) tftp_server[598]: INFO:pid=598 tid=598 tftp-server : INF :[tftp_os_la.c, 118] mkdir failed: [13] [/data/data] [Permission denied]
Jan 31 16:02:09 (none) tftp_server[598]: ERR:pid=598 tid=598 tftp-server : ERR :[tftp_server_folders_la.c, 174] Failed to auto_dir for(/data/data/vendor/tombstones/rfs/slpi/) errno = -13 (Permission de
Jan 31 16:02:09 (none) tftp_server[598]: INFO:pid=598 tid=598 tftp-server : INF :[tftp_os_la.c, 118] mkdir failed: [2] [/data/data/vendor/tombstones/rfs/slpi/] [No such file or directory]
Jan 31 16:02:09 (none) tftp_server[598]: INFO:pid=598 tid=598 tftp-server : INF :[tftp_os_la.c, 118] mkdir failed: [2] [/data/data/vendor/tombstones/rfs/cdsp] [No such file or directory]
Jan 31 16:02:09 (none) tftp_server[598]: INFO:pid=598 tid=598 tftp-server : INF :[tftp_os_la.c, 118] mkdir failed: [2] [/data/data/vendor/tombstones/rfs] [No such file or directory]
Jan 31 16:02:09 (none) tftp_server[598]: INFO:pid=598 tid=598 tftp-server : INF :[tftp_os_la.c, 118] mkdir failed: [2] [/data/data/vendor/tombstones] [No such file or directory]
Jan 31 16:02:09 (none) tftp_server[598]: INFO:pid=598 tid=598 tftp-server : INF :[tftp_os_la.c, 118] mkdir failed: [2] [/data/data/vendor] [No such file or directory]
Jan 31 16:02:09 (none) tftp_server[598]: INFO:pid=598 tid=598 tftp-server : INF :[tftp_os_la.c, 118] mkdir failed: [13] [/data/data] [Permission denied]
Jan 31 16:02:09 (none) tftp_server[598]: ERR:pid=598 tid=598 tftp-server : ERR :[tftp_server_folders_la.c, 174] Failed to auto_dir for(/data/data/vendor/tombstones/rfs/cdsp/) errno = -13 (Permission de
Jan 31 16:02:09 (none) tftp_server[598]: INFO:pid=598 tid=598 tftp-server : INF :[tftp_os_la.c, 118] mkdir failed: [2] [/data/data/vendor/tombstones/rfs/cdsp/] [No such file or directory]
Jan 31 16:02:09 (none) tftp_server[598]: ERR:pid=598 tid=598 tftp-server : ERR :[tftp_server.c, 732] Attempting to continue.... some paths maybe inaccessible.
Jan 31 16:02:09 (none) vmunix: [   16.043452] Mass Storage Function, version: 2009/09/11
Jan 31 16:02:09 (none) vmunix: [   16.043506] LUN: removable file: (no medium)
Jan 31 16:02:09 (none) vmunix: [   16.063478] Mass Storage Function, version: 2009/09/11
Jan 31 16:02:09 (none) vmunix: [   16.063531] LUN: removable file: (no medium)
Jan 31 16:02:09 (none) vmunix: [   16.073625] file system registered
Jan 31 16:02:09 (none) vmunix: [   16.114357] f_cdev_alloc: port_name:at_usb0 (eb85cc00) portno:(0)
Jan 31 16:02:09 (none) vmunix: [   16.120429] f_cdev_alloc: port_name:at_usb1 (eb85d400) portno:(1)
Jan 31 16:02:09 (none) vmunix: [   16.163342] subsys-pil-tz 4080000.qcom,mss: modem: Brought out of reset
Jan 31 16:02:09 (none) vmunix: [   16.207659] subsys-pil-tz 4080000.qcom,mss: Subsystem error monitoring/handling services are up
Jan 31 16:02:09 (none) vmunix: [   16.207729] subsys-pil-tz 4080000.qcom,mss: modem: Power/Clock ready interrupt received
Jan 31 16:02:09 (none) vmunix: [   16.226395] ipa-wan ipa3_lcl_mdm_ssr_notifier_cb:3177 IPA received MPSS AFTER_POWERUP
Jan 31 16:02:09 (none) vmunix: [   16.226436] ipa ipa3_odl_pipe_open:371 adpl pipe not configured
Jan 31 16:02:09 (none) vmunix: [   16.236169] qrtr: Modem QMI Readiness RX cmd:0x2 node[0x3]
Jan 31 16:02:09 (none) vmunix: [   16.260293] ipa-wan ipa3_lcl_mdm_ssr_notifier_cb:3183 IPA AFTER_POWERUP handling is complete
Jan 31 16:02:09 (none) vmunix: [   16.291431] using random self ethernet address
Jan 31 16:02:09 (none) vmunix: [   16.291480] using random host ethernet address
Jan 31 16:02:09 (none) vmunix: [   16.410366] qrtr: Modem QMI Readiness TX cmd:0x2 node[0x2]
Jan 31 16:02:09 (none) vmunix: [   16.415651] diag: In diag_send_feature_mask_update, control channel is not open, p: 0, c14d576c
Jan 31 16:02:09 (none) vmunix: [   16.416248] diag: In diag_send_peripheral_buffering_mode, buffering flag not set for 0
Jan 31 16:02:09 (none) vmunix: [   16.456698] sysmon-qmi: ssctl_new_server: Connection established between QMI handle and modem's SSCTL service
Jan 31 16:02:09 (none) vmunix: [   16.456994] coresight-remote-etm soc:modem_etm1: Connection established between QMI handle and 2 service
Jan 31 16:02:09 (none) vmunix: [   16.466068] coresight-remote-etm soc:modem_etm0: Connection established between QMI handle and 2 service
Jan 31 16:02:10 (none) vmunix: [   17.448265] Sending QMI_IPA_INIT_MODEM_DRIVER_REQ_V01
Jan 31 16:02:10 (none) vmunix: [   17.450953] ipa-wan ipa3_handle_indication_req:152 not send indication
Jan 31 16:02:10 (none) tftp_server[598]: INFO:pid=598 tid=598 tftp-server : INF :[tftp_server.c, 659] rcvd request [3] [73] [2] [3] [25]
Jan 31 16:02:10 (none) vmunix: [   17.456461] ipa ipa3_uc_wdi_event_log_info_handler:357 WDI protocol missing 0x21
Jan 31 16:02:10 (none) vmunix: [   17.458754] ipa ipa3_uc_ntn_event_log_info_handler:33 NTN stats sz invalid exp=224 is=112
Jan 31 16:02:10 (none) vmunix: [   17.467123] QMI_IPA_INIT_MODEM_DRIVER_REQ_V01 response received
Jan 31 16:02:10 (none) tftp_server[598]: INFO:pid=598 tid=741 tftp-server : INF :[tftp_server_utils.c, 113] file [readwrite/server_check.txt] : [/system/rfs/mdm/mpss/readwrite/server_check.txt]
Jan 31 16:02:10 (none) tftp_server[598]: INFO:pid=598 tid=741 tftp-server : INF :[tftp_server.c, 1202] OACK options : [7680, 1000, 10, 0, 0, 0, 0, 0]
Jan 31 16:02:10 (none) tftp_server[598]: INFO:pid=598 tid=741 tftp-server : INF :[tftp_os_la.c, 63] open : [-1] [-1] [384] [577] [/system/rfs/mdm/mpss/readwrite/server_check.txt]
Jan 31 16:02:10 (none) tftp_server[598]: INFO:pid=598 tid=598 tftp-server : INF :[tftp_server.c, 659] rcvd request [3] [85] [1] [3] [27]
Jan 31 16:02:10 (none) tftp_server[598]: INFO:pid=598 tid=742 tftp-server : INF :[tftp_server_utils.c, 113] file [readwrite/ota_firewall/ruleset] : [/system/rfs/mdm/mpss/readwrite/ota_firewall/ruleset]
Jan 31 16:02:10 (none) tftp_server[598]: INFO:pid=598 tid=742 tftp-server : INF :[tftp_server.c, 1202] OACK options : [7680, 1000, 10, 4, 0, 0, 0, 0]
Jan 31 16:02:10 (none) tftp_server[598]: INFO:pid=598 tid=742 tftp-server : INF :[tftp_os_la.c, 63] open : [-1] [-1] [384] [0] [/system/rfs/mdm/mpss/readwrite/ota_firewall/ruleset]
Jan 31 16:02:10 (none) tftp_server[598]: ERR:pid=598 tid=742 tftp-server : ERR :[tftp_os_la.c, 70] open failed: [2] [No such file or directory]
Jan 31 16:02:10 (none) tftp_server[598]: ERR:pid=598 tid=742 tftp-server : ERR :[tftp_server.c, 1698] open failed : [-2] [Unknown error -2]
Jan 31 16:02:10 (none) tftp_server[598]: ERR:pid=598 tid=742 tftp-server : ERR :[tftp_protocol.c, 1229] sending error-pkt. Code = 1, Msg = Err=2 String=No such file or directory
Jan 31 16:02:10 (none) tftp_server[598]: INFO:pid=598 tid=598 tftp-server : INF :[tftp_server.c, 659] rcvd request [3] [85] [1] [3] [28]
Jan 31 16:02:10 (none) tftp_server[598]: INFO:pid=598 tid=743 tftp-server : INF :[tftp_server_utils.c, 113] file [readwrite/ota_firewall/ruleset] : [/system/rfs/mdm/mpss/readwrite/ota_firewall/ruleset]
Jan 31 16:02:10 (none) tftp_server[598]: INFO:pid=598 tid=743 tftp-server : INF :[tftp_server.c, 1202] OACK options : [7680, 1000, 0, 10, 0, 0, 0, 0]
Jan 31 16:02:10 (none) tftp_server[598]: INFO:pid=598 tid=743 tftp-server : INF :[tftp_os_la.c, 63] open : [-1] [-1] [384] [0] [/system/rfs/mdm/mpss/readwrite/ota_firewall/ruleset]
Jan 31 16:02:10 (none) tftp_server[598]: ERR:pid=598 tid=743 tftp-server : ERR :[tftp_os_la.c, 70] open failed: [2] [No such file or directory]
Jan 31 16:02:10 (none) tftp_server[598]: ERR:pid=598 tid=743 tftp-server : ERR :[tftp_server.c, 1698] open failed : [-2] [Unknown error -2]
Jan 31 16:02:10 (none) tftp_server[598]: ERR:pid=598 tid=743 tftp-server : ERR :[tftp_protocol.c, 1229] sending error-pkt. Code = 1, Msg = Err=2 String=No such file or directory
Jan 31 16:02:10 (none) tftp_server[598]: INFO:pid=598 tid=598 tftp-server : INF :[tftp_server.c, 659] rcvd request [3] [102] [1] [3] [29]
Jan 31 16:02:10 (none) tftp_server[598]: INFO:pid=598 tid=744 tftp-server : INF :[tftp_server_utils.c, 113] file [readonly/firmware/image/modem_pr/so/695_0_3.mbn] : [/system/rfs/mdm/mpss/readonly/firmwa
Jan 31 16:02:10 (none) tftp_server[598]: INFO:pid=598 tid=744 tftp-server : INF :[tftp_server.c, 1202] OACK options : [7680, 1000, 1245488, 10, 0, 0, 0, 0]
Jan 31 16:02:10 (none) tftp_server[598]: INFO:pid=598 tid=744 tftp-server : INF :[tftp_os_la.c, 63] open : [-1] [-1] [384] [0] [/system/rfs/mdm/mpss/readonly/firmware/image/modem_pr/so/695_0_3.mbn]
Jan 31 16:02:10 (none) tftp_server[598]: INFO:pid=598 tid=598 tftp-server : INF :[tftp_server.c, 659] rcvd request [3] [110] [1] [3] [30]
Jan 31 16:02:10 (none) tftp_server[598]: INFO:pid=598 tid=744 tftp-server : INF :[tftp_protocol.c, 742] Recd END OF TRANSFER pkt. Code = 9, Msg = End of Transfer
Jan 31 16:02:10 (none) tftp_server[598]: INFO:pid=598 tid=744 tftp-server : INF :[tftp_server.c, 1310] RRQ stats : sent_size = 0 total-blocks = 0 total-bytes = 0 timedout-pkts = 0, wrong-pkts = 0
Jan 31 16:02:10 (none) tftp_server[598]: INFO:pid=598 tid=744 tftp-server : INF :[tftp_server.c, 1314] RRQ time stats : Total : [TX, RX] = [72, 0]
Jan 31 16:02:10 (none) tftp_server[598]: INFO:pid=598 tid=744 tftp-server : INF :[tftp_server.c, 1320] RRQ time stats : Tx/Rx [Min, Max] = [72, 0, 72, 0]
Jan 31 16:02:10 (none) tftp_server[598]: INFO:pid=598 tid=744 tftp-server : INF :[tftp_server.c, 1336] RRQ was successfully processed.
Jan 31 16:02:10 (none) tftp_server[598]: INFO:pid=598 tid=745 tftp-server : INF :[tftp_server_utils.c, 113] file [readonly/firmware/image/modem_pr/so/695_0_3.mbn] : [/system/rfs/mdm/mpss/readonly/firmwa
Jan 31 16:02:10 (none) tftp_server[598]: INFO:pid=598 tid=745 tftp-server : INF :[tftp_server.c, 1202] OACK options : [7680, 1000, 0, 10, 52, 0, 0, 0]
Jan 31 16:02:10 (none) tftp_server[598]: INFO:pid=598 tid=745 tftp-server : INF :[tftp_os_la.c, 63] open : [-1] [-1] [384] [0] [/system/rfs/mdm/mpss/readonly/firmware/image/modem_pr/so/695_0_3.mbn]
Jan 31 16:02:10 (none) tftp_server[598]: INFO:pid=598 tid=598 tftp-server : INF :[tftp_server.c, 659] rcvd request [3] [112] [1] [3] [31]
Jan 31 16:02:10 (none) tftp_server[598]: INFO:pid=598 tid=745 tftp-server : INF :[tftp_server.c, 1310] RRQ stats : sent_size = 52 total-blocks = 1 total-bytes = 52 timedout-pkts = 0, wrong-pkts = 0
Jan 31 16:02:10 (none) tftp_server[598]: INFO:pid=598 tid=745 tftp-server : INF :[tftp_server.c, 1314] RRQ time stats : Total : [TX, RX] = [108, 0]
Jan 31 16:02:10 (none) tftp_server[598]: INFO:pid=598 tid=745 tftp-server : INF :[tftp_server.c, 1320] RRQ time stats : Tx/Rx [Min, Max] = [45, 0, 63, 0]
Jan 31 16:02:10 (none) tftp_server[598]: INFO:pid=598 tid=745 tftp-server : INF :[tftp_server.c, 1336] RRQ was successfully processed.
Jan 31 16:02:10 (none) tftp_server[598]: INFO:pid=598 tid=746 tftp-server : INF :[tftp_server_utils.c, 113] file [readonly/firmware/image/modem_pr/so/695_0_3.mbn] : [/system/rfs/mdm/mpss/readonly/firmwa
Jan 31 16:02:10 (none) tftp_server[598]: INFO:pid=598 tid=746 tftp-server : INF :[tftp_server.c, 1202] OACK options : [7680, 1000, 52, 10, 160, 0, 0, 0]
Jan 31 16:02:10 (none) tftp_server[598]: INFO:pid=598 tid=746 tftp-server : INF :[tftp_os_la.c, 63] open : [-1] [-1] [384] [0] [/system/rfs/mdm/mpss/readonly/firmware/image/modem_pr/so/695_0_3.mbn]
Jan 31 16:02:10 (none) tftp_server[598]: INFO:pid=598 tid=598 tftp-server : INF :[tftp_server.c, 659] rcvd request [3] [115] [1] [3] [34]
Jan 31 16:02:10 (none) tftp_server[598]: INFO:pid=598 tid=746 tftp-server : INF :[tftp_server.c, 1310] RRQ stats : sent_size = 160 total-blocks = 1 total-bytes = 160 timedout-pkts = 0, wrong-pkts = 0
Jan 31 16:02:10 (none) tftp_server[598]: INFO:pid=598 tid=746 tftp-server : INF :[tftp_server.c, 1314] RRQ time stats : Total : [TX, RX] = [97, 0]
Jan 31 16:02:10 (none) tftp_server[598]: INFO:pid=598 tid=746 tftp-server : INF :[tftp_server.c, 1320] RRQ time stats : Tx/Rx [Min, Max] = [34, 0, 63, 0]
Jan 31 16:02:10 (none) tftp_server[598]: INFO:pid=598 tid=746 tftp-server : INF :[tftp_server.c, 1336] RRQ was successfully processed.
Jan 31 16:02:10 (none) tftp_server[598]: INFO:pid=598 tid=747 tftp-server : INF :[tftp_server_utils.c, 113] file [readonly/firmware/image/modem_pr/so/695_0_3.mbn] : [/system/rfs/mdm/mpss/readonly/firmwa
Jan 31 16:02:10 (none) tftp_server[598]: INFO:pid=598 tid=747 tftp-server : INF :[tftp_server.c, 1202] OACK options : [7680, 1000, 4096, 10, 8192, 0, 0, 0]
Jan 31 16:02:10 (none) tftp_server[598]: INFO:pid=598 tid=747 tftp-server : INF :[tftp_os_la.c, 63] open : [-1] [-1] [384] [0] [/system/rfs/mdm/mpss/readonly/firmware/image/modem_pr/so/695_0_3.mbn]
Jan 31 16:02:10 (none) tftp_server[598]: INFO:pid=598 tid=747 tftp-server : INF :[tftp_server.c, 1310] RRQ stats : sent_size = 8192 total-blocks = 2 total-bytes = 8192 timedout-pkts = 0, wrong-pkts = 0
Jan 31 16:02:10 (none) tftp_server[598]: INFO:pid=598 tid=747 tftp-server : INF :[tftp_server.c, 1314] RRQ time stats : Total : [TX, RX] = [175, 0]
Jan 31 16:02:10 (none) tftp_server[598]: INFO:pid=598 tid=747 tftp-server : INF :[tftp_server.c, 1320] RRQ time stats : Tx/Rx [Min, Max] = [29, 0, 85, 0]
Jan 31 16:02:10 (none) tftp_server[598]: INFO:pid=598 tid=747 tftp-server : INF :[tftp_server.c, 1336] RRQ was successfully processed.
Jan 31 16:02:10 (none) tftp_server[598]: INFO:pid=598 tid=598 tftp-server : INF :[tftp_server.c, 659] rcvd request [3] [112] [1] [3] [35]
Jan 31 16:02:10 (none) tftp_server[598]: INFO:pid=598 tid=748 tftp-server : INF :[tftp_server_utils.c, 113] file [readonly/firmware/image/modem_pr/so/695_0_3.mbn] : [/system/rfs/mdm/mpss/readonly/firmwa
Jan 31 16:02:10 (none) tftp_server[598]: INFO:pid=598 tid=748 tftp-server : INF :[tftp_server.c, 1202] OACK options : [7680, 1000, 0, 10, 4096, 0, 0, 0]
Jan 31 16:02:10 (none) tftp_server[598]: INFO:pid=598 tid=748 tftp-server : INF :[tftp_os_la.c, 63] open : [-1] [-1] [384] [0] [/system/rfs/mdm/mpss/readonly/firmware/image/modem_pr/so/695_0_3.mbn]
Jan 31 16:02:10 (none) tftp_server[598]: INFO:pid=598 tid=598 tftp-server : INF :[tftp_server.c, 659] rcvd request [3] [117] [1] [3] [36]
Jan 31 16:02:10 (none) tftp_server[598]: INFO:pid=598 tid=748 tftp-server : INF :[tftp_server.c, 1310] RRQ stats : sent_size = 4096 total-blocks = 1 total-bytes = 4096 timedout-pkts = 0, wrong-pkts = 0
Jan 31 16:02:10 (none) tftp_server[598]: INFO:pid=598 tid=748 tftp-server : INF :[tftp_server.c, 1314] RRQ time stats : Total : [TX, RX] = [106, 0]
Jan 31 16:02:10 (none) tftp_server[598]: INFO:pid=598 tid=748 tftp-server : INF :[tftp_server.c, 1320] RRQ time stats : Tx/Rx [Min, Max] = [43, 0, 63, 0]
Jan 31 16:02:10 (none) tftp_server[598]: INFO:pid=598 tid=748 tftp-server : INF :[tftp_server.c, 1336] RRQ was successfully processed.
Jan 31 16:02:10 (none) tftp_server[598]: INFO:pid=598 tid=749 tftp-server : INF :[tftp_server_utils.c, 113] file [readonly/firmware/image/modem_pr/so/695_0_3.mbn] : [/system/rfs/mdm/mpss/readonly/firmwa
Jan 31 16:02:10 (none) tftp_server[598]: INFO:pid=598 tid=749 tftp-server : INF :[tftp_server.c, 1202] OACK options : [7680, 1000, 12288, 10, 84224, 0, 0, 0]
Jan 31 16:02:10 (none) tftp_server[598]: INFO:pid=598 tid=749 tftp-server : INF :[tftp_os_la.c, 63] open : [-1] [-1] [384] [0] [/system/rfs/mdm/mpss/readonly/firmware/image/modem_pr/so/695_0_3.mbn]
Jan 31 16:02:10 (none) tftp_server[598]: INFO:pid=598 tid=598 tftp-server : INF :[tftp_server.c, 659] rcvd request [3] [119] [1] [3] [37]
Jan 31 16:02:10 (none) tftp_server[598]: INFO:pid=598 tid=749 tftp-server : INF :[tftp_server.c, 1310] RRQ stats : sent_size = 84224 total-blocks = 11 total-bytes = 84224 timedout-pkts = 0, wrong-pkts =
Jan 31 16:02:10 (none) tftp_server[598]: INFO:pid=598 tid=749 tftp-server : INF :[tftp_server.c, 1314] RRQ time stats : Total : [TX, RX] = [1193, 0]
Jan 31 16:02:10 (none) tftp_server[598]: INFO:pid=598 tid=749 tftp-server : INF :[tftp_server.c, 1320] RRQ time stats : Tx/Rx [Min, Max] = [37, 0, 234, 0]
Jan 31 16:02:10 (none) tftp_server[598]: INFO:pid=598 tid=749 tftp-server : INF :[tftp_server.c, 1336] RRQ was successfully processed.
Jan 31 16:02:10 (none) tftp_server[598]: INFO:pid=598 tid=750 tftp-server : INF :[tftp_server_utils.c, 113] file [readonly/firmware/image/modem_pr/so/695_0_3.mbn] : [/system/rfs/mdm/mpss/readonly/firmwa
Jan 31 16:02:10 (none) tftp_server[598]: INFO:pid=598 tid=750 tftp-server : INF :[tftp_server.c, 1202] OACK options : [7680, 1000, 98304, 10, 1147184, 0, 0, 0]
Jan 31 16:02:10 (none) tftp_server[598]: INFO:pid=598 tid=750 tftp-server : INF :[tftp_os_la.c, 63] open : [-1] [-1] [384] [0] [/system/rfs/mdm/mpss/readonly/firmware/image/modem_pr/so/695_0_3.mbn]
Jan 31 16:02:11 (none) tftp_server[598]: INFO:pid=598 tid=750 tftp-server : INF :[tftp_server.c, 1310] RRQ stats : sent_size = 1147184 total-blocks = 150 total-bytes = 1147184 timedout-pkts = 0, wrong-p
Jan 31 16:02:11 (none) tftp_server[598]: INFO:pid=598 tid=750 tftp-server : INF :[tftp_server.c, 1314] RRQ time stats : Total : [TX, RX] = [19745, 0]
Jan 31 16:02:11 (none) tftp_server[598]: INFO:pid=598 tid=750 tftp-server : INF :[tftp_server.c, 1320] RRQ time stats : Tx/Rx [Min, Max] = [32, 0, 323, 0]
Jan 31 16:02:11 (none) tftp_server[598]: INFO:pid=598 tid=750 tftp-server : INF :[tftp_server.c, 1336] RRQ was successfully processed.
Jan 31 16:02:11 (none) vmunix: [   18.233100] ramoops: platform device not found, using module parameters
Jan 31 16:02:11 (none) vmunix: [   18.368652] [MIFI_TIMESTAMP] - /etc/init.d/rcS: done
Jan 31 16:02:11 (none) init: Entering runlevel: 7
Jan 31 16:02:11 (none) tftp_server[598]: INFO:pid=598 tid=741 tftp-server : INF :[tftp_server.c, 1465] WRQ stats : total-blocks = 1 : total-bytes = 5 : 5 timedout-pkts = 0, wrong-pkts = 0
Jan 31 16:02:11 (none) tftp_server[598]: INFO:pid=598 tid=741 tftp-server : INF :[tftp_server.c, 1469] WRQ time stats : Total : [TX, RX] = [119, 0, 1051312]
Jan 31 16:02:11 (none) tftp_server[598]: INFO:pid=598 tid=741 tftp-server : INF :[tftp_server.c, 1473] WRQ time stats : Tx [Min, Max] = [49, 0]
Jan 31 16:02:11 (none) tftp_server[598]: INFO:pid=598 tid=741 tftp-server : INF :[tftp_server.c, 1477] WRQ time stats : Rx [Min, Max] = [198, 0]
Jan 31 16:02:12 (none) init: no more processes left in this runlevel
Jan 31 16:02:13 (none) vmunix: [   19.877392] ipa-wan ipa3_wwan_ioctl:2045 dev(rmnet_data0) register to IPA
Jan 31 16:02:14 (none) init: Switching to runlevel: 3
Jan 31 16:02:17 (none) vmunix: [   24.572966] Invalid battery detection triggered
Jan 31 16:02:17 (none) vmunix: [   24.573052] Charging disabled: Unknown battery
Jan 31 16:02:17 (none) vmunix: [   24.576305] Usb suspend: forced
Jan 31 16:02:18 (none) vmunix: [   25.536040] [MIFI_TIMESTAMP] - 
Jan 31 16:02:18 (none) vmunix: [   25.537171] WIFI Starting
Jan 31 16:02:18 (none) vmunix: [   25.537203] 
Jan 31 16:02:20 (none) tftp_server[598]: INFO:pid=598 tid=598 tftp-server : INF :[tftp_server.c, 659] rcvd request [3] [73] [1] [3] [79]
Jan 31 16:02:20 (none) tftp_server[598]: INFO:pid=598 tid=1309 tftp-server : INF :[tftp_server_utils.c, 113] file [readwrite/mcfg.tmp] : [/system/rfs/mdm/mpss/readwrite/mcfg.tmp]
Jan 31 16:02:20 (none) tftp_server[598]: INFO:pid=598 tid=1309 tftp-server : INF :[tftp_server.c, 1202] OACK options : [7680, 1000, 0, 10, 0, 0, 0, 0]
Jan 31 16:02:20 (none) tftp_server[598]: INFO:pid=598 tid=1309 tftp-server : INF :[tftp_os_la.c, 63] open : [-1] [-1] [384] [0] [/system/rfs/mdm/mpss/readwrite/mcfg.tmp]
Jan 31 16:02:20 (none) tftp_server[598]: ERR:pid=598 tid=1309 tftp-server : ERR :[tftp_os_la.c, 70] open failed: [2] [No such file or directory]
Jan 31 16:02:20 (none) tftp_server[598]: ERR:pid=598 tid=1309 tftp-server : ERR :[tftp_server.c, 1698] open failed : [-2] [Unknown error -2]
Jan 31 16:02:20 (none) tftp_server[598]: ERR:pid=598 tid=1309 tftp-server : ERR :[tftp_protocol.c, 1229] sending error-pkt. Code = 1, Msg = Err=2 String=No such file or directory
Jan 31 16:02:20 (none) tftp_server[598]: INFO:pid=598 tid=598 tftp-server : INF :[tftp_server.c, 659] rcvd request [3] [65] [2] [3] [80]
