Jan  1 14:11:26 (none) syslogd (GNU inetutils 1.5): restart
Jan  1 14:11:26 (none) vmunix: [    0.000000] Booting Linux on physical CPU 0x0
Jan  1 14:11:26 (none) vmunix: [    0.000000] Linux version 4.14.206-perf (builder@nvtlsdselbld06) (clang version 6.0.9 for Android NDK, GNU ld (GNU Binutils) 2.31.1.20181224) #1 PREEMPT Thu Apr 6 02:19:08 PDT 2023
Jan  1 14:11:26 (none) vmunix: [    0.000000] CPU: ARMv7 Processor [410fc075] revision 5 (ARMv7), cr=10c53c7d
Jan  1 14:11:26 (none) vmunix: [    0.000000] CPU: div instructions available: patching division code
Jan  1 14:11:26 (none) vmunix: [    0.000000] CPU: PIPT / VIPT nonaliasing data cache, VIPT aliasing instruction cache
Jan  1 14:11:26 (none) vmunix: [    0.000000] OF: fdt: Machine model: Qualcomm Technologies, Inc. SDXPRAIRIE MTP V2
Jan  1 14:11:26 (none) vmunix: [    0.000000] Memory policy: Data cache writeback
Jan  1 14:11:26 (none) vmunix: [    0.000000] Reserved memory: created DMA memory pool at 0xbfb80000, size 4 MiB
Jan  1 14:11:26 (none) vmunix: [    0.000000] OF: reserved mem: initialized node audio_region@0, compatible id shared-dma-pool
Jan  1 14:11:26 (none) vmunix: [    0.000000] Reserved memory: created CMA memory pool at 0xbf400000, size 4 MiB
Jan  1 14:11:26 (none) vmunix: [    0.000000] OF: reserved mem: initialized node qseecom_ta_region@0, compatible id shared-dma-pool
Jan  1 14:11:26 (none) vmunix: [    0.000000] Reserved memory: created CMA memory pool at 0xbf000000, size 4 MiB
Jan  1 14:11:26 (none) vmunix: [    0.000000] OF: reserved mem: initialized node mem_dump_region, compatible id shared-dma-pool
Jan  1 14:11:26 (none) vmunix: [    0.000000] Reserved memory: created CMA memory pool at 0xbdc00000, size 20 MiB
Jan  1 14:11:26 (none) vmunix: [    0.000000] OF: reserved mem: initialized node qseecom_region@0, compatible id shared-dma-pool
Jan  1 14:11:26 (none) vmunix: [    0.000000] Removed memory: created DMA memory pool at 0x90800000, size 205 MiB
Jan  1 14:11:26 (none) vmunix: [    0.000000] OF: reserved mem: initialized node mpss_adsp_region@90800000, compatible id removed-dma-pool
Jan  1 14:11:26 (none) vmunix: [    0.000000] Removed memory: created DMA memory pool at 0x9d500000, size 1 MiB
Jan  1 14:11:26 (none) vmunix: [    0.000000] OF: reserved mem: initialized node ramoops_region@9d500000, compatible id removed-dma-pool
Jan  1 14:11:26 (none) vmunix: [    0.000000] cma: Reserved 12 MiB at 0xbd000000
Jan  1 14:11:26 (none) vmunix: [    0.000000] On node 0 totalpages: 203950
Jan  1 14:11:26 (none) vmunix: [    0.000000] free_area_init_node: node 0, pgdat c13f9150, node_mem_map ef801000
Jan  1 14:11:26 (none) vmunix: [    0.000000]   Normal zone: 1536 pages used for memmap
Jan  1 14:11:26 (none) vmunix: [    0.000000]   Normal zone: 0 pages reserved
Jan  1 14:11:26 (none) vmunix: [    0.000000]   Normal zone: 139566 pages, LIFO batch:31
Jan  1 14:11:26 (none) vmunix: [    0.000000]   HighMem zone: 64384 pages, LIFO batch:15
Jan  1 14:11:26 (none) vmunix: [    0.000000] psci: probing for conduit method from DT.
Jan  1 14:11:26 (none) vmunix: [    0.000000] psci: PSCIv1.1 detected in firmware.
Jan  1 14:11:26 (none) vmunix: [    0.000000] psci: Using standard PSCI v0.2 function IDs
Jan  1 14:11:26 (none) vmunix: [    0.000000] psci: MIGRATE_INFO_TYPE not supported.
Jan  1 14:11:26 (none) vmunix: [    0.000000] psci: SMC Calling Convention v1.1
Jan  1 14:11:26 (none) vmunix: [    0.000000] CPU: All CPU(s) started in SVC mode.
Jan  1 14:11:26 (none) vmunix: [    0.000000] random: get_random_bytes called from start_kernel+0x8c/0x574 with crng_init=0
Jan  1 14:11:26 (none) vmunix: [    0.000000] pcpu-alloc: s0 r0 d32768 u32768 alloc=1*32768
Jan  1 14:11:26 (none) vmunix: [    0.000000] pcpu-alloc: [0] 0 
Jan  1 14:11:26 (none) vmunix: [    0.000000] Built 1 zonelists, mobility grouping on.  Total pages: 202414
Jan  1 14:11:26 (none) vmunix: [    0.000000] Kernel command line: noinitrd rw rootwait console=ttyMSM0,115200,n8 androidboot.hardware=qcom ehci-hcd.park=3 msm_rtb.filter=0x237 androidboot.console=ttyMSM0 lpm_levels.sleep_disabled=1 firmware_class.path=/lib/firmware/updates service_locator.enable=1 net.ifnames=0 rootfstype=ubifs rootflags=bulk_read root=ubi0:rootfs ubi.mtd=27 androidboot.serialno=fff72c1e androidboot.baseband=msm
Jan  1 14:11:26 (none) vmunix: [    0.000000] PID hash table entries: 4096 (order: 2, 16384 bytes)
Jan  1 14:11:26 (none) vmunix: [    0.000000] Dentry cache hash table entries: 131072 (order: 7, 524288 bytes)
Jan  1 14:11:26 (none) vmunix: [    0.000000] Inode-cache hash table entries: 65536 (order: 6, 262144 bytes)
Jan  1 14:11:26 (none) vmunix: [    0.000000] mem auto-init: stack:off, heap alloc:off, heap free:off
Jan  1 14:11:26 (none) vmunix: [    0.000000] Memory: 746172K/815800K available (12288K kernel code, 1257K rwdata, 4220K rodata, 1024K init, 836K bss, 28668K reserved, 40960K cma-reserved, 216576K highmem)
Jan  1 14:11:26 (none) vmunix: [    0.000000] Virtual kernel memory layout:
Jan  1 14:11:26 (none) vmunix: [    0.000000]     vector  : 0xffff0000 - 0xffff1000   (   4 kB)
Jan  1 14:11:26 (none) vmunix: [    0.000000]     fixmap  : 0xffc00000 - 0xfff00000   (3072 kB)
Jan  1 14:11:26 (none) vmunix: [    0.000000]     vmalloc : 0xf0800000 - 0xff800000   ( 240 MB)
Jan  1 14:11:26 (none) vmunix: [    0.000000]     lowmem  : 0xc0000000 - 0xf0000000   ( 768 MB)
Jan  1 14:11:26 (none) vmunix: [    0.000000]     pkmap   : 0xbfe00000 - 0xc0000000   (   2 MB)
Jan  1 14:11:26 (none) vmunix: [    0.000000]     modules : 0xbf000000 - 0xbfe00000   (  14 MB)
Jan  1 14:11:26 (none) vmunix: [    0.000000]       .text : 0xc0008000 - 0xc0d00000    (13280 kB)
Jan  1 14:11:26 (none) vmunix: [    0.000000]       .init : 0xc1200000 - 0xc1300000    (1024 kB)
Jan  1 14:11:26 (none) vmunix: [    0.000000]       .data : 0xc1300000 - 0xc143a4e4    (1258 kB)
Jan  1 14:11:26 (none) vmunix: [    0.000000]        .bss : 0xc14416b8 - 0xc1512960    ( 837 kB)
Jan  1 14:11:26 (none) vmunix: [    0.000000] SLUB: HWalign=64, Order=0-3, MinObjects=0, CPUs=1, Nodes=1
Jan  1 14:11:26 (none) vmunix: [    0.000000] Preemptible hierarchical RCU implementation.
Jan  1 14:11:26 (none) vmunix: [    0.000000] 	Tasks RCU enabled.
Jan  1 14:11:26 (none) vmunix: [    0.000000] NR_IRQS: 16, nr_irqs: 16, preallocated irqs: 16
Jan  1 14:11:26 (none) vmunix: [    0.000000] arch_sys_timer depends on broadcast, but no broadcast function available
Jan  1 14:11:26 (none) vmunix: [    0.000000] arch_timer: cp15 and mmio timer(s) running at 19.20MHz (virt/virt).
Jan  1 14:11:26 (none) vmunix: [    0.000000] clocksource: arch_sys_counter: mask: 0xffffffffffffff max_cycles: 0x46d987e47, max_idle_ns: 440795202767 ns
Jan  1 14:11:26 (none) vmunix: [    0.000005] sched_clock: 56 bits at 19MHz, resolution 52ns, wraps every 4398046511078ns
Jan  1 14:11:26 (none) vmunix: [    0.000015] Switching to timer-based delay loop, resolution 52ns
Jan  1 14:11:26 (none) vmunix: [    0.000033] clocksource: Switched to clocksource arch_sys_counter
Jan  1 14:11:26 (none) vmunix: [    0.001082] Calibrating delay loop (skipped), value calculated using timer frequency.. 38.40 BogoMIPS (lpj=192000)
Jan  1 14:11:26 (none) vmunix: [    0.001107] pid_max: default: 32768 minimum: 301
Jan  1 14:11:26 (none) vmunix: [    0.001226] Security Framework initialized
Jan  1 14:11:26 (none) vmunix: [    0.001241] SELinux:  Initializing.
Jan  1 14:11:26 (none) vmunix: [    0.001331] SELinux:  Starting in permissive mode
Jan  1 14:11:26 (none) vmunix: [    0.001380] Mount-cache hash table entries: 2048 (order: 1, 8192 bytes)
Jan  1 14:11:26 (none) vmunix: [    0.001392] Mountpoint-cache hash table entries: 2048 (order: 1, 8192 bytes)
Jan  1 14:11:26 (none) vmunix: [    0.002018] CPU: Testing write buffer coherency: ok
Jan  1 14:11:26 (none) vmunix: [    0.002731] Setting up static identity map for 0x80100000 - 0x80100060
Jan  1 14:11:26 (none) vmunix: [    0.002860] Hierarchical SRCU implementation.
Jan  1 14:11:26 (none) vmunix: [    0.010588] MSM Memory Dump base table set up
Jan  1 14:11:26 (none) vmunix: [    0.010632] MSM Memory Dump apps data table set up
Jan  1 14:11:26 (none) vmunix: [    0.011665] devtmpfs: initialized
Jan  1 14:11:26 (none) vmunix: [    0.044349] VFP support v0.3: implementor 41 architecture 2 part 30 variant 7 rev 5
Jan  1 14:11:26 (none) vmunix: [    0.044699] clocksource: jiffies: mask: 0xffffffff max_cycles: 0xffffffff, max_idle_ns: 19112604462750000 ns
Jan  1 14:11:26 (none) vmunix: [    0.044718] futex hash table entries: 256 (order: -1, 3072 bytes)
Jan  1 14:11:26 (none) vmunix: [    0.046000] pinctrl core: initialized pinctrl subsystem
Jan  1 14:11:26 (none) vmunix: [    0.046943] NET: Registered protocol family 16
Jan  1 14:11:26 (none) vmunix: [    0.048308] DMA: preallocated 256 KiB pool for atomic coherent allocations
Jan  1 14:11:26 (none) vmunix: [    0.049055] MiFi Events Module initialized: NETLINK_MIFI_EVENT=29
Jan  1 14:11:26 (none) vmunix: [    0.049324] cpuidle: using governor menu
Jan  1 14:11:26 (none) vmunix: [    0.049349] cpuidle: using governor qcom
Jan  1 14:11:26 (none) vmunix: [    0.049497] NET: Registered protocol family 42
Jan  1 14:11:26 (none) vmunix: [    0.054588] sd_vdd: regulator get failed, ret=-517
Jan  1 14:11:26 (none) vmunix: [    0.056375] unable to find DT imem DLOAD mode node
Jan  1 14:11:26 (none) vmunix: [    0.057173] unable to find DT imem EDLOAD mode node
Jan  1 14:11:26 (none) vmunix: [    0.057953] unable to find DT imem dload-type node
Jan  1 14:11:26 (none) vmunix: [    0.058364] set_dload_mode: on=1
Jan  1 14:11:26 (none) vmunix: [    0.059009] msm_watchdog 17817000.qcom,wdt: wdog absent resource not present
Jan  1 14:11:26 (none) vmunix: [    0.059056] msm_watchdog 17817000.qcom,wdt: msm_wdog_dt_to_pdata scandump sizes property not correct
Jan  1 14:11:26 (none) vmunix: [    0.059441] msm_watchdog 17817000.qcom,wdt: Couldn't get memory for dump
Jan  1 14:11:26 (none) vmunix: [    0.059595] msm_watchdog 17817000.qcom,wdt: MSM Watchdog Initialized
Jan  1 14:11:26 (none) vmunix: [    0.061640] platform 4080000.qcom,mss: assigned reserved memory node mpss_adsp_region@90800000
Jan  1 14:11:26 (none) vmunix: [    0.065103] platform soc:mem_dump: assigned reserved memory node mem_dump_region
Jan  1 14:11:26 (none) vmunix: [    0.070265] platform 90000000.qseecom: assigned reserved memory node qseecom_region@0
Jan  1 14:11:26 (none) vmunix: [    0.075464] platform soc:qcom,msm-audio-ion: assigned reserved memory node audio_region@0
Jan  1 14:11:26 (none) vmunix: [    0.087077] hw-breakpoint: found 5 (+1 reserved) breakpoint and 4 watchpoint registers.
Jan  1 14:11:26 (none) vmunix: [    0.087094] hw-breakpoint: maximum watchpoint size is 8 bytes.
Jan  1 14:11:26 (none) vmunix: [    0.094834] spmi spmi-0: PMIC arbiter version v5 (0x50010000)
Jan  1 14:11:26 (none) vmunix: [    0.102687] sps:sps is ready.
Jan  1 14:11:26 (none) vmunix: [    0.104477] exit: IPA_USB init success!
Jan  1 14:11:26 (none) vmunix: [    0.111105] pmxprairie_s5_level: supplied by pmxprairie_s7_level
Jan  1 14:11:26 (none) vmunix: [    0.111388] pmxprairie_s5_level_ao: supplied by pmxprairie_s7_level_ao
Jan  1 14:11:26 (none) vmunix: [    0.132895] qmp-aop-clk soc:qcom,aop: Registered clocks with AOP
Jan  1 14:11:26 (none) vmunix: [    0.133734] clk-rpmh soc:qcom,rpmh: Registered RPMh clocks
Jan  1 14:11:26 (none) vmunix: [    0.134693] KPI: Bootloader start count = 54888
Jan  1 14:11:26 (none) vmunix: [    0.134710] KPI: Bootloader end count = 78774
Jan  1 14:11:26 (none) vmunix: [    0.134718] KPI: Bootloader display count = 206569732
Jan  1 14:11:26 (none) vmunix: [    0.134723] KPI: Bootloader load kernel count = 16157
Jan  1 14:11:26 (none) vmunix: [    0.134729] KPI: Kernel MPM timestamp = 95387
Jan  1 14:11:26 (none) vmunix: [    0.134734] KPI: Kernel MPM Clock frequency = 32768
Jan  1 14:11:26 (none) vmunix: [    0.134757] socinfo_print: v0.15, id=357, ver=2.0, raw_id=207, raw_ver=2, hw_plat=8, hw_plat_ver=65536
Jan  1 14:11:26 (none) vmunix: [    0.134757]  accessory_chip=0, hw_plat_subtype=5, pmic_model=65568, pmic_die_revision=131072 foundry_id=1 serial_number=4294388766 num_pmics=3 chip_family=0x5e raw_device_family=0x6 raw_device_number=0xb nproduct_id=0x410 num_clusters=0x1 ncluster_array_offset=0xb0 num_defective_parts=0xd ndefective_parts_array_offset=0xb4 nmodem_supported=0xffffffff
Jan  1 14:11:26 (none) vmunix: [    0.135218] msm_bus_fabric_rpmh_init_driver
Jan  1 14:11:26 (none) vmunix: [    0.135590] msm_bus: Probe started
Jan  1 14:11:26 (none) vmunix: [    0.136240] msm_bus_device 1100000.ad-hoc-bus: Bus type is missing
Jan  1 14:11:26 (none) vmunix: [    0.136287] msm_bus_device 1100000.ad-hoc-bus: Bus type is missing
Jan  1 14:11:26 (none) vmunix: [    0.138608] msm_bus: DT Parsing complete
Jan  1 14:11:26 (none) vmunix: [    0.141017] msm_bus_fab_init_noc_ops: Invalid Bus type
Jan  1 14:11:26 (none) vmunix: [    0.141240] msm_bus_fab_init_noc_ops: Invalid Bus type
Jan  1 14:11:26 (none) vmunix: [    0.155001] register_client_adhoc:find path.src 53 dest 585
Jan  1 14:11:26 (none) vmunix: [    0.155164] register_client_adhoc:Client handle 1 apps_smmu
Jan  1 14:11:26 (none) vmunix: [    0.155393] arm-smmu 15000000.apps-smmu: 	non-coherent table walk
Jan  1 14:11:26 (none) vmunix: [    0.155406] arm-smmu 15000000.apps-smmu: 	(IDR0.CTTW overridden by FW configuration)
Jan  1 14:11:26 (none) vmunix: [    0.155417] arm-smmu 15000000.apps-smmu: 	stream matching with 20 register groups
Jan  1 14:11:26 (none) vmunix: [    0.156301] register_client_adhoc:find path.src 53 dest 585
Jan  1 14:11:26 (none) vmunix: [    0.156429] register_client_adhoc:Client handle 2 apps_smmu
Jan  1 14:11:26 (none) vmunix: [    0.156877] register_client_adhoc:find path.src 53 dest 585
Jan  1 14:11:26 (none) vmunix: [    0.156990] register_client_adhoc:Client handle 3 apps_smmu
Jan  1 14:11:26 (none) vmunix: [    0.158068] vgaarb: loaded
Jan  1 14:11:26 (none) vmunix: [    0.158471] SCSI subsystem initialized
Jan  1 14:11:26 (none) vmunix: [    0.158671] usbcore: registered new interface driver usbfs
Jan  1 14:11:26 (none) vmunix: [    0.158714] usbcore: registered new interface driver hub
Jan  1 14:11:26 (none) vmunix: [    0.158815] usbcore: registered new device driver usb
Jan  1 14:11:26 (none) vmunix: [    0.159264] usb_phy_generic soc:usb_nop_phy: soc:usb_nop_phy supply vcc not found, using dummy regulator
Jan  1 14:11:26 (none) vmunix: [    0.160270] qcom,qpnp-power-on c440000.qcom,spmi:qcom,pmxprairie@8:qcom,power-on@800: PMIC@SID8 Power-on reason: Triggered from SMPL (Sudden Momentary Power Loss) and 'cold' boot
Jan  1 14:11:26 (none) vmunix: [    0.160284] mifi_pwr_on_cause: index=1
Jan  1 14:11:26 (none) vmunix: [    0.160290] mifi_pwr_on_cause: could not determine power on cause: index=1
Jan  1 14:11:26 (none) vmunix: [    0.160311] qcom,qpnp-power-on c440000.qcom,spmi:qcom,pmxprairie@8:qcom,power-on@800: PMIC@SID8: Unknown power-off reason
Jan  1 14:11:26 (none) vmunix: [    0.160655] input: qpnp_pon as /devices/platform/c440000.qcom,spmi/spmi-0/spmi0-08/c440000.qcom,spmi:qcom,pmxprairie@8:qcom,power-on@800/input/input0
Jan  1 14:11:26 (none) vmunix: [    0.161206] qcom,qpnp-power-on c440000.qcom,spmi:qcom,pm8150b@2:qcom,power-on@800: PMIC@SID2 Power-on reason: Triggered from CBL (External Power Supply) and 'cold' boot
Jan  1 14:11:26 (none) vmunix: [    0.161244] qcom,qpnp-power-on c440000.qcom,spmi:qcom,pm8150b@2:qcom,power-on@800: PMIC@SID2: Power-off reason: Triggered from FAULT_FAULT_N
Jan  1 14:11:26 (none) vmunix: [    0.174475] platform soc:qcom,ion:qcom,ion-heap@27: assigned reserved memory node qseecom_region@0
Jan  1 14:11:26 (none) vmunix: [    0.174686] platform soc:qcom,ion:qcom,ion-heap@19: assigned reserved memory node qseecom_ta_region@0
Jan  1 14:11:26 (none) vmunix: [    0.175104] ION heap system created
Jan  1 14:11:26 (none) vmunix: [    0.175303] ION heap qsecom created at 0xbdc00000 with size 1400000
Jan  1 14:11:26 (none) vmunix: [    0.175314] ION heap qsecom_ta created at 0xbf400000 with size 400000
Jan  1 14:11:26 (none) vmunix: [    0.176212] PMIC@SID2: PM8150B v2.0 options: 0, 0, 0, 0
Jan  1 14:11:26 (none) vmunix: [    0.177509] scm_call failed: func id 0x2000c10, ret: -1, syscall returns: 0x0, 0x0, 0x0
Jan  1 14:11:26 (none) vmunix: [    0.177525] ipa ipa3_tz_unlock_reg:6955 scm call SCM_SVC_MP failed: -5
Jan  1 14:11:26 (none) vmunix: [    0.177536] ipa ipa3_pre_init:7212 Failed to unlock memory region using TZ
Jan  1 14:11:26 (none) vmunix: [    0.177807] register_client_adhoc:find path.src 90 dest 774
Jan  1 14:11:26 (none) vmunix: [    0.177957] register_client_adhoc:find path.src 134 dest 512
Jan  1 14:11:26 (none) vmunix: [    0.178095] register_client_adhoc:find path.src 90 dest 585
Jan  1 14:11:26 (none) vmunix: [    0.178216] register_client_adhoc:find path.src 1 dest 676
Jan  1 14:11:26 (none) vmunix: [    0.178374] register_client_adhoc:find path.src 143 dest 777
Jan  1 14:11:26 (none) vmunix: [    0.178438] register_client_adhoc:Client handle 4 ipa
Jan  1 14:11:26 (none) vmunix: [    0.183207] iommu: Adding device 1e00000.qcom,ipa:ipa_smmu_ap to group 0
Jan  1 14:11:26 (none) vmunix: [    0.184004] iommu: Adding device 1e00000.qcom,ipa:ipa_smmu_wlan to group 1
Jan  1 14:11:26 (none) vmunix: [    0.184691] iommu: Adding device 1e00000.qcom,ipa:ipa_smmu_uc to group 2
Jan  1 14:11:26 (none) vmunix: [    0.184776] gsi_is_mcs_enabled:1032 MCS enabled:1
Jan  1 14:11:26 (none) vmunix: [    0.184783] Using XBL boot load for IPA FW
Jan  1 14:11:26 (none) vmunix: [    0.184844] ipa ipa_smmu_ap_cb_probe:8773 AP Geometry start = 0 size= f0000000
Jan  1 14:11:26 (none) vmunix: [    0.184857] IPA smmu_info.s1_bypass_arr[AP]=0 smmu_info.fast_map=1
Jan  1 14:11:26 (none) vmunix: [    0.196059] IPA smmu_info.s1_bypass_arr[WLAN]=0 smmu_info.fast_map=0
Jan  1 14:11:26 (none) vmunix: [    0.207287] IPA smmu_info.s1_bypass_arr[UC]=0 smmu_info.fast_map=0
Jan  1 14:11:26 (none) vmunix: [    0.219777] ipa ipa3_uc_state_check:377 uC interface not initialized
Jan  1 14:11:26 (none) vmunix: [    0.222406] gsi soc:qcom,msm_gsi: gsi_register_device:1163 GSI irq is wake enabled 29
Jan  1 14:11:26 (none) vmunix: [    0.233321] IPA driver initialization was successful.
Jan  1 14:11:26 (none) vmunix: [    0.234095] ipa ipa3_smp2p_probe:8943 fail to get smp2p clk resp bit -517
Jan  1 14:11:26 (none) vmunix: [    0.235442] ipa ipa3_smp2p_probe:8943 fail to get smp2p clk resp bit -517
Jan  1 14:11:26 (none) vmunix: [    0.239992] Bluetooth: Core ver 2.22
Jan  1 14:11:26 (none) vmunix: [    0.240246] NET: Registered protocol family 31
Jan  1 14:11:26 (none) vmunix: [    0.240257] Bluetooth: HCI device and connection manager initialized
Jan  1 14:11:26 (none) vmunix: [    0.240278] Bluetooth: HCI socket layer initialized
Jan  1 14:11:26 (none) vmunix: [    0.240289] Bluetooth: L2CAP socket layer initialized
Jan  1 14:11:26 (none) vmunix: [    0.241596] pcie:pcie_init.
Jan  1 14:11:26 (none) vmunix: [    0.246067] pci-msm 1c00000.qcom,pcie: 1c00000.qcom,pcie supply vreg-3.3 not found, using dummy regulator
Jan  1 14:11:26 (none) vmunix: [    0.246573] pci-msm 1c00000.qcom,pcie: 1c00000.qcom,pcie supply gdsc-smmu not found, using dummy regulator
Jan  1 14:11:26 (none) vmunix: [    0.246787] msm_pcie_probe: PCIe: Driver probe failed for RC0:-517
Jan  1 14:11:26 (none) vmunix: [    0.249063] qcom-cpu-sdxprairie 17810008.qcom,clock-cpu: No speed/PVS binning available. Defaulting to 0!
Jan  1 14:11:26 (none) vmunix: [    0.250331] Clock_cpu:(cpu 0) OPP voltage for 345600000: 65
Jan  1 14:11:26 (none) vmunix: [    0.250341] Clock_cpu:(cpu 0) OPP voltage for 1555200000: 385
Jan  1 14:11:26 (none) vmunix: [    0.250356] qcom-cpu-sdxprairie 17810008.qcom,clock-cpu: CPU clock Driver probed successfully
Jan  1 14:11:26 (none) vmunix: [    0.252882] gcc-sdxprairie 100000.qcom,gcc: Registered GCC clocks
Jan  1 14:11:26 (none) vmunix: [    0.254897] cpufreq: driver msm up and running
Jan  1 14:11:26 (none) vmunix: [    0.255229] ipa ipa3_smp2p_probe:8943 fail to get smp2p clk resp bit -517
Jan  1 14:11:26 (none) vmunix: [    0.256364] pci-msm 1c00000.qcom,pcie: 1c00000.qcom,pcie supply vreg-3.3 not found, using dummy regulator
Jan  1 14:11:26 (none) vmunix: [    0.256872] pci-msm 1c00000.qcom,pcie: 1c00000.qcom,pcie supply gdsc-smmu not found, using dummy regulator
Jan  1 14:11:26 (none) vmunix: [    0.257383] register_client_adhoc:find path.src 45 dest 512
Jan  1 14:11:26 (none) vmunix: [    0.257778] register_client_adhoc:Client handle 5 pcie0
Jan  1 14:11:26 (none) vmunix: [    0.257990] msm_pcie_get_resources: PCIe: RC0 can't get tcsr resource.
Jan  1 14:11:26 (none) vmunix: [    0.259000] ipa ipa3_smp2p_probe:8943 fail to get smp2p clk resp bit -517
Jan  1 14:11:26 (none) vmunix: [    0.260342] clocksource: Switched to clocksource arch_sys_counter
Jan  1 14:11:26 (none) vmunix: [    0.322620] hw_id_probe: hw_id=3 gpio_0=103 gpio_1=104 gpio_2=105
Jan  1 14:11:26 (none) vmunix: [    0.323179] NET: Registered protocol family 2
Jan  1 14:11:26 (none) vmunix: [    0.324056] TCP established hash table entries: 8192 (order: 3, 32768 bytes)
Jan  1 14:11:26 (none) vmunix: [    0.324121] TCP bind hash table entries: 8192 (order: 3, 32768 bytes)
Jan  1 14:11:26 (none) vmunix: [    0.324170] TCP: Hash tables configured (established 8192 bind 8192)
Jan  1 14:11:26 (none) vmunix: [    0.324317] UDP hash table entries: 512 (order: 1, 8192 bytes)
Jan  1 14:11:26 (none) vmunix: [    0.324341] UDP-Lite hash table entries: 512 (order: 1, 8192 bytes)
Jan  1 14:11:26 (none) vmunix: [    0.324600] NET: Registered protocol family 1
Jan  1 14:11:26 (none) vmunix: [    0.324648] PCI: CLS 0 bytes, default 64
Jan  1 14:11:26 (none) vmunix: [    0.325318] ipa ipa3_smp2p_probe:8943 fail to get smp2p clk resp bit -517
Jan  1 14:11:26 (none) vmunix: [    0.327540] hw perfevents: enabled with armv7_cortex_a7 PMU driver, 5 counters available
Jan  1 14:11:26 (none) vmunix: [    0.329217] audit: initializing netlink subsys (disabled)
Jan  1 14:11:26 (none) vmunix: [    0.333282] audit: type=2000 audit(0.319:1): state=initialized audit_enabled=0 res=1
Jan  1 14:11:26 (none) vmunix: [    0.333468] workingset: timestamp_bits=29 max_order=18 bucket_order=0
Jan  1 14:11:26 (none) vmunix: [    0.338471] SELinux:  Registering netfilter hooks
Jan  1 14:11:26 (none) vmunix: [    0.345661] bounce: pool size: 64 pages
Jan  1 14:11:26 (none) vmunix: [    0.345851] Block layer SCSI generic (bsg) driver version 0.4 loaded (major 241)
Jan  1 14:11:26 (none) vmunix: [    0.345864] io scheduler noop registered
Jan  1 14:11:26 (none) vmunix: [    0.345870] io scheduler deadline registered
Jan  1 14:11:26 (none) vmunix: [    0.346149] io scheduler cfq registered (default)
Jan  1 14:11:26 (none) vmunix: [    0.346159] io scheduler mq-deadline registered
Jan  1 14:11:26 (none) vmunix: [    0.346166] io scheduler kyber registered
Jan  1 14:11:26 (none) vmunix: [    0.362429] qcom-sps-dma 804000.qcom,sps-dma: dma_async_device_register: device has no channels!
Jan  1 14:11:26 (none) vmunix: [    0.365508] qcom_smp2p: probe of 17811008.qcom,smp2p-modem failed with error -22
Jan  1 14:11:26 (none) vmunix: [    0.366393] register_client_adhoc:find path.src 125 dest 512
Jan  1 14:11:26 (none) vmunix: [    0.366801] register_client_adhoc:Client handle 6 scm_pas
Jan  1 14:11:26 (none) vmunix: [    0.367127] subsys-pil-tz 4080000.qcom,mss: for modem segments only will be dumped.
Jan  1 14:11:26 (none) vmunix: [    0.368620] subsys-pil-tz soc:qcom,ipa_fws: for ipa_fws segments only will be dumped.
Jan  1 14:11:26 (none) vmunix: [    0.379890] msm_serial 831000.serial: msm_serial: detected port #0
Jan  1 14:11:26 (none) vmunix: [    0.379961] msm_serial 831000.serial: uartclk = 1843200
Jan  1 14:11:26 (none) vmunix: [    0.380329] 831000.serial: ttyMSM0 at MMIO 0x831000 (irq = 25, base_baud = 115200) is a MSM
Jan  1 14:11:26 (none) vmunix: [    0.380475] msm_serial: console setup on port #0
Jan  1 14:11:26 (none) vmunix: [    1.810854] console [ttyMSM0] enabled
Jan  1 14:11:26 (none) vmunix: [    1.816841] msm_serial: driver initialized
Jan  1 14:11:26 (none) vmunix: [    1.820757] uart_tx_gpio is not available
Jan  1 14:11:26 (none) vmunix: [    1.823177] uart_rx_gpio is not available
Jan  1 14:11:26 (none) vmunix: [    1.827253] uart_cts_gpio is not available
Jan  1 14:11:26 (none) vmunix: [    1.831299] uart_rfr_gpio is not available
Jan  1 14:11:26 (none) vmunix: [    1.835610] register_client_adhoc:find path.src 86 dest 512
Jan  1 14:11:26 (none) vmunix: [    1.836088] register_client_adhoc:Client handle 7 buart2b
Jan  1 14:11:26 (none) vmunix: [    1.839732] sps: BAM device 0x00804000 is not registered yet.
Jan  1 14:11:26 (none) vmunix: [    1.850853] sps:BAM 0x00804000 is registered.
Jan  1 14:11:26 (none) vmunix: [    1.853122] 830000.uartb: ttyHS0 at MMIO 0x830000 (irq = 64, base_baud = 460800) is a MSM HS UART
Jan  1 14:11:26 (none) vmunix: [    1.863066] register_client_adhoc:find path.src 1 dest 618
Jan  1 14:11:26 (none) vmunix: [    1.863361] register_client_adhoc:Client handle 8 msm-rng-noc
Jan  1 14:11:26 (none) vmunix: [    1.872235] random: fast init done
Jan  1 14:11:26 (none) vmunix: [    1.883857] diag: Pcie registration initiated for id: 0
Jan  1 14:11:26 (none) vmunix: [    1.884175] ------------[ cut here ]------------
Jan  1 14:11:26 (none) vmunix: [    1.888920] WARNING: CPU: 0 PID: 1 at ../drivers/platform/msm/mhi_dev/mhi.c:4004 mhi_register_state_cb+0x1ec/0x1f4
Jan  1 14:11:26 (none) vmunix: [    1.894771] Modules linked in:
Jan  1 14:11:26 (none) vmunix: [    1.894955] random: crng init done
Jan  1 14:11:26 (none) vmunix: [    1.906973] CPU: 0 PID: 1 Comm: swapper Not tainted 4.14.206-perf #1
Jan  1 14:11:26 (none) vmunix: [    1.910458] Hardware name: Qualcomm Technologies, Inc. SDXPRAIRIE (Flattened Device Tree)
Jan  1 14:11:26 (none) vmunix: [    1.916944] [<c010f44c>] (unwind_backtrace) from [<c010c078>] (show_stack+0x10/0x14)
Jan  1 14:11:26 (none) vmunix: [    1.925826] [<c010c078>] (show_stack) from [<c0120b30>] (__warn+0xb8/0x100)
Jan  1 14:11:26 (none) vmunix: [    1.933426] [<c0120b30>] (__warn) from [<c0120c5c>] (warn_slowpath_null+0x20/0x28)
Jan  1 14:11:26 (none) vmunix: [    1.939544] [<c0120c5c>] (warn_slowpath_null) from [<c0a36a94>] (mhi_register_state_cb+0x1ec/0x1f4)
Jan  1 14:11:26 (none) vmunix: [    1.947166] [<c0a36a94>] (mhi_register_state_cb) from [<c0557618>] (diag_pcie_register+0x248/0x32c)
Jan  1 14:11:26 (none) vmunix: [    1.956093] [<c0557618>] (diag_pcie_register) from [<c054438c>] (diag_pcie_register_ops+0x84/0xbc)
Jan  1 14:11:26 (none) vmunix: [    1.965113] [<c054438c>] (diag_pcie_register_ops) from [<c0544460>] (diag_mux_register+0x34/0xd0)
Jan  1 14:11:26 (none) vmunix: [    1.974139] [<c0544460>] (diag_mux_register) from [<c053cf20>] (diagfwd_init+0x42c/0x570)
Jan  1 14:11:26 (none) vmunix: [    1.983072] [<c053cf20>] (diagfwd_init) from [<c123445c>] (diagchar_init+0x6e4/0x9a8)
Jan  1 14:11:26 (none) vmunix: [    1.991222] [<c123445c>] (diagchar_init) from [<c0101ba8>] (do_one_initcall+0x114/0x200)
Jan  1 14:11:26 (none) vmunix: [    1.999026] [<c0101ba8>] (do_one_initcall) from [<c1201088>] (kernel_init_freeable+0x134/0x1d0)
Jan  1 14:11:26 (none) vmunix: [    2.007213] [<c1201088>] (kernel_init_freeable) from [<c0ce33cc>] (kernel_init+0x8/0x128)
Jan  1 14:11:26 (none) vmunix: [    2.015628] [<c0ce33cc>] (kernel_init) from [<c0107ec8>] (ret_from_fork+0x14/0x2c)
Jan  1 14:11:26 (none) vmunix: [    2.023950] ---[ end trace aa8aa16c4c6e7c14 ]---
Jan  1 14:11:26 (none) vmunix: [    2.031543] diag: diag_pcie_register: failed registering pcie channels
Jan  1 14:11:26 (none) vmunix: [    2.036144] diag: MUX: unable to register pcie operations for proc: 0, err: -6
Jan  1 14:11:26 (none) vmunix: [    2.042567] diag: MUX: unable to register PCIe operations, continuing with USB registrations for proc: 0, err: -6
Jan  1 14:11:26 (none) vmunix: [    2.058129] diag: Unable to register with PCIE, id: 1
Jan  1 14:11:26 (none) vmunix: [    2.059997] diag: MUX: unable to register pcie operations for proc: 1, err: -5
Jan  1 14:11:26 (none) vmunix: [    2.065805] diag: MUX: unable to register PCIe operations, continuing with USB registrations for proc: 1, err: -5
Jan  1 14:11:26 (none) vmunix: [    2.074005] iommu: Adding device soc:apps_iommu_test_device to group 3
Jan  1 14:11:26 (none) vmunix: [    2.096015] brd: module loaded
Jan  1 14:11:26 (none) vmunix: [    2.106155] loop: module loaded
Jan  1 14:11:26 (none) vmunix: [    2.106828] zram: Added device: zram0
Jan  1 14:11:26 (none) vmunix: [    2.109220] QSEECOM: qseecom_probe: qseecom.qsee_version = 0x1402000
Jan  1 14:11:26 (none) vmunix: [    2.112364] QSEECOM: qseecom_retrieve_ce_data: Device does not support PFE/FDE
Jan  1 14:11:26 (none) vmunix: [    2.112380] QSEECOM: qseecom_probe: no-clock-support=0x1
Jan  1 14:11:26 (none) vmunix: [    2.118484] QSEECOM: qseecom_probe: qseecom.qsee_reentrancy_support = 2
Jan  1 14:11:26 (none) vmunix: [    2.131044] QSEECOM: qseecom_probe: secure app region addr=0x90000000 size=0x500000
Jan  1 14:11:26 (none) vmunix: [    2.133701] QSEECOM: qseecom_probe: qseecom.whitelist_support = 1
Jan  1 14:11:26 (none) vmunix: [    2.147291] nvtl_buzzer: pwm_buzzer_probe[170]: Buzzer probe success
Jan  1 14:11:26 (none) vmunix: [    2.151797] SCSI Media Changer driver v0.25 
Jan  1 14:11:26 (none) vmunix: [    2.158962] register_client_adhoc:find path.src 91 dest 512
Jan  1 14:11:26 (none) vmunix: [    2.159416] register_client_adhoc:Client handle 9 qpic_nand
Jan  1 14:11:26 (none) vmunix: [    2.163439] sps: BAM device 0x01b04000 is not registered yet.
Jan  1 14:11:26 (none) vmunix: [    2.173204] sps:BAM 0x01b04000 is registered.
Jan  1 14:11:26 (none) vmunix: [    2.173219] msm_nand_bam_init: msm_nand_bam_init: BAM device registered: bam_handle 0xec633c00
Jan  1 14:11:26 (none) vmunix: [    2.183516] sps:BAM 0x01b04000 (va:0xf1760000) enabled: ver:0x19, number of pipes:9
Jan  1 14:11:26 (none) vmunix: [    2.192194] msm_nand_version_check: nand_major:2, nand_minor:0, qpic_major:2, qpic_minor:0
Jan  1 14:11:26 (none) vmunix: [    2.199211] msm_nand_parse_smem_ptable: Parsing partition table info from SMEM
Jan  1 14:11:26 (none) vmunix: [    2.207519] msm_nand_parse_smem_ptable: SMEM partition table found: ver: 4 len: 28
Jan  1 14:11:26 (none) vmunix: [    2.214591] msm_nand_version_check: nand_major:2, nand_minor:0, qpic_major:2, qpic_minor:0
Jan  1 14:11:26 (none) vmunix: [    2.222672] msm_nand_flash_onfi_probe: Found an ONFI compliant device MT29F8G08ADBFA      ,
Jan  1 14:11:26 (none) vmunix: [    2.230363] msm_nand_scan: NAND Id: 0x26d0a32c Buswidth: 8Bits Density: 1024 MByte
Jan  1 14:11:26 (none) vmunix: [    2.238577] msm_nand_scan: pagesize: 4096 Erasesize: 262144 oobsize: 256 (in Bytes)
Jan  1 14:11:26 (none) vmunix: [    2.246230] msm_nand_scan: BCH ECC: 8 Bit
Jan  1 14:11:26 (none) vmunix: [    2.253758] msm_nand_scan: CFG0: 0x290409c0,           CFG1: 0x08045d5c
Jan  1 14:11:26 (none) vmunix: [    2.253758]             RAWCFG0: 0x2b8401c0,        RAWCFG1: 0x0005055d
Jan  1 14:11:26 (none) vmunix: [    2.253758]           ECCBUFCFG: 0x00000203,      ECCBCHCFG: 0x42040d10
Jan  1 14:11:26 (none) vmunix: [    2.253758]           RAWECCCFG: 0x42000d11, BAD BLOCK BYTE: 0x00000175
Jan  1 14:11:26 (none) vmunix: [    2.261886] Creating 28 MTD partitions on "1b00000.nand":
Jan  1 14:11:26 (none) vmunix: [    2.284163] 0x000000000000-0x000000280000 : "sbl"
Jan  1 14:11:26 (none) vmunix: [    2.291194] 0x000000280000-0x000000500000 : "mibib"
Jan  1 14:11:26 (none) vmunix: [    2.295301] 0x000000500000-0x000001a00000 : "efs2"
Jan  1 14:11:26 (none) vmunix: [    2.299860] 0x000001a00000-0x000001bc0000 : "tz"
Jan  1 14:11:26 (none) vmunix: [    2.304964] 0x000001bc0000-0x000001cc0000 : "tz_devcfg"
Jan  1 14:11:26 (none) vmunix: [    2.309512] 0x000001cc0000-0x000001e40000 : "ddr"
Jan  1 14:11:26 (none) vmunix: [    2.314642] 0x000001e40000-0x000001f40000 : "apdp"
Jan  1 14:11:26 (none) vmunix: [    2.319392] 0x000001f40000-0x000002040000 : "xbl_config"
Jan  1 14:11:26 (none) vmunix: [    2.324114] 0x000002040000-0x000002140000 : "multi_image"
Jan  1 14:11:26 (none) vmunix: [    2.329477] 0x000002140000-0x000002240000 : "aop"
Jan  1 14:11:26 (none) vmunix: [    2.334899] 0x000002240000-0x000002340000 : "qhee"
Jan  1 14:11:26 (none) vmunix: [    2.339536] 0x000002340000-0x000002440000 : "abl"
Jan  1 14:11:26 (none) vmunix: [    2.344307] 0x000002440000-0x0000026c0000 : "uefi"
Jan  1 14:11:26 (none) vmunix: [    2.348891] 0x0000026c0000-0x000002840000 : "toolsfv"
Jan  1 14:11:26 (none) vmunix: [    2.353784] 0x000002840000-0x0000029c0000 : "loader_sti"
Jan  1 14:11:26 (none) vmunix: [    2.358748] 0x0000029c0000-0x0000036c0000 : "boot"
Jan  1 14:11:26 (none) vmunix: [    2.364252] 0x0000036c0000-0x0000037c0000 : "scrub"
Jan  1 14:11:26 (none) vmunix: [    2.368715] 0x0000037c0000-0x00000a300000 : "modem"
Jan  1 14:11:26 (none) vmunix: [    2.373724] 0x00000a300000-0x00000a4c0000 : "misc"
Jan  1 14:11:26 (none) vmunix: [    2.378387] 0x00000a4c0000-0x00000a640000 : "devinfo"
Jan  1 14:11:26 (none) vmunix: [    2.383400] 0x00000a640000-0x00000bf40000 : "recovery"
Jan  1 14:11:26 (none) vmunix: [    2.388376] 0x00000bf40000-0x00000c100000 : "fota"
Jan  1 14:11:26 (none) vmunix: [    2.393610] 0x00000c100000-0x00000ea40000 : "recoveryfs"
Jan  1 14:11:26 (none) vmunix: [    2.398145] 0x00000ea40000-0x00000eb00000 : "ipa_fw"
Jan  1 14:11:26 (none) vmunix: [    2.403714] 0x00000eb00000-0x00000ec00000 : "usb_qti"
Jan  1 14:11:26 (none) vmunix: [    2.408653] 0x00000ec00000-0x00000ed00000 : "sec"
Jan  1 14:11:26 (none) vmunix: [    2.413733] 0x00000ed00000-0x00000ee00000 : "fotacookie"
Jan  1 14:11:26 (none) vmunix: [    2.418284] 0x00000ee00000-0x000020000000 : "system"
Jan  1 14:11:26 (none) vmunix: [    2.424527] msm_nand_probe: NANDc phys addr 0x1b00000, BAM phys addr 0x1b04000, BAM IRQ 34
Jan  1 14:11:26 (none) vmunix: [    2.427779] msm_nand_probe: Allocated DMA buffer at virt_addr 0xf10fb000, phys_addr 0xbd044000
Jan  1 14:11:26 (none) vmunix: [    2.435940] msm_nand_probe: Host capabilities:0x00000000
Jan  1 14:11:26 (none) vmunix: [    2.446413] MACsec IEEE 802.1AE
Jan  1 14:11:26 (none) vmunix: [    2.450543] libphy: Fixed MDIO Bus: probed
Jan  1 14:11:26 (none) vmunix: [    2.453017] tun: Universal TUN/TAP device driver, 1.6
Jan  1 14:11:26 (none) vmunix: [    2.457272] atlantic-fwd: atlantic_fwd_7 version: 1.1.18
Jan  1 14:11:26 (none) vmunix: [    2.462610] PPP generic driver version 2.4.2
Jan  1 14:11:26 (none) vmunix: [    2.468807] cnss: cnss_probe: rc_num=0
Jan  1 14:11:26 (none) vmunix: [    2.468830] cnss: Failed to find qrtr_node_id err=-22
Jan  1 14:11:26 (none) vmunix: [    2.468837] cnss: Probing platform driver from single DT
Jan  1 14:11:26 (none) vmunix: [    2.468845] cnss: set_wlaon_pwr_ctrl is 1
Jan  1 14:11:26 (none) vmunix: [    2.469135] cnss: Got regulator: vdd-wlan-aon, min_uv: 950000, max_uv: 950000, load_ua: 0, delay_us: 0
Jan  1 14:11:26 (none) vmunix: [    2.469416] cnss: Regulator vdd-wlan-aon is being enabled
Jan  1 14:11:26 (none) vmunix: [    2.470965] msm_pcie_enable: PCIe: Assert the reset of endpoint of RC0.
Jan  1 14:11:26 (none) vmunix: [    2.476468] msm_pcie_enable: PCIe: RC0: PCIE20_PARF_INT_ALL_MASK: 0x7f80c202
Jan  1 14:11:26 (none) vmunix: [    2.480530] msm_pcie_enable: PCIe RC0 PHY is ready!
Jan  1 14:11:26 (none) vmunix: [    2.495310] msm_pcie_enable: PCIe: Release the reset of endpoint of RC0.
Jan  1 14:11:26 (none) vmunix: [    2.522160] msm_pcie_enable: PCIe RC0 link initialized
Jan  1 14:11:26 (none) vmunix: [    2.522934] OF: PCI: host bridge /soc/qcom,pcie@1c00000 ranges:
Jan  1 14:11:26 (none) vmunix: [    2.526300] OF: PCI:   No bus range found for /soc/qcom,pcie@1c00000, using [bus 00-ff]
Jan  1 14:11:26 (none) vmunix: [    2.532198] OF: PCI:    IO 0x40200000..0x402fffff -> 0x40200000
Jan  1 14:11:26 (none) vmunix: [    2.540103] OF: PCI:   MEM 0x40300000..0x7fffffff -> 0x40300000
Jan  1 14:11:26 (none) vmunix: [    2.546051] pci-msm 1c00000.qcom,pcie: MSI: synopsys controller is present
Jan  1 14:11:26 (none) vmunix: [    2.552380] pci-msm 1c00000.qcom,pcie: PCI host bridge to bus 0000:00
Jan  1 14:11:26 (none) vmunix: [    2.558840] pci_bus 0000:00: root bus resource [bus 00-ff]
Jan  1 14:11:26 (none) vmunix: [    2.565380] pci_bus 0000:00: root bus resource [io  0x0000-0xfffff] (bus address [0x40200000-0x402fffff])
Jan  1 14:11:26 (none) vmunix: [    2.570785] pci_bus 0000:00: root bus resource [mem 0x40300000-0x7fffffff]
Jan  1 14:11:26 (none) vmunix: [    2.580504] pci 0000:00:00.0: [17cb:010c] type 01 class 0x060400
Jan  1 14:11:26 (none) vmunix: [    2.580694] pci 0000:00:00.0: reg 0x10: [mem 0x00000000-0x00000fff 64bit]
Jan  1 14:11:26 (none) vmunix: [    2.581092] pci 0000:00:00.0: PME# supported from D0 D3hot D3cold
Jan  1 14:11:26 (none) vmunix: [    2.581592] PCI: bus0: Fast back to back transfers disabled
Jan  1 14:11:26 (none) vmunix: [    2.587129] pci 0000:00:00.0: bridge configuration invalid ([bus 00-00]), reconfiguring
Jan  1 14:11:26 (none) vmunix: [    2.593097] pci 0000:01:00.0: [17cb:1101] type 00 class 0xff0000
Jan  1 14:11:26 (none) vmunix: [    2.593308] pci 0000:01:00.0: reg 0x10: [mem 0x00000000-0x000fffff 64bit]
Jan  1 14:11:26 (none) vmunix: [    2.593551] pci 0000:01:00.0: can't set Max Payload Size to 256; if necessary, use "pci=pcie_bus_safe" and report a bug
Jan  1 14:11:26 (none) vmunix: [    2.601053] pci 0000:01:00.0: PME# supported from D0 D3hot D3cold
Jan  1 14:11:26 (none) vmunix: [    2.601391] PCI: bus1: Fast back to back transfers disabled
Jan  1 14:11:26 (none) vmunix: [    2.611384] pci_bus 0000:01: busn_res: [bus 01-ff] end is updated to 01
Jan  1 14:11:26 (none) vmunix: [    2.611489] pci 0000:00:00.0: bridge window [io  0x1000-0x0fff] to [bus 01] add_size 1000
Jan  1 14:11:26 (none) vmunix: [    2.611504] pci 0000:00:00.0: bridge window [mem 0x00100000-0x000fffff 64bit pref] to [bus 01] add_size 200000 add_align 100000
Jan  1 14:11:26 (none) vmunix: [    2.611514] pci 0000:00:00.0: bridge window [mem 0x00100000-0x001fffff] to [bus 01] add_size 200000 add_align 100000
Jan  1 14:11:26 (none) vmunix: [    2.611568] pci 0000:00:00.0: BAR 8: assigned [mem 0x40300000-0x405fffff]
Jan  1 14:11:26 (none) vmunix: [    2.616911] pci 0000:00:00.0: BAR 9: assigned [mem 0x40600000-0x407fffff 64bit pref]
Jan  1 14:11:26 (none) vmunix: [    2.623900] pci 0000:00:00.0: BAR 0: assigned [mem 0x40800000-0x40800fff 64bit]
Jan  1 14:11:26 (none) vmunix: [    2.631744] pci 0000:00:00.0: BAR 7: assigned [io  0x1000-0x1fff]
Jan  1 14:11:26 (none) vmunix: [    2.638695] pci 0000:01:00.0: BAR 0: assigned [mem 0x40300000-0x403fffff 64bit]
Jan  1 14:11:26 (none) vmunix: [    2.645040] pci 0000:00:00.0: PCI bridge to [bus 01]
Jan  1 14:11:26 (none) vmunix: [    2.652066] pci 0000:00:00.0:   bridge window [io  0x1000-0x1fff]
Jan  1 14:11:26 (none) vmunix: [    2.657286] pci 0000:00:00.0:   bridge window [mem 0x40300000-0x405fffff]
Jan  1 14:11:26 (none) vmunix: [    2.663297] pci 0000:00:00.0:   bridge window [mem 0x40600000-0x407fffff 64bit pref]
Jan  1 14:11:26 (none) vmunix: [    2.670815] msm_pcie_enumerate: PCIe: RC0 has already been enumerated.
Jan  1 14:11:26 (none) vmunix: [    2.678124] iommu: Adding device 0000:01:00.0 to group 4
Jan  1 14:11:26 (none) vmunix: [    2.684309] cnss: PCI is probing, vendor ID: 0x17cb, device ID: 0x1101
Jan  1 14:11:26 (none) vmunix: [    2.684322] cnss: Failed to init resered mem device, err = -22
Jan  1 14:11:26 (none) vmunix: [    2.690269] cnss: subsys powerup is ignored
Jan  1 14:11:26 (none) vmunix: [    2.690407] cnss: Ramdump size 0x400000
Jan  1 14:11:26 (none) vmunix: [    2.690441] cnss2 a0000000.qcom,cnss-qca6390: for wlan segments only will be dumped.
Jan  1 14:11:26 (none) vmunix: [    2.695543] cnss: smmu_iova_start: 0xa0000000, smmu_iova_len: 268435456
Jan  1 14:11:26 (none) vmunix: [    2.695554] cnss: single dt - smmu_iova_ipa_start: 0xb0000000, smmu_iova_ipa_len: 65536
Jan  1 14:11:26 (none) vmunix: [    2.695562] cnss: DOMAIN_ATTR_GEOMETRY: 1
Jan  1 14:11:26 (none) vmunix: [    2.695567] cnss: Initializing SMMU
Jan  1 14:11:26 (none) vmunix: [    2.695578] cnss: Enabling SMMU S1 stage
Jan  1 14:11:26 (none) vmunix: [    2.697229] cnss_pci 0000:01:00.0: BAR 0: assigned [mem 0x40300000-0x403fffff 64bit]
Jan  1 14:11:26 (none) vmunix: [    2.703429] pci 0000:00:00.0: enabling device (0146 -> 0147)
Jan  1 14:11:26 (none) vmunix: [    2.710968] cnss_pci 0000:01:00.0: enabling device (0140 -> 0142)
Jan  1 14:11:26 (none) vmunix: [    2.716741] cnss: disable_l1 0
Jan  1 14:11:26 (none) vmunix: [    2.717076] cnss: Config PCIe remap window register to 0x4000003f
Jan  1 14:11:26 (none) vmunix: [    2.717096] cnss: Read register offset 0x1f8031c, val = 0x6
Jan  1 14:11:26 (none) vmunix: [    2.717114] cnss: Write val 0x2 to register offset 0x1f8031c
Jan  1 14:11:26 (none) vmunix: [    2.718439] cnss: MSI base data is 0
Jan  1 14:11:26 (none) vmunix: [    2.718454] cnss: get firmware path[] for device[0x1101]
Jan  1 14:11:26 (none) vmunix: [    2.718469] cnss: BAR starts at 0x40300000
Jan  1 14:11:26 (none) vmunix: [    2.718481] cnss: Assign MSI to user: MHI, num_vectors: 3, user_base_data: 0, base_vector: 0
Jan  1 14:11:26 (none) vmunix: [    2.718490] cnss: Number of assigned MSI for MHI is 3, base vector is 0
Jan  1 14:11:26 (none) vmunix: [    2.718498] cnss: Get IRQ number 161 for vector index 0
Jan  1 14:11:26 (none) vmunix: [    2.718504] cnss: Get IRQ number 162 for vector index 1
Jan  1 14:11:26 (none) vmunix: [    2.718509] cnss: Get IRQ number 163 for vector index 2
Jan  1 14:11:26 (none) vmunix: [    2.719805] cnss: Get device version info, family number: 0x4, device number: 0xa, major version: 0x2, minor version: 0x0
Jan  1 14:11:26 (none) vmunix: [    2.719828] cnss: get firmware path[] for device[0x1101]
Jan  1 14:11:26 (none) vmunix: [    2.719835] cnss: Firmware name is amss20.bin
Jan  1 14:11:26 (none) vmunix: [    2.719863] cnss: Config PCIe remap window register to 0x40000032
Jan  1 14:11:26 (none) vmunix: [    2.719876] cnss: Get device JTAG ID 0x301050e1
Jan  1 14:11:26 (none) vmunix: [    2.719893] cnss: Config PCIe remap window register to 0x4000003f
Jan  1 14:11:26 (none) vmunix: [    2.719909] cnss: Read register offset 0x1f8031c, val = 0x2
Jan  1 14:11:26 (none) vmunix: [    2.719926] cnss: Write val 0x3 to register offset 0x1f8031c
Jan  1 14:11:26 (none) vmunix: [    2.722033] cnss: Suspending PCI link
Jan  1 14:11:26 (none) vmunix: [    2.840817] msm_pcie_disable: PCIe: Assert the reset of endpoint of RC0.
Jan  1 14:11:26 (none) vmunix: [    2.842256] cnss: Regulator vdd-wlan-aon is being disabled
Jan  1 14:11:26 (none) vmunix: [    2.842753] AXI: get_pdata(): Error: Client name not found
Jan  1 14:11:26 (none) vmunix: [    2.846679] AXI: msm_bus_cl_get_pdata(): client has to provide missing entry for successful registration
Jan  1 14:11:26 (none) vmunix: [    2.852688] cnss: Platform driver probed successfully.
Jan  1 14:11:26 (none) vmunix: [    2.862652] usbcore: registered new interface driver asix
Jan  1 14:11:26 (none) vmunix: [    2.866634] usbcore: registered new interface driver ax88179_178a
Jan  1 14:11:26 (none) vmunix: [    2.872185] usbcore: registered new interface driver cdc_ether
Jan  1 14:11:26 (none) vmunix: [    2.878160] usbcore: registered new interface driver smsc75xx
Jan  1 14:11:26 (none) vmunix: [    2.883904] usbcore: registered new interface driver smsc95xx
Jan  1 14:11:26 (none) vmunix: [    2.889674] usbcore: registered new interface driver net1080
Jan  1 14:11:26 (none) vmunix: [    2.895432] usbcore: registered new interface driver cdc_subset
Jan  1 14:11:26 (none) vmunix: [    2.901154] usbcore: registered new interface driver zaurus
Jan  1 14:11:26 (none) vmunix: [    2.907299] usbcore: registered new interface driver cdc_ncm
Jan  1 14:11:26 (none) vmunix: [    2.916061] sd_vdd: supplied by vddpx_2
Jan  1 14:11:26 (none) vmunix: [    2.921897] iommu: Adding device a600000.ssusb to group 5
Jan  1 14:11:26 (none) vmunix: [    2.925132] dwc3 a600000.dwc3: changing max_speed on rev 00000000
Jan  1 14:11:26 (none) vmunix: [    2.932105] register_client_adhoc:find path.src 61 dest 512
Jan  1 14:11:26 (none) vmunix: [    2.932525] register_client_adhoc:find path.src 61 dest 676
Jan  1 14:11:26 (none) vmunix: [    2.933555] register_client_adhoc:find path.src 1 dest 583
Jan  1 14:11:26 (none) vmunix: [    2.938929] register_client_adhoc:Client handle 10 usb
Jan  1 14:11:26 (none) vmunix: [    2.952485] ehci_hcd: USB 2.0 'Enhanced' Host Controller (EHCI) Driver
Jan  1 14:11:26 (none) vmunix: [    2.956699] ehci-pci: EHCI PCI platform driver
Jan  1 14:11:26 (none) vmunix: [    2.963516] ehci-msm: Qualcomm On-Chip EHCI Host Controller
Jan  1 14:11:26 (none) vmunix: [    2.969438] usbcore: registered new interface driver cdc_acm
Jan  1 14:11:26 (none) vmunix: [    2.974199] cdc_acm: USB Abstract Control Model driver for USB modems and ISDN adapters
Jan  1 14:11:26 (none) vmunix: [    2.979121] usbcore: registered new interface driver usb-storage
Jan  1 14:11:26 (none) vmunix: [    2.986865] usbcore: registered new interface driver ums-alauda
Jan  1 14:11:26 (none) vmunix: [    2.993026] usbcore: registered new interface driver ums-cypress
Jan  1 14:11:26 (none) vmunix: [    2.998578] usbcore: registered new interface driver ums-datafab
Jan  1 14:11:26 (none) vmunix: [    3.004867] usbcore: registered new interface driver ums-freecom
Jan  1 14:11:26 (none) vmunix: [    3.010852] usbcore: registered new interface driver ums-isd200
Jan  1 14:11:26 (none) vmunix: [    3.016842] usbcore: registered new interface driver ums-jumpshot
Jan  1 14:11:26 (none) vmunix: [    3.022485] usbcore: registered new interface driver ums-karma
Jan  1 14:11:26 (none) vmunix: [    3.028691] usbcore: registered new interface driver ums-onetouch
Jan  1 14:11:26 (none) vmunix: [    3.034460] usbcore: registered new interface driver ums-sddr09
Jan  1 14:11:26 (none) vmunix: [    3.040615] usbcore: registered new interface driver ums-sddr55
Jan  1 14:11:26 (none) vmunix: [    3.046314] usbcore: registered new interface driver ums-usbat
Jan  1 14:11:26 (none) vmunix: [    3.052360] usbcore: registered new interface driver usbserial
Jan  1 14:11:26 (none) vmunix: [    3.058125] usbcore: registered new interface driver ftdi_sio
Jan  1 14:11:26 (none) vmunix: [    3.063986] usbserial: USB Serial support registered for FTDI USB Serial Device
Jan  1 14:11:26 (none) vmunix: [    3.069780] usbcore: registered new interface driver usb_ehset_test
Jan  1 14:11:26 (none) vmunix: [    3.076912] usbcore: registered new interface driver lvs
Jan  1 14:11:26 (none) vmunix: [    3.085070] qti_usb_gadget: probe of qcom_gadget failed with error -22
Jan  1 14:11:26 (none) vmunix: [    3.092523] qpnp-pdphy c440000.qcom,spmi:qcom,pm8150b@2:qcom,usb-pdphy@1700: usbpd_create failed: -517
Jan  1 14:11:26 (none) vmunix: [    3.097822] qcom,qpnp-rtc c440000.qcom,spmi:qcom,pmxprairie@8:qcom,rtc@6000: rtc core: registered qpnp_rtc as rtc0
Jan  1 14:11:26 (none) vmunix: [    3.105809] i2c /dev entries driver
Jan  1 14:11:26 (none) vmunix: [    3.115865] IR NEC protocol handler initialized
Jan  1 14:11:26 (none) vmunix: [    3.117980] IR RC5(x/sz) protocol handler initialized
Jan  1 14:11:26 (none) vmunix: [    3.122782] IR RC6 protocol handler initialized
Jan  1 14:11:26 (none) vmunix: [    3.127696] IR JVC protocol handler initialized
Jan  1 14:11:26 (none) vmunix: [    3.132093] IR Sony protocol handler initialized
Jan  1 14:11:26 (none) vmunix: [    3.136553] IR SANYO protocol handler initialized
Jan  1 14:11:26 (none) vmunix: [    3.141440] IR Sharp protocol handler initialized
Jan  1 14:11:26 (none) vmunix: [    3.146018] IR MCE Keyboard/mouse protocol handler initialized
Jan  1 14:11:26 (none) vmunix: [    3.150741] IR XMP protocol handler initialized
Jan  1 14:11:26 (none) vmunix: [    3.164955] (NULL device *): hwmon_device_register() is deprecated. Please convert the driver to use hwmon_device_register_with_info().
Jan  1 14:11:26 (none) vmunix: [    3.172997] FG: fg_gen4_get_batt_id: fg_gen4_get_batt_id battery_id: 7500, retries: 5 BEFORE
Jan  1 14:11:26 (none) vmunix: [    3.176067] FG: fg_gen4_get_batt_id: fg_gen4_get_batt_id battery_id: 7500, retries: 5 AFTER
Jan  1 14:11:26 (none) vmunix: [    3.184818] FG: fg_gen4_probe: battery SOC:0 voltage: 4008290uV temp: 242 id: 7500 ohms
Jan  1 14:11:26 (none) vmunix: [    3.195119] Couldn't parse device tree rc=-517
Jan  1 14:11:26 (none) vmunix: [    3.201121] FG: fg_gen4_get_batt_id: fg_gen4_get_batt_id battery_id: 7500, retries: 5 BEFORE
Jan  1 14:11:26 (none) vmunix: [    3.205317] FG: fg_gen4_get_batt_id: fg_gen4_get_batt_id battery_id: 7500, retries: 5 AFTER
Jan  1 14:11:26 (none) vmunix: [    3.219783] of_batterydata_get_best_profile: No battery data found
Jan  1 14:11:26 (none) vmunix: [    3.222100] FG: fg_gen4_get_batt_profile: couldn't find profile handle
Jan  1 14:11:26 (none) vmunix: [    3.228205] FG: profile_load_work: profile for batt_id=7KOhms not found..using OTP, rc:-61
Jan  1 14:11:26 (none) vmunix: [    3.244502] softdog: initialized. soft_noboot=0 soft_margin=60 sec soft_panic=0 (nowayout=0)
Jan  1 14:11:26 (none) vmunix: [    3.245779] bt_dt_parse_vreg_info: qca,bt-vdd-vl: is not provided in device tree
Jan  1 14:11:26 (none) vmunix: [    3.252648] FG: fg_psy_get_property: unsupported property 4
Jan  1 14:11:26 (none) vmunix: [    3.259841] bt_dt_parse_vreg_info: qca,bt-vdd-vm: is not provided in device tree
Jan  1 14:11:26 (none) vmunix: [    3.265049] bt_dt_parse_vreg_info: qca,bt-vdd-5c: is not provided in device tree
Jan  1 14:11:26 (none) vmunix: [    3.272647] bt_dt_parse_vreg_info: qca,bt-vdd-5a: is not provided in device tree
Jan  1 14:11:26 (none) vmunix: [    3.280022] bt_dt_parse_vreg_info: qca,bt-vdd-vh: is not provided in device tree
Jan  1 14:11:26 (none) vmunix: [    3.287439] bt_dt_parse_vreg_info: qca,bt-vdd-io: is not provided in device tree
Jan  1 14:11:26 (none) vmunix: [    3.294770] bt_dt_parse_vreg_info: qca,bt-vdd-xtal: is not provided in device tree
Jan  1 14:11:26 (none) vmunix: [    3.302159] bt_dt_parse_vreg_info: qca,bt-vdd-pa: is not provided in device tree
Jan  1 14:11:26 (none) vmunix: [    3.309525] bt_dt_parse_vreg_info: qca,bt-vdd-ldo: is not provided in device tree
Jan  1 14:11:26 (none) vmunix: [    3.317123] bt_dt_parse_vreg_info: qca,bt-chip-pwd: is not provided in device tree
Jan  1 14:11:26 (none) vmunix: [    3.324460] bt_dt_parse_vreg_info: qca,bt-vdd-s5: is not provided in device tree
Jan  1 14:11:26 (none) vmunix: [    3.331939] bt_power_populate_dt_pinfo: bt-swctrl-gpio not entered in devicetree
Jan  1 14:11:26 (none) vmunix: [    3.339479] bt_power_populate_dt_pinfo: bt-3P3-gpio not provided in devicetree
Jan  1 14:11:26 (none) vmunix: [    3.346853] bt_power_populate_dt_pinfo: bt-1P3-gpio not provided in devicetree
Jan  1 14:11:26 (none) vmunix: [    3.353877] bt_dt_parse_clk_info: clocks is not provided in device tree
Jan  1 14:11:26 (none) vmunix: [    3.361149] bt_power_populate_dt_pinfo: clock not provided in device tree
Jan  1 14:11:26 (none) vmunix: [    3.374953] tz_log 1468f720.tz-log: Hyp log service is not supported
Jan  1 14:11:26 (none) vmunix: [    3.377318] usbcore: registered new interface driver usbhid
Jan  1 14:11:26 (none) vmunix: [    3.380894] usbhid: USB HID core driver
Jan  1 14:11:26 (none) vmunix: [    3.386931] ipa_ut ipa_ut_module_init:1045 Loading IPA test module...
Jan  1 14:11:26 (none) vmunix: [    3.391894] register_client_adhoc:find path.src 1 dest 627
Jan  1 14:11:26 (none) vmunix: [    3.392152] register_client_adhoc:Client handle 10 soc:qcom,snoc_pcnoc_keepalive
Jan  1 14:11:26 (none) vmunix: [    3.397721] register_client_adhoc:find path.src 1 dest 512
Jan  1 14:11:26 (none) vmunix: [    3.402194] register_client_adhoc:Client handle 11 soc:qcom,ddr_keepalive
Jan  1 14:11:26 (none) vmunix: [    3.411073] register_client_adhoc:find path.src 1 dest 512
Jan  1 14:11:26 (none) vmunix: [    3.414940] register_client_adhoc:Client handle 12 soc:qcom,cpubw
Jan  1 14:11:26 (none) vmunix: [    3.425252] coresight-tmc 6b09000.tmc: invalid cti data
Jan  1 14:11:26 (none) vmunix: [    3.433221] coresight-tmc 6048000.tmc: failed to get flush cti, defer probe
Jan  1 14:11:26 (none) vmunix: [    3.438896] coresight-dynamic-funnel 6045000.funnel: FUNNEL initialized
Jan  1 14:11:26 (none) vmunix: [    3.445403] coresight-dynamic-funnel 6b08000.funnel: FUNNEL initialized
Jan  1 14:11:26 (none) vmunix: [    3.451960] coresight-dynamic-funnel 6005000.funnel: FUNNEL initialized
Jan  1 14:11:26 (none) vmunix: [    3.458497] coresight-dynamic-funnel 6041000.funnel: FUNNEL initialized
Jan  1 14:11:26 (none) vmunix: [    3.465152] coresight-dynamic-funnel 6042000.funnel: FUNNEL initialized
Jan  1 14:11:26 (none) vmunix: [    3.471752] coresight-dynamic-funnel 6804000.funnel: FUNNEL initialized
Jan  1 14:11:26 (none) vmunix: [    3.478291] coresight-dynamic-funnel 680c000.funnel: FUNNEL initialized
Jan  1 14:11:26 (none) vmunix: [    3.484930] coresight-dynamic-funnel 680a000.funnel: FUNNEL initialized
Jan  1 14:11:26 (none) vmunix: [    3.491514] coresight-dynamic-funnel 69e2000.funnel: FUNNEL initialized
Jan  1 14:11:26 (none) vmunix: [    3.499448] coresight-stm 6002000.stm: stm_register_device failed, probing deffered
Jan  1 14:11:26 (none) vmunix: [    3.514269] coresight-csr 6001000.csr: CSR initialized: coresight-csr
Jan  1 14:11:26 (none) vmunix: [    3.514472] coresight-csr 6b0e000.csr: CSR initialized: coresight-swao-csr
Jan  1 14:11:26 (none) vmunix: [    3.520688] coresight-dummy soc:dummy_sink: Dummy device initialized
Jan  1 14:11:26 (none) vmunix: [    3.527223] coresight-remote-etm soc:modem_etm0: Remote ETM initialized
Jan  1 14:11:26 (none) vmunix: [    3.533391] coresight-remote-etm soc:modem_etm1: Remote ETM initialized
Jan  1 14:11:26 (none) vmunix: [    3.540569] Netfilter messages via NETLINK v0.30.
Jan  1 14:11:26 (none) vmunix: [    3.546093] nf_conntrack version 0.5.0 (13312 buckets, 53248 max)
Jan  1 14:11:26 (none) vmunix: [    3.551015] ctnetlink v0.93: registering with nfnetlink.
Jan  1 14:11:26 (none) vmunix: [    3.557092] xt_time: kernel timezone is -0000
Jan  1 14:11:26 (none) vmunix: [    3.562273] ip_set: protocol 6
Jan  1 14:11:26 (none) vmunix: [    3.589751] wireguard: chacha20 self-tests: pass
Jan  1 14:11:26 (none) vmunix: [    3.612768] wireguard: poly1305 self-tests: pass
Jan  1 14:11:26 (none) vmunix: [    3.614226] wireguard: chacha20poly1305 self-tests: pass
Jan  1 14:11:26 (none) vmunix: [    3.618624] wireguard: blake2s self-tests: pass
Jan  1 14:11:26 (none) vmunix: [    3.762772] wireguard: curve25519 self-tests: pass
Jan  1 14:11:26 (none) vmunix: [    3.763021] wireguard: allowedips self-tests: pass
Jan  1 14:11:26 (none) vmunix: [    3.782297] wireguard: nonce counter self-tests: pass
Jan  1 14:11:26 (none) vmunix: [    4.245101] wireguard: ratelimiter self-tests: pass
Jan  1 14:11:26 (none) vmunix: [    4.245364] wireguard: WireGuard 1.0.20210606 loaded. See www.wireguard.com for information.
Jan  1 14:11:26 (none) vmunix: [    4.248817] wireguard: Copyright (C) 2015-2019 Jason A. Donenfeld <Jason@zx2c4.com>. All Rights Reserved.
Jan  1 14:11:26 (none) vmunix: [    4.257664] ipip: IPv4 and MPLS over IPv4 tunneling driver
Jan  1 14:11:26 (none) vmunix: [    4.267321] gre: GRE over IPv4 demultiplexor driver
Jan  1 14:11:26 (none) vmunix: [    4.272363] ip_gre: GRE over IPv4 tunneling driver
Jan  1 14:11:26 (none) vmunix: [    4.278069] ip_tables: (C) 2000-2006 Netfilter Core Team
Jan  1 14:11:26 (none) vmunix: [    4.282410] arp_tables: arp_tables: (C) 2002 David S. Miller
Jan  1 14:11:26 (none) vmunix: [    4.287818] NET: Registered protocol family 10
Jan  1 14:11:26 (none) vmunix: [    4.294175] Segment Routing with IPv6
Jan  1 14:11:26 (none) vmunix: [    4.297381] ip6_tables: (C) 2000-2006 Netfilter Core Team
Jan  1 14:11:26 (none) vmunix: [    4.301514] sit: IPv6, IPv4 and MPLS over IPv4 tunneling driver
Jan  1 14:11:26 (none) vmunix: [    4.307310] ip6_gre: GRE over IPv6 tunneling driver
Jan  1 14:11:26 (none) vmunix: [    4.312676] NET: Registered protocol family 17
Jan  1 14:11:26 (none) vmunix: [    4.317085] Bridge firewalling registered
Jan  1 14:11:26 (none) vmunix: [    4.321610] Ebtables v2.0 registered
Jan  1 14:11:26 (none) vmunix: [    4.325816] 8021q: 802.1Q VLAN Support v1.8
Jan  1 14:11:26 (none) vmunix: [    4.329636] ------------[ cut here ]------------
Jan  1 14:11:26 (none) vmunix: [    4.333274] WARNING: CPU: 0 PID: 1 at ../drivers/platform/msm/mhi_dev/mhi.c:4004 mhi_register_state_cb+0x1ec/0x1f4
Jan  1 14:11:26 (none) vmunix: [    4.338058] Modules linked in:
Jan  1 14:11:26 (none) vmunix: [    4.348227] CPU: 0 PID: 1 Comm: swapper Tainted: G        W       4.14.206-perf #1
Jan  1 14:11:26 (none) vmunix: [    4.351269] Hardware name: Qualcomm Technologies, Inc. SDXPRAIRIE (Flattened Device Tree)
Jan  1 14:11:26 (none) vmunix: [    4.358813] [<c010f44c>] (unwind_backtrace) from [<c010c078>] (show_stack+0x10/0x14)
Jan  1 14:11:26 (none) vmunix: [    4.367064] [<c010c078>] (show_stack) from [<c0120b30>] (__warn+0xb8/0x100)
Jan  1 14:11:26 (none) vmunix: [    4.374870] [<c0120b30>] (__warn) from [<c0120c5c>] (warn_slowpath_null+0x20/0x28)
Jan  1 14:11:26 (none) vmunix: [    4.381555] [<c0120c5c>] (warn_slowpath_null) from [<c0a36a94>] (mhi_register_state_cb+0x1ec/0x1f4)
Jan  1 14:11:26 (none) vmunix: [    4.389191] [<c0a36a94>] (mhi_register_state_cb) from [<c0ccc4a4>] (qrtr_mhi_dev_probe+0x120/0x178)
Jan  1 14:11:26 (none) vmunix: [    4.398145] [<c0ccc4a4>] (qrtr_mhi_dev_probe) from [<c057dc58>] (platform_drv_probe+0x58/0xa4)
Jan  1 14:11:26 (none) vmunix: [    4.407169] [<c057dc58>] (platform_drv_probe) from [<c057b3d4>] (driver_probe_device+0x1a0/0x480)
Jan  1 14:11:26 (none) vmunix: [    4.415851] [<c057b3d4>] (driver_probe_device) from [<c057b948>] (__driver_attach+0xa0/0x118)
Jan  1 14:11:26 (none) vmunix: [    4.424788] [<c057b948>] (__driver_attach) from [<c0579788>] (bus_for_each_dev+0x8c/0xc4)
Jan  1 14:11:26 (none) vmunix: [    4.433294] [<c0579788>] (bus_for_each_dev) from [<c0579ed0>] (bus_add_driver+0x140/0x268)
Jan  1 14:11:26 (none) vmunix: [    4.441453] [<c0579ed0>] (bus_add_driver) from [<c057c9a0>] (driver_register+0x98/0xe8)
Jan  1 14:11:26 (none) vmunix: [    4.449598] [<c057c9a0>] (driver_register) from [<c0101ba8>] (do_one_initcall+0x114/0x200)
Jan  1 14:11:26 (none) vmunix: [    4.457517] [<c0101ba8>] (do_one_initcall) from [<c1201088>] (kernel_init_freeable+0x134/0x1d0)
Jan  1 14:11:26 (none) vmunix: [    4.465852] [<c1201088>] (kernel_init_freeable) from [<c0ce33cc>] (kernel_init+0x8/0x128)
Jan  1 14:11:26 (none) vmunix: [    4.474440] [<c0ce33cc>] (kernel_init) from [<c0107ec8>] (ret_from_fork+0x14/0x2c)
Jan  1 14:11:26 (none) vmunix: [    4.482765] ---[ end trace aa8aa16c4c6e7c15 ]---
Jan  1 14:11:26 (none) vmunix: [    4.493179] dwc3 a600000.dwc3: changing max_speed on rev 00000000
Jan  1 14:11:26 (none) vmunix: [    4.498520] register_client_adhoc:find path.src 61 dest 512
Jan  1 14:11:26 (none) vmunix: [    4.498837] register_client_adhoc:find path.src 61 dest 676
Jan  1 14:11:26 (none) vmunix: [    4.501187] register_client_adhoc:find path.src 1 dest 583
Jan  1 14:11:26 (none) vmunix: [    4.506504] register_client_adhoc:Client handle 13 usb
Jan  1 14:11:26 (none) vmunix: [    4.511975] usb_bam_init: setting SPS_BAM_SMMU_EN flag with (a704000.qcom,usbbam)
Jan  1 14:11:26 (none) vmunix: [    4.522932] sps:BAM 0x0a704000 is registered.
Jan  1 14:11:26 (none) vmunix: [    4.526982] ipa_rm ipa_rm_delete_resource:146 IPA RM was not initialized
Jan  1 14:11:26 (none) vmunix: [    4.534523] usb_bam_ipa_delete_resources: Failed to delete USB_PROD resource
Jan  1 14:11:26 (none) vmunix: [    4.541302] ipa_rm ipa_rm_delete_resource:146 IPA RM was not initialized
Jan  1 14:11:26 (none) vmunix: [    4.548290] usb_bam_ipa_delete_resources: Failed to delete USB_CONS resource
Jan  1 14:11:26 (none) vmunix: [    4.557786] qpnp-pdphy c440000.qcom,spmi:qcom,pm8150b@2:qcom,usb-pdphy@1700: usbpd_create failed: -517
Jan  1 14:11:26 (none) vmunix: [    4.565703] (NULL device *): hwmon_device_register() is deprecated. Please convert the driver to use hwmon_device_register_with_info().
Jan  1 14:11:26 (none) vmunix: [    4.571424] Input suspended: Fake battery
Jan  1 14:11:26 (none) vmunix: [    4.584427] typec_usb_send_mifi_pwr_event: event = 121 and prev_event=-1
Jan  1 14:11:26 (none) vmunix: [    4.589331] of_batterydata_get_best_profile: No battery data found
Jan  1 14:11:26 (none) vmunix: [    4.594350] smblib_send_chg_det_event: SDP detected, pd_active 0, apsd_result->pst 4, typec_mode : 6 
Jan  1 14:11:26 (none) vmunix: [    4.601367] pm8150b_charger: jeita_update_work: Incorrect fastchg-current-ma or max-voltage-uv
Jan  1 14:11:26 (none) vmunix: [    4.621265] SMB5 status - usb:present=1 type=4 batt:present = 1 health = 1 charge = 1
Jan  1 14:11:26 (none) vmunix: [    4.621434] QPNP SMB5 probed successfully
Jan  1 14:11:26 (none) vmunix: [    4.637846] coresight-tmc 6b09000.tmc: invalid cti data
Jan  1 14:11:26 (none) vmunix: [    4.638790] ------------[ cut here ]------------
Jan  1 14:11:26 (none) vmunix: [    4.642161] WARNING: CPU: 0 PID: 199 at ../drivers/platform/msm/mhi_dev/mhi.c:4004 mhi_register_state_cb+0x1ec/0x1f4
Jan  1 14:11:26 (none) vmunix: [    4.646774] Modules linked in:
Jan  1 14:11:26 (none) vmunix: [    4.657280] CPU: 0 PID: 199 Comm: kworker/0:2 Tainted: G        W       4.14.206-perf #1
Jan  1 14:11:26 (none) vmunix: [    4.660147] Hardware name: Qualcomm Technologies, Inc. SDXPRAIRIE (Flattened Device Tree)
Jan  1 14:11:26 (none) vmunix: [    4.668390] Workqueue: events deferred_probe_work_func
Jan  1 14:11:26 (none) vmunix: [    4.676469] [<c010f44c>] (unwind_backtrace) from [<c010c078>] (show_stack+0x10/0x14)
Jan  1 14:11:26 (none) vmunix: [    4.681506] [<c010c078>] (show_stack) from [<c0120b30>] (__warn+0xb8/0x100)
Jan  1 14:11:26 (none) vmunix: [    4.689384] [<c0120b30>] (__warn) from [<c0120c5c>] (warn_slowpath_null+0x20/0x28)
Jan  1 14:11:26 (none) vmunix: [    4.696085] [<c0120c5c>] (warn_slowpath_null) from [<c0a36a94>] (mhi_register_state_cb+0x1ec/0x1f4)
Jan  1 14:11:26 (none) vmunix: [    4.703741] [<c0a36a94>] (mhi_register_state_cb) from [<c0a74954>] (byte_cntr_init+0x2f8/0x300)
Jan  1 14:11:26 (none) vmunix: [    4.712672] [<c0a74954>] (byte_cntr_init) from [<c0a6ef84>] (tmc_probe+0x704/0x814)
Jan  1 14:11:26 (none) vmunix: [    4.721347] [<c0a6ef84>] (tmc_probe) from [<c04a242c>] (amba_probe+0xdc/0x14c)
Jan  1 14:11:26 (none) vmunix: [    4.728971] [<c04a242c>] (amba_probe) from [<c057b3d4>] (driver_probe_device+0x1a0/0x480)
Jan  1 14:11:26 (none) vmunix: [    4.736282] [<c057b3d4>] (driver_probe_device) from [<c0579a74>] (bus_for_each_drv+0x84/0xc4)
Jan  1 14:11:26 (none) vmunix: [    4.744525] [<c0579a74>] (bus_for_each_drv) from [<c057b7d4>] (__device_attach+0xb0/0x164)
Jan  1 14:11:26 (none) vmunix: [    4.753031] [<c057b7d4>] (__device_attach) from [<c0579c0c>] (bus_probe_device+0x2c/0x84)
Jan  1 14:11:26 (none) vmunix: [    4.761193] [<c0579c0c>] (bus_probe_device) from [<c057bd6c>] (deferred_probe_work_func+0xc4/0x168)
Jan  1 14:11:26 (none) vmunix: [    4.769429] [<c057bd6c>] (deferred_probe_work_func) from [<c013c384>] (process_one_work+0x1c4/0x490)
Jan  1 14:11:26 (none) vmunix: [    4.778295] [<c013c384>] (process_one_work) from [<c013c138>] (process_scheduled_works+0x20/0x30)
Jan  1 14:11:26 (none) vmunix: [    4.787669] [<c013c138>] (process_scheduled_works) from [<c013ca38>] (worker_thread+0x398/0x578)
Jan  1 14:11:26 (none) vmunix: [    4.796438] [<c013ca38>] (worker_thread) from [<c01411a8>] (kthread+0x144/0x148)
Jan  1 14:11:26 (none) vmunix: [    4.805287] [<c01411a8>] (kthread) from [<c0107ec8>] (ret_from_fork+0x14/0x2c)
Jan  1 14:11:26 (none) vmunix: [    4.812660] ---[ end trace aa8aa16c4c6e7c16 ]---
Jan  1 14:11:26 (none) vmunix: [    4.819966] sps:BAM 0x06064000 is registered.
Jan  1 14:11:26 (none) vmunix: [    4.821150] coresight-stm 6002000.stm: STM32 initialized with master Disabled
Jan  1 14:11:26 (none) vmunix: [    4.833737] dwc3 a600000.dwc3: changing max_speed on rev 00000000
Jan  1 14:11:26 (none) vmunix: [    4.840126] register_client_adhoc:find path.src 61 dest 512
Jan  1 14:11:26 (none) vmunix: [    4.840447] register_client_adhoc:find path.src 61 dest 676
Jan  1 14:11:26 (none) vmunix: [    4.842039] register_client_adhoc:find path.src 1 dest 583
Jan  1 14:11:26 (none) vmunix: [    4.847408] register_client_adhoc:Client handle 13 usb
Jan  1 14:11:26 (none) vmunix: [    4.852896] usb_bam_init: setting SPS_BAM_SMMU_EN flag with (a704000.qcom,usbbam)
Jan  1 14:11:26 (none) vmunix: [    4.863851] sps:BAM 0x0a704000 is registered.
Jan  1 14:11:26 (none) vmunix: [    4.867898] ipa_rm ipa_rm_delete_resource:146 IPA RM was not initialized
Jan  1 14:11:26 (none) vmunix: [    4.875441] usb_bam_ipa_delete_resources: Failed to delete USB_PROD resource
Jan  1 14:11:26 (none) vmunix: [    4.882221] ipa_rm ipa_rm_delete_resource:146 IPA RM was not initialized
Jan  1 14:11:26 (none) vmunix: [    4.889208] usb_bam_ipa_delete_resources: Failed to delete USB_CONS resource
Jan  1 14:11:26 (none) vmunix: [    4.898998] usbpd usbpd0: Type-C Source (default) connected
Jan  1 14:11:26 (none) vmunix: [    4.905677] dwc3 a600000.dwc3: changing max_speed on rev 00000000
Jan  1 14:11:26 (none) vmunix: [    4.911845] register_client_adhoc:find path.src 61 dest 512
Jan  1 14:11:26 (none) vmunix: [    4.912173] register_client_adhoc:find path.src 61 dest 676
Jan  1 14:11:26 (none) vmunix: [    4.914611] register_client_adhoc:find path.src 1 dest 583
Jan  1 14:11:26 (none) vmunix: [    4.919976] register_client_adhoc:Client handle 13 usb
Jan  1 14:11:26 (none) vmunix: [    4.925650] usb_bam_init: setting SPS_BAM_SMMU_EN flag with (a704000.qcom,usbbam)
Jan  1 14:11:26 (none) vmunix: [    4.936391] sps:BAM 0x0a704000 is registered.
Jan  1 14:11:26 (none) vmunix: [    4.948346] ubi0: attaching mtd27
Jan  1 14:11:26 (none) vmunix: [    5.010224] msm-dwc3 a600000.ssusb: DWC3 exited from low power mode
Jan  1 14:11:26 (none) vmunix: [    5.010889] msm-dwc3 a600000.ssusb: DWC3 in low power mode
Jan  1 14:11:26 (none) vmunix: [    5.070226] msm-dwc3 a600000.ssusb: DWC3 exited from low power mode
Jan  1 14:11:26 (none) vmunix: [    5.208222] ubi0: scanning is finished
Jan  1 14:11:26 (none) vmunix: [    5.214443] ubi0: attached mtd27 (name "system", size 274 MiB)
Jan  1 14:11:26 (none) vmunix: [    5.214489] ubi0: PEB size: 262144 bytes (256 KiB), LEB size: 253952 bytes
Jan  1 14:11:26 (none) vmunix: [    5.219187] ubi0: min./max. I/O unit sizes: 4096/4096, sub-page size 4096
Jan  1 14:11:26 (none) vmunix: [    5.226104] ubi0: VID header offset: 4096 (aligned 4096), data offset: 8192
Jan  1 14:11:26 (none) vmunix: [    5.232918] ubi0: good PEBs: 1095, bad PEBs: 1, corrupted PEBs: 0
Jan  1 14:11:26 (none) vmunix: [    5.239671] ubi0: user volume: 1, internal volumes: 1, max. volumes count: 128
Jan  1 14:11:26 (none) vmunix: [    5.245939] ubi0: max/mean erase counter: 3066/1262, WL threshold: 4096, image sequence number: 1469184680
Jan  1 14:11:26 (none) vmunix: [    5.253065] ubi0: available PEBs: 0, total reserved PEBs: 1095, PEBs reserved for bad PEB handling: 79
Jan  1 14:11:26 (none) vmunix: [    5.262706] ubi0: background thread "ubi_bgt0d" started, PID 273
Jan  1 14:11:26 (none) vmunix: [    5.272889] input: soc:gpio_keys as /devices/platform/soc:gpio_keys/input/input1
Jan  1 14:11:26 (none) vmunix: [    5.278640] qcom,qpnp-rtc c440000.qcom,spmi:qcom,pmxprairie@8:qcom,rtc@6000: setting system clock to 1970-01-01 14:11:24 UTC (51084)
Jan  1 14:11:26 (none) vmunix: [    5.286332] cpuidle: enable-method property 'psci' found operations
Jan  1 14:11:26 (none) vmunix: [    5.297998] lpm_levels: register_cluster_lpm_stats()
Jan  1 14:11:26 (none) vmunix: [    5.305276] rmnet_ipa3 started initialization
Jan  1 14:11:26 (none) vmunix: [    5.308591] IPA SSR support = True
Jan  1 14:11:26 (none) vmunix: [    5.312945] IPA is_platform_type_msm = False
Jan  1 14:11:26 (none) vmunix: [    5.316139] IPA SG support = False
Jan  1 14:11:26 (none) vmunix: [    5.320580] IPA Napi Enable = False
Jan  1 14:11:27 (none) vmunix: [    5.323773] using default for wan-rx-desc-size = 256
Jan  1 14:11:27 (none) vmunix: [    5.329220] ipa-wan ipa3_wwan_probe:2880 rmnet_ipa completed initialization
Jan  1 14:11:27 (none) vmunix: [    5.333371] RNDIS_IPA module is loaded.
Jan  1 14:11:27 (none) vmunix: [    5.334019] msm_bus_late_init: Remove handoff bw requests
Jan  1 14:11:27 (none) vmunix: [    5.343541] emac_phy: disabling
Jan  1 14:11:27 (none) vmunix: [    5.348464] rgmii_io_pads: disabling
Jan  1 14:11:27 (none) vmunix: [    5.351430] vddpx_2: disabling
Jan  1 14:11:27 (none) vmunix: [    5.355217] vreg_conn_pa: disabling
Jan  1 14:11:27 (none) vmunix: [    5.362386] UBIFS (ubi0:0): background thread "ubifs_bgt0_0" started, PID 275
Jan  1 14:11:27 (none) vmunix: [    5.408143] UBIFS (ubi0:0): recovery needed
Jan  1 14:11:27 (none) vmunix: [    5.610091] UBIFS (ubi0:0): recovery completed
Jan  1 14:11:27 (none) vmunix: [    5.610236] UBIFS (ubi0:0): UBIFS: mounted UBI device 0, volume 0, name "rootfs"
Jan  1 14:11:27 (none) vmunix: [    5.613454] UBIFS (ubi0:0): LEB size: 253952 bytes (248 KiB), min./max. I/O unit sizes: 4096 bytes/4096 bytes
Jan  1 14:11:27 (none) vmunix: [    5.621485] UBIFS (ubi0:0): FS size: 254459904 bytes (242 MiB, 1002 LEBs), journal size 9404416 bytes (8 MiB, 38 LEBs)
Jan  1 14:11:27 (none) vmunix: [    5.630842] UBIFS (ubi0:0): reserved for root: 0 bytes (0 KiB)
Jan  1 14:11:27 (none) vmunix: [    5.641413] UBIFS (ubi0:0): media format: w4/r0 (latest is w5/r0), UUID 4DBF30BB-6EE4-424A-96B8-AFA0DBB289B5, small LPT model
Jan  1 14:11:27 (none) vmunix: [    5.648871] VFS: Mounted root (ubifs filesystem) on device 0:18.
Jan  1 14:11:27 (none) vmunix: [    5.660791] devtmpfs: mounted
Jan  1 14:11:27 (none) vmunix: [    5.665976] Freeing unused kernel memory: 1024K
Jan  1 14:11:27 (none) vmunix: [    5.900497] [MIFI_TIMESTAMP] - /etc/init.d/rcS: started
Jan  1 14:11:27 (none) vmunix: [    6.057640] set_dload_mode: on=0
Jan  1 14:11:27 (none) vmunix: [    6.256866] udevd[300]: starting version 182
Jan  1 14:11:27 (none) vmunix: [    6.560145] of_batterydata_get_best_profile: No battery data found
Jan  1 14:11:27 (none) vmunix: [    6.560195] QCOM-STEPCHG: get_step_chg_jeita_setting_from_profile: Couldn't find profile
Jan  1 14:11:27 (none) vmunix: [    7.642709] IPA is loading with non MHI configuration
Jan  1 14:11:27 (none) vmunix: [    7.674194] IPA is loading with non MHI configuration
Jan  1 14:11:27 (none) vmunix: [    7.700875] [MIFI_TIMESTAMP] - S30load_kernel_modules: started
Jan  1 14:11:27 (none) vmunix: [    7.744125] [MIFI_TIMESTAMP] - create_device_sym_links.sh: started
Jan  1 14:11:27 (none) vmunix: [    7.815202] [MIFI_TIMESTAMP] - create_device_sym_links.sh: done
Jan  1 14:11:27 (none) vmunix: [    7.820680] [MIFI_TIMESTAMP] - S30load_kernel_modules: done
Jan  1 14:11:27 (none) vmunix: [    7.877227] ubi1: attaching mtd17
Jan  1 14:11:27 (none) vmunix: [    7.973344] ubi1: scanning is finished
Jan  1 14:11:27 (none) vmunix: [    7.982095] ubi1: attached mtd17 (name "modem", size 107 MiB)
Jan  1 14:11:27 (none) vmunix: [    7.982145] ubi1: PEB size: 262144 bytes (256 KiB), LEB size: 253952 bytes
Jan  1 14:11:27 (none) vmunix: [    7.986840] ubi1: min./max. I/O unit sizes: 4096/4096, sub-page size 4096
Jan  1 14:11:27 (none) vmunix: [    7.993991] ubi1: VID header offset: 4096 (aligned 4096), data offset: 8192
Jan  1 14:11:27 (none) vmunix: [    8.000645] ubi1: good PEBs: 429, bad PEBs: 0, corrupted PEBs: 0
Jan  1 14:11:27 (none) vmunix: [    8.007238] ubi1: user volume: 1, internal volumes: 1, max. volumes count: 128
Jan  1 14:11:27 (none) vmunix: [    8.013713] ubi1: max/mean erase counter: 17/6, WL threshold: 4096, image sequence number: 1865044219
Jan  1 14:11:27 (none) vmunix: [    8.020659] ubi1: available PEBs: 0, total reserved PEBs: 429, PEBs reserved for bad PEB handling: 80
Jan  1 14:11:27 (none) vmunix: [    8.029828] ubi1: background thread "ubi_bgt1d" started, PID 382
Jan  1 14:11:27 (none) vmunix: [    8.164592] UBIFS (ubi1:0): UBIFS: mounted UBI device 1, volume 0, name "modem", R/O mode
Jan  1 14:11:27 (none) vmunix: [    8.164655] UBIFS (ubi1:0): LEB size: 253952 bytes (248 KiB), min./max. I/O unit sizes: 4096 bytes/4096 bytes
Jan  1 14:11:27 (none) vmunix: [    8.172136] UBIFS (ubi1:0): FS size: 85073920 bytes (81 MiB, 335 LEBs), journal size 9404416 bytes (8 MiB, 38 LEBs)
Jan  1 14:11:27 (none) vmunix: [    8.181851] UBIFS (ubi1:0): reserved for root: 0 bytes (0 KiB)
Jan  1 14:11:27 (none) vmunix: [    8.192081] UBIFS (ubi1:0): media format: w4/r0 (latest is w5/r0), UUID C372CDA0-9C90-4383-A36E-3F74D3EFA04D, small LPT model
Jan  1 14:11:28 (none) vmunix: [    8.970131] smblib_send_chg_det_event: SDP detected, pd_active 0, apsd_result->pst 4, typec_mode : 6 
Jan  1 14:11:28 (none) vmunix: [    9.325743] Starting ipacm_perf:  
Jan  1 14:11:28 (none) vmunix: [    9.341013] done
Jan  1 14:11:28 (none) vmunix: [    9.394953] subsys-restart: __subsystem_get(): Changing subsys fw_name to modem
Jan  1 14:11:28 (none) vmunix: [    9.395039] ipa-wan ipa3_lcl_mdm_ssr_notifier_cb:3162 IPA received MPSS BEFORE_POWERUP
Jan  1 14:11:28 (none) vmunix: [    9.427551] Starting ipacm: 
Jan  1 14:11:28 (none) vmunix: [    9.428285] ipa ipa3_uc_state_check:382 uC is not loaded
Jan  1 14:11:28 (none) vmunix: [    9.440522] ipa-wan ipa3_lcl_mdm_ssr_notifier_cb:3174 IPA BEFORE_POWERUP handling is complete
Jan  1 14:11:28 (none) vmunix: [    9.443734] subsys-pil-tz 4080000.qcom,mss: modem: loading from 0x90800000 to 0x9d500000
Jan  1 14:11:28 (none) vmunix: [    9.455489] done
Jan  1 14:11:32 (none) vmunix: [    9.732974] Starting ipacmdiag: 
Jan  1 14:11:32 (none) vmunix: [   12.944792] done
Jan  1 14:11:33 (none) vmunix: [   13.033379] Starting qseecomd: 
Jan  1 14:11:33 (none) vmunix: [   13.864218] done
Jan  1 14:11:34 (none) qseecomd: DBG:qseecom listener services process entry PPID = 1
Jan  1 14:11:34 (none) qseecomd: DBG:Parent qseecom daemon process paused!! 
Jan  1 14:11:34 (none) qseecomd: DBG:qseecom listener service threads starting!!! 
Jan  1 14:11:34 (none) qseecomd: DBG:Total listener services to start = 3
Jan  1 14:11:34 (none) qseecomd: ERR:Listener: index = 0, hierarchy = 1
Jan  1 14:11:34 (none) qseecomd: ERR:Init dlopen(libdrmtime.so.1, RLTD_NOW) is failed.... libdrmtime.so.1: cannot open shared object file: No such file or directory 
Jan  1 14:11:34 (none) qseecomd: ERR:Listener: index = 1, hierarchy = 1
Jan  1 14:11:34 (none) qseecomd: ERR:Init dlopen(libdrmfs.so.1, RLTD_NOW) is failed.... libdrmfs.so.1: cannot open shared object file: No such file or directory 
Jan  1 14:11:34 (none) qseecomd: ERR:Listener: index = 2, hierarchy = 1
Jan  1 14:11:34 (none) qseecomd: ERR:Init dlopen(libdrmfs.so.1, RLTD_NOW) is failed.... libdrmfs.so.1: cannot open shared object file: No such file or directory 
Jan  1 14:11:34 (none) qseecomd: DBG:QSEECOM DAEMON RUNNING 
Jan  1 14:11:34 (none) tftp_server[595]: INFO:Initializing tftp_server RING buffer
Jan  1 14:11:34 (none) tftp_server[595]: INFO:Starting... 
Jan  1 14:11:35 (none) tftp_server[595]: ERR:pid=595 tid=595 tftp-server : ERR :[tftp_os_wakelocks_la.c, 116] Unable to open wake lock file /sys/power/wake_lock return val: -1, error no: 13 string = Pe
Jan  1 14:11:35 (none) tftp_server[595]: INFO:pid=595 tid=595 tftp-server : INF :[tftp_os_la.c, 118] mkdir failed: [2] [/data/data/vendor/tombstones/rfs/modem] [No such file or directory]
Jan  1 14:11:35 (none) tftp_server[595]: INFO:pid=595 tid=595 tftp-server : INF :[tftp_os_la.c, 118] mkdir failed: [2] [/data/data/vendor/tombstones/rfs] [No such file or directory]
Jan  1 14:11:35 (none) tftp_server[595]: INFO:pid=595 tid=595 tftp-server : INF :[tftp_os_la.c, 118] mkdir failed: [2] [/data/data/vendor/tombstones] [No such file or directory]
Jan  1 14:11:35 (none) tftp_server[595]: INFO:pid=595 tid=595 tftp-server : INF :[tftp_os_la.c, 118] mkdir failed: [2] [/data/data/vendor] [No such file or directory]
Jan  1 14:11:35 (none) tftp_server[595]: INFO:pid=595 tid=595 tftp-server : INF :[tftp_os_la.c, 118] mkdir failed: [13] [/data/data] [Permission denied]
Jan  1 14:11:35 (none) tftp_server[595]: ERR:pid=595 tid=595 tftp-server : ERR :[tftp_server_folders_la.c, 174] Failed to auto_dir for(/data/data/vendor/tombstones/rfs/modem/) errno = -13 (Permission d
Jan  1 14:11:35 (none) tftp_server[595]: INFO:pid=595 tid=595 tftp-server : INF :[tftp_os_la.c, 118] mkdir failed: [2] [/data/data/vendor/tombstones/rfs/modem/] [No such file or directory]
Jan  1 14:11:35 (none) tftp_server[595]: INFO:pid=595 tid=595 tftp-server : INF :[tftp_os_la.c, 118] mkdir failed: [2] [/data/data/vendor/tombstones/rfs/lpass] [No such file or directory]
Jan  1 14:11:35 (none) tftp_server[595]: INFO:pid=595 tid=595 tftp-server : INF :[tftp_os_la.c, 118] mkdir failed: [2] [/data/data/vendor/tombstones/rfs] [No such file or directory]
Jan  1 14:11:35 (none) tftp_server[595]: INFO:pid=595 tid=595 tftp-server : INF :[tftp_os_la.c, 118] mkdir failed: [2] [/data/data/vendor/tombstones] [No such file or directory]
Jan  1 14:11:35 (none) tftp_server[595]: INFO:pid=595 tid=595 tftp-server : INF :[tftp_os_la.c, 118] mkdir failed: [2] [/data/data/vendor] [No such file or directory]
Jan  1 14:11:35 (none) tftp_server[595]: INFO:pid=595 tid=595 tftp-server : INF :[tftp_os_la.c, 118] mkdir failed: [13] [/data/data] [Permission denied]
Jan  1 14:11:35 (none) tftp_server[595]: ERR:pid=595 tid=595 tftp-server : ERR :[tftp_server_folders_la.c, 174] Failed to auto_dir for(/data/data/vendor/tombstones/rfs/lpass/) errno = -13 (Permission d
Jan  1 14:11:35 (none) tftp_server[595]: INFO:pid=595 tid=595 tftp-server : INF :[tftp_os_la.c, 118] mkdir failed: [2] [/data/data/vendor/tombstones/rfs/lpass/] [No such file or directory]
Jan  1 14:11:35 (none) tftp_server[595]: INFO:pid=595 tid=595 tftp-server : INF :[tftp_os_la.c, 118] mkdir failed: [2] [/data/data/vendor/tombstones/rfs/tn] [No such file or directory]
Jan  1 14:11:35 (none) tftp_server[595]: INFO:pid=595 tid=595 tftp-server : INF :[tftp_os_la.c, 118] mkdir failed: [2] [/data/data/vendor/tombstones/rfs] [No such file or directory]
Jan  1 14:11:35 (none) tftp_server[595]: INFO:pid=595 tid=595 tftp-server : INF :[tftp_os_la.c, 118] mkdir failed: [2] [/data/data/vendor/tombstones] [No such file or directory]
Jan  1 14:11:35 (none) tftp_server[595]: INFO:pid=595 tid=595 tftp-server : INF :[tftp_os_la.c, 118] mkdir failed: [2] [/data/data/vendor] [No such file or directory]
Jan  1 14:11:35 (none) tftp_server[595]: INFO:pid=595 tid=595 tftp-server : INF :[tftp_os_la.c, 118] mkdir failed: [13] [/data/data] [Permission denied]
Jan  1 14:11:35 (none) tftp_server[595]: ERR:pid=595 tid=595 tftp-server : ERR :[tftp_server_folders_la.c, 174] Failed to auto_dir for(/data/data/vendor/tombstones/rfs/tn/) errno = -13 (Permission deni
Jan  1 14:11:35 (none) tftp_server[595]: INFO:pid=595 tid=595 tftp-server : INF :[tftp_os_la.c, 118] mkdir failed: [2] [/data/data/vendor/tombstones/rfs/tn/] [No such file or directory]
Jan  1 14:11:35 (none) tftp_server[595]: INFO:pid=595 tid=595 tftp-server : INF :[tftp_os_la.c, 118] mkdir failed: [2] [/data/data/vendor/tombstones/rfs/slpi] [No such file or directory]
Jan  1 14:11:35 (none) tftp_server[595]: INFO:pid=595 tid=595 tftp-server : INF :[tftp_os_la.c, 118] mkdir failed: [2] [/data/data/vendor/tombstones/rfs] [No such file or directory]
Jan  1 14:11:35 (none) tftp_server[595]: INFO:pid=595 tid=595 tftp-server : INF :[tftp_os_la.c, 118] mkdir failed: [2] [/data/data/vendor/tombstones] [No such file or directory]
Jan  1 14:11:35 (none) tftp_server[595]: INFO:pid=595 tid=595 tftp-server : INF :[tftp_os_la.c, 118] mkdir failed: [2] [/data/data/vendor] [No such file or directory]
Jan  1 14:11:35 (none) tftp_server[595]: INFO:pid=595 tid=595 tftp-server : INF :[tftp_os_la.c, 118] mkdir failed: [13] [/data/data] [Permission denied]
Jan  1 14:11:35 (none) tftp_server[595]: ERR:pid=595 tid=595 tftp-server : ERR :[tftp_server_folders_la.c, 174] Failed to auto_dir for(/data/data/vendor/tombstones/rfs/slpi/) errno = -13 (Permission de
Jan  1 14:11:35 (none) tftp_server[595]: INFO:pid=595 tid=595 tftp-server : INF :[tftp_os_la.c, 118] mkdir failed: [2] [/data/data/vendor/tombstones/rfs/slpi/] [No such file or directory]
Jan  1 14:11:35 (none) tftp_server[595]: INFO:pid=595 tid=595 tftp-server : INF :[tftp_os_la.c, 118] mkdir failed: [2] [/data/data/vendor/tombstones/rfs/cdsp] [No such file or directory]
Jan  1 14:11:35 (none) tftp_server[595]: INFO:pid=595 tid=595 tftp-server : INF :[tftp_os_la.c, 118] mkdir failed: [2] [/data/data/vendor/tombstones/rfs] [No such file or directory]
Jan  1 14:11:35 (none) tftp_server[595]: INFO:pid=595 tid=595 tftp-server : INF :[tftp_os_la.c, 118] mkdir failed: [2] [/data/data/vendor/tombstones] [No such file or directory]
Jan  1 14:11:35 (none) tftp_server[595]: INFO:pid=595 tid=595 tftp-server : INF :[tftp_os_la.c, 118] mkdir failed: [2] [/data/data/vendor] [No such file or directory]
Jan  1 14:11:35 (none) tftp_server[595]: INFO:pid=595 tid=595 tftp-server : INF :[tftp_os_la.c, 118] mkdir failed: [13] [/data/data] [Permission denied]
Jan  1 14:11:35 (none) tftp_server[595]: ERR:pid=595 tid=595 tftp-server : ERR :[tftp_server_folders_la.c, 174] Failed to auto_dir for(/data/data/vendor/tombstones/rfs/cdsp/) errno = -13 (Permission de
Jan  1 14:11:35 (none) tftp_server[595]: INFO:pid=595 tid=595 tftp-server : INF :[tftp_os_la.c, 118] mkdir failed: [2] [/data/data/vendor/tombstones/rfs/cdsp/] [No such file or directory]
Jan  1 14:11:35 (none) tftp_server[595]: ERR:pid=595 tid=595 tftp-server : ERR :[tftp_server.c, 732] Attempting to continue.... some paths maybe inaccessible.
Jan  1 14:11:35 (none) vmunix: [   16.005281] Mass Storage Function, version: 2009/09/11
Jan  1 14:11:35 (none) vmunix: [   16.005335] LUN: removable file: (no medium)
Jan  1 14:11:35 (none) vmunix: [   16.042978] Mass Storage Function, version: 2009/09/11
Jan  1 14:11:35 (none) vmunix: [   16.043031] LUN: removable file: (no medium)
Jan  1 14:11:35 (none) vmunix: [   16.063411] file system registered
Jan  1 14:11:35 (none) vmunix: [   16.102010] f_cdev_alloc: port_name:at_usb0 (ebe6f400) portno:(0)
Jan  1 14:11:35 (none) vmunix: [   16.128755] f_cdev_alloc: port_name:at_usb1 (ebe6ec00) portno:(1)
Jan  1 14:11:35 (none) vmunix: [   16.270200] subsys-pil-tz 4080000.qcom,mss: modem: Brought out of reset
Jan  1 14:11:35 (none) vmunix: [   16.293811] using random self ethernet address
Jan  1 14:11:35 (none) vmunix: [   16.293861] using random host ethernet address
Jan  1 14:11:35 (none) vmunix: [   16.301323] subsys-pil-tz 4080000.qcom,mss: Subsystem error monitoring/handling services are up
Jan  1 14:11:35 (none) vmunix: [   16.301621] subsys-pil-tz 4080000.qcom,mss: modem: Power/Clock ready interrupt received
Jan  1 14:11:35 (none) vmunix: [   16.315883] ipa-wan ipa3_lcl_mdm_ssr_notifier_cb:3177 IPA received MPSS AFTER_POWERUP
Jan  1 14:11:35 (none) vmunix: [   16.318169] ipa ipa3_odl_pipe_open:371 adpl pipe not configured
Jan  1 14:11:35 (none) vmunix: [   16.333242] qrtr: Modem QMI Readiness RX cmd:0x2 node[0x3]
Jan  1 14:11:35 (none) vmunix: [   16.355852] ipa-wan ipa3_lcl_mdm_ssr_notifier_cb:3183 IPA AFTER_POWERUP handling is complete
Jan  1 14:11:35 (none) vmunix: [   16.457970] qrtr: Modem QMI Readiness TX cmd:0x2 node[0x2]
Jan  1 14:11:35 (none) vmunix: [   16.463865] diag: In diag_send_feature_mask_update, control channel is not open, p: 0, c14d576c
Jan  1 14:11:35 (none) vmunix: [   16.464456] diag: In diag_send_peripheral_buffering_mode, buffering flag not set for 0
Jan  1 14:11:35 (none) vmunix: [   16.503854] sysmon-qmi: ssctl_new_server: Connection established between QMI handle and modem's SSCTL service
Jan  1 14:11:35 (none) vmunix: [   16.504133] coresight-remote-etm soc:modem_etm0: Connection established between QMI handle and 2 service
Jan  1 14:11:35 (none) vmunix: [   16.513328] coresight-remote-etm soc:modem_etm1: Connection established between QMI handle and 2 service
Jan  1 14:11:36 (none) vmunix: [   17.450205] Sending QMI_IPA_INIT_MODEM_DRIVER_REQ_V01
Jan  1 14:11:36 (none) tftp_server[595]: INFO:pid=595 tid=595 tftp-server : INF :[tftp_server.c, 659] rcvd request [3] [73] [2] [3] [25]
Jan  1 14:11:36 (none) vmunix: [   17.453803] ipa-wan ipa3_handle_indication_req:152 not send indication
Jan  1 14:11:36 (none) tftp_server[595]: INFO:pid=595 tid=739 tftp-server : INF :[tftp_server_utils.c, 113] file [readwrite/server_check.txt] : [/system/rfs/mdm/mpss/readwrite/server_check.txt]
Jan  1 14:11:36 (none) vmunix: [   17.458376] ipa ipa3_uc_wdi_event_log_info_handler:357 WDI protocol missing 0x21
Jan  1 14:11:36 (none) vmunix: [   17.460940] ipa ipa3_uc_ntn_event_log_info_handler:33 NTN stats sz invalid exp=224 is=112
Jan  1 14:11:36 (none) vmunix: [   17.468753] QMI_IPA_INIT_MODEM_DRIVER_REQ_V01 response received
Jan  1 14:11:36 (none) tftp_server[595]: INFO:pid=595 tid=739 tftp-server : INF :[tftp_server.c, 1202] OACK options : [7680, 1000, 10, 0, 0, 0, 0, 0]
Jan  1 14:11:36 (none) tftp_server[595]: INFO:pid=595 tid=739 tftp-server : INF :[tftp_os_la.c, 63] open : [-1] [-1] [384] [577] [/system/rfs/mdm/mpss/readwrite/server_check.txt]
Jan  1 14:11:36 (none) tftp_server[595]: INFO:pid=595 tid=595 tftp-server : INF :[tftp_server.c, 659] rcvd request [3] [85] [1] [3] [27]
Jan  1 14:11:36 (none) tftp_server[595]: INFO:pid=595 tid=740 tftp-server : INF :[tftp_server_utils.c, 113] file [readwrite/ota_firewall/ruleset] : [/system/rfs/mdm/mpss/readwrite/ota_firewall/ruleset]
Jan  1 14:11:36 (none) tftp_server[595]: INFO:pid=595 tid=740 tftp-server : INF :[tftp_server.c, 1202] OACK options : [7680, 1000, 10, 4, 0, 0, 0, 0]
Jan  1 14:11:36 (none) tftp_server[595]: INFO:pid=595 tid=740 tftp-server : INF :[tftp_os_la.c, 63] open : [-1] [-1] [384] [0] [/system/rfs/mdm/mpss/readwrite/ota_firewall/ruleset]
Jan  1 14:11:36 (none) tftp_server[595]: ERR:pid=595 tid=740 tftp-server : ERR :[tftp_os_la.c, 70] open failed: [2] [No such file or directory]
Jan  1 14:11:36 (none) tftp_server[595]: ERR:pid=595 tid=740 tftp-server : ERR :[tftp_server.c, 1698] open failed : [-2] [Unknown error -2]
Jan  1 14:11:36 (none) tftp_server[595]: ERR:pid=595 tid=740 tftp-server : ERR :[tftp_protocol.c, 1229] sending error-pkt. Code = 1, Msg = Err=2 String=No such file or directory
Jan  1 14:11:36 (none) tftp_server[595]: INFO:pid=595 tid=595 tftp-server : INF :[tftp_server.c, 659] rcvd request [3] [85] [1] [3] [28]
Jan  1 14:11:36 (none) tftp_server[595]: INFO:pid=595 tid=741 tftp-server : INF :[tftp_server_utils.c, 113] file [readwrite/ota_firewall/ruleset] : [/system/rfs/mdm/mpss/readwrite/ota_firewall/ruleset]
Jan  1 14:11:36 (none) tftp_server[595]: INFO:pid=595 tid=741 tftp-server : INF :[tftp_server.c, 1202] OACK options : [7680, 1000, 0, 10, 0, 0, 0, 0]
Jan  1 14:11:36 (none) tftp_server[595]: INFO:pid=595 tid=741 tftp-server : INF :[tftp_os_la.c, 63] open : [-1] [-1] [384] [0] [/system/rfs/mdm/mpss/readwrite/ota_firewall/ruleset]
Jan  1 14:11:36 (none) tftp_server[595]: ERR:pid=595 tid=741 tftp-server : ERR :[tftp_os_la.c, 70] open failed: [2] [No such file or directory]
Jan  1 14:11:36 (none) tftp_server[595]: ERR:pid=595 tid=741 tftp-server : ERR :[tftp_server.c, 1698] open failed : [-2] [Unknown error -2]
Jan  1 14:11:36 (none) tftp_server[595]: ERR:pid=595 tid=741 tftp-server : ERR :[tftp_protocol.c, 1229] sending error-pkt. Code = 1, Msg = Err=2 String=No such file or directory
Jan  1 14:11:36 (none) tftp_server[595]: INFO:pid=595 tid=595 tftp-server : INF :[tftp_server.c, 659] rcvd request [3] [102] [1] [3] [29]
Jan  1 14:11:36 (none) tftp_server[595]: INFO:pid=595 tid=742 tftp-server : INF :[tftp_server_utils.c, 113] file [readonly/firmware/image/modem_pr/so/695_0_3.mbn] : [/system/rfs/mdm/mpss/readonly/firmwa
Jan  1 14:11:36 (none) tftp_server[595]: INFO:pid=595 tid=742 tftp-server : INF :[tftp_server.c, 1202] OACK options : [7680, 1000, 1245488, 10, 0, 0, 0, 0]
Jan  1 14:11:36 (none) tftp_server[595]: INFO:pid=595 tid=742 tftp-server : INF :[tftp_os_la.c, 63] open : [-1] [-1] [384] [0] [/system/rfs/mdm/mpss/readonly/firmware/image/modem_pr/so/695_0_3.mbn]
Jan  1 14:11:36 (none) tftp_server[595]: INFO:pid=595 tid=595 tftp-server : INF :[tftp_server.c, 659] rcvd request [3] [110] [1] [3] [30]
Jan  1 14:11:36 (none) tftp_server[595]: INFO:pid=595 tid=742 tftp-server : INF :[tftp_protocol.c, 742] Recd END OF TRANSFER pkt. Code = 9, Msg = End of Transfer
Jan  1 14:11:36 (none) tftp_server[595]: INFO:pid=595 tid=742 tftp-server : INF :[tftp_server.c, 1310] RRQ stats : sent_size = 0 total-blocks = 0 total-bytes = 0 timedout-pkts = 0, wrong-pkts = 0
Jan  1 14:11:36 (none) tftp_server[595]: INFO:pid=595 tid=742 tftp-server : INF :[tftp_server.c, 1314] RRQ time stats : Total : [TX, RX] = [67, 0]
Jan  1 14:11:36 (none) tftp_server[595]: INFO:pid=595 tid=742 tftp-server : INF :[tftp_server.c, 1320] RRQ time stats : Tx/Rx [Min, Max] = [67, 0, 67, 0]
Jan  1 14:11:36 (none) tftp_server[595]: INFO:pid=595 tid=742 tftp-server : INF :[tftp_server.c, 1336] RRQ was successfully processed.
Jan  1 14:11:36 (none) tftp_server[595]: INFO:pid=595 tid=743 tftp-server : INF :[tftp_server_utils.c, 113] file [readonly/firmware/image/modem_pr/so/695_0_3.mbn] : [/system/rfs/mdm/mpss/readonly/firmwa
Jan  1 14:11:36 (none) tftp_server[595]: INFO:pid=595 tid=743 tftp-server : INF :[tftp_server.c, 1202] OACK options : [7680, 1000, 0, 10, 52, 0, 0, 0]
Jan  1 14:11:36 (none) tftp_server[595]: INFO:pid=595 tid=743 tftp-server : INF :[tftp_os_la.c, 63] open : [-1] [-1] [384] [0] [/system/rfs/mdm/mpss/readonly/firmware/image/modem_pr/so/695_0_3.mbn]
Jan  1 14:11:36 (none) tftp_server[595]: INFO:pid=595 tid=595 tftp-server : INF :[tftp_server.c, 659] rcvd request [3] [112] [1] [3] [31]
Jan  1 14:11:36 (none) tftp_server[595]: INFO:pid=595 tid=743 tftp-server : INF :[tftp_server.c, 1310] RRQ stats : sent_size = 52 total-blocks = 1 total-bytes = 52 timedout-pkts = 0, wrong-pkts = 0
Jan  1 14:11:36 (none) tftp_server[595]: INFO:pid=595 tid=743 tftp-server : INF :[tftp_server.c, 1314] RRQ time stats : Total : [TX, RX] = [107, 0]
Jan  1 14:11:36 (none) tftp_server[595]: INFO:pid=595 tid=743 tftp-server : INF :[tftp_server.c, 1320] RRQ time stats : Tx/Rx [Min, Max] = [45, 0, 62, 0]
Jan  1 14:11:36 (none) tftp_server[595]: INFO:pid=595 tid=743 tftp-server : INF :[tftp_server.c, 1336] RRQ was successfully processed.
Jan  1 14:11:36 (none) tftp_server[595]: INFO:pid=595 tid=744 tftp-server : INF :[tftp_server_utils.c, 113] file [readonly/firmware/image/modem_pr/so/695_0_3.mbn] : [/system/rfs/mdm/mpss/readonly/firmwa
Jan  1 14:11:36 (none) tftp_server[595]: INFO:pid=595 tid=744 tftp-server : INF :[tftp_server.c, 1202] OACK options : [7680, 1000, 52, 10, 160, 0, 0, 0]
Jan  1 14:11:36 (none) tftp_server[595]: INFO:pid=595 tid=744 tftp-server : INF :[tftp_os_la.c, 63] open : [-1] [-1] [384] [0] [/system/rfs/mdm/mpss/readonly/firmware/image/modem_pr/so/695_0_3.mbn]
Jan  1 14:11:36 (none) tftp_server[595]: INFO:pid=595 tid=595 tftp-server : INF :[tftp_server.c, 659] rcvd request [3] [115] [1] [3] [34]
Jan  1 14:11:36 (none) tftp_server[595]: INFO:pid=595 tid=744 tftp-server : INF :[tftp_server.c, 1310] RRQ stats : sent_size = 160 total-blocks = 1 total-bytes = 160 timedout-pkts = 0, wrong-pkts = 0
Jan  1 14:11:36 (none) tftp_server[595]: INFO:pid=595 tid=744 tftp-server : INF :[tftp_server.c, 1314] RRQ time stats : Total : [TX, RX] = [95, 0]
Jan  1 14:11:36 (none) tftp_server[595]: INFO:pid=595 tid=744 tftp-server : INF :[tftp_server.c, 1320] RRQ time stats : Tx/Rx [Min, Max] = [32, 0, 63, 0]
Jan  1 14:11:36 (none) tftp_server[595]: INFO:pid=595 tid=744 tftp-server : INF :[tftp_server.c, 1336] RRQ was successfully processed.
Jan  1 14:11:36 (none) tftp_server[595]: INFO:pid=595 tid=745 tftp-server : INF :[tftp_server_utils.c, 113] file [readonly/firmware/image/modem_pr/so/695_0_3.mbn] : [/system/rfs/mdm/mpss/readonly/firmwa
Jan  1 14:11:36 (none) tftp_server[595]: INFO:pid=595 tid=745 tftp-server : INF :[tftp_server.c, 1202] OACK options : [7680, 1000, 4096, 10, 8192, 0, 0, 0]
Jan  1 14:11:36 (none) tftp_server[595]: INFO:pid=595 tid=745 tftp-server : INF :[tftp_os_la.c, 63] open : [-1] [-1] [384] [0] [/system/rfs/mdm/mpss/readonly/firmware/image/modem_pr/so/695_0_3.mbn]
Jan  1 14:11:36 (none) tftp_server[595]: INFO:pid=595 tid=745 tftp-server : INF :[tftp_server.c, 1310] RRQ stats : sent_size = 8192 total-blocks = 2 total-bytes = 8192 timedout-pkts = 0, wrong-pkts = 0
Jan  1 14:11:36 (none) tftp_server[595]: INFO:pid=595 tid=745 tftp-server : INF :[tftp_server.c, 1314] RRQ time stats : Total : [TX, RX] = [166, 0]
Jan  1 14:11:36 (none) tftp_server[595]: INFO:pid=595 tid=745 tftp-server : INF :[tftp_server.c, 1320] RRQ time stats : Tx/Rx [Min, Max] = [28, 0, 76, 0]
Jan  1 14:11:36 (none) tftp_server[595]: INFO:pid=595 tid=745 tftp-server : INF :[tftp_server.c, 1336] RRQ was successfully processed.
Jan  1 14:11:36 (none) tftp_server[595]: INFO:pid=595 tid=595 tftp-server : INF :[tftp_server.c, 659] rcvd request [3] [112] [1] [3] [35]
Jan  1 14:11:36 (none) tftp_server[595]: INFO:pid=595 tid=746 tftp-server : INF :[tftp_server_utils.c, 113] file [readonly/firmware/image/modem_pr/so/695_0_3.mbn] : [/system/rfs/mdm/mpss/readonly/firmwa
Jan  1 14:11:36 (none) tftp_server[595]: INFO:pid=595 tid=746 tftp-server : INF :[tftp_server.c, 1202] OACK options : [7680, 1000, 0, 10, 4096, 0, 0, 0]
Jan  1 14:11:36 (none) tftp_server[595]: INFO:pid=595 tid=746 tftp-server : INF :[tftp_os_la.c, 63] open : [-1] [-1] [384] [0] [/system/rfs/mdm/mpss/readonly/firmware/image/modem_pr/so/695_0_3.mbn]
Jan  1 14:11:36 (none) tftp_server[595]: INFO:pid=595 tid=595 tftp-server : INF :[tftp_server.c, 659] rcvd request [3] [117] [1] [3] [36]
Jan  1 14:11:36 (none) tftp_server[595]: INFO:pid=595 tid=746 tftp-server : INF :[tftp_server.c, 1310] RRQ stats : sent_size = 4096 total-blocks = 1 total-bytes = 4096 timedout-pkts = 0, wrong-pkts = 0
Jan  1 14:11:36 (none) tftp_server[595]: INFO:pid=595 tid=746 tftp-server : INF :[tftp_server.c, 1314] RRQ time stats : Total : [TX, RX] = [109, 0]
Jan  1 14:11:36 (none) tftp_server[595]: INFO:pid=595 tid=746 tftp-server : INF :[tftp_server.c, 1320] RRQ time stats : Tx/Rx [Min, Max] = [46, 0, 63, 0]
Jan  1 14:11:36 (none) tftp_server[595]: INFO:pid=595 tid=746 tftp-server : INF :[tftp_server.c, 1336] RRQ was successfully processed.
Jan  1 14:11:36 (none) tftp_server[595]: INFO:pid=595 tid=747 tftp-server : INF :[tftp_server_utils.c, 113] file [readonly/firmware/image/modem_pr/so/695_0_3.mbn] : [/system/rfs/mdm/mpss/readonly/firmwa
Jan  1 14:11:36 (none) tftp_server[595]: INFO:pid=595 tid=747 tftp-server : INF :[tftp_server.c, 1202] OACK options : [7680, 1000, 12288, 10, 84224, 0, 0, 0]
Jan  1 14:11:36 (none) tftp_server[595]: INFO:pid=595 tid=747 tftp-server : INF :[tftp_os_la.c, 63] open : [-1] [-1] [384] [0] [/system/rfs/mdm/mpss/readonly/firmware/image/modem_pr/so/695_0_3.mbn]
Jan  1 14:11:36 (none) tftp_server[595]: INFO:pid=595 tid=595 tftp-server : INF :[tftp_server.c, 659] rcvd request [3] [119] [1] [3] [37]
Jan  1 14:11:36 (none) tftp_server[595]: INFO:pid=595 tid=747 tftp-server : INF :[tftp_server.c, 1310] RRQ stats : sent_size = 84224 total-blocks = 11 total-bytes = 84224 timedout-pkts = 0, wrong-pkts =
Jan  1 14:11:36 (none) tftp_server[595]: INFO:pid=595 tid=747 tftp-server : INF :[tftp_server.c, 1314] RRQ time stats : Total : [TX, RX] = [1200, 0]
Jan  1 14:11:36 (none) tftp_server[595]: INFO:pid=595 tid=747 tftp-server : INF :[tftp_server.c, 1320] RRQ time stats : Tx/Rx [Min, Max] = [38, 0, 236, 0]
Jan  1 14:11:36 (none) tftp_server[595]: INFO:pid=595 tid=747 tftp-server : INF :[tftp_server.c, 1336] RRQ was successfully processed.
Jan  1 14:11:36 (none) tftp_server[595]: INFO:pid=595 tid=748 tftp-server : INF :[tftp_server_utils.c, 113] file [readonly/firmware/image/modem_pr/so/695_0_3.mbn] : [/system/rfs/mdm/mpss/readonly/firmwa
Jan  1 14:11:36 (none) tftp_server[595]: INFO:pid=595 tid=748 tftp-server : INF :[tftp_server.c, 1202] OACK options : [7680, 1000, 98304, 10, 1147184, 0, 0, 0]
Jan  1 14:11:36 (none) tftp_server[595]: INFO:pid=595 tid=748 tftp-server : INF :[tftp_os_la.c, 63] open : [-1] [-1] [384] [0] [/system/rfs/mdm/mpss/readonly/firmware/image/modem_pr/so/695_0_3.mbn]
Jan  1 14:11:37 (none) tftp_server[595]: INFO:pid=595 tid=748 tftp-server : INF :[tftp_server.c, 1310] RRQ stats : sent_size = 1147184 total-blocks = 150 total-bytes = 1147184 timedout-pkts = 0, wrong-p
Jan  1 14:11:37 (none) tftp_server[595]: INFO:pid=595 tid=748 tftp-server : INF :[tftp_server.c, 1314] RRQ time stats : Total : [TX, RX] = [19695, 0]
Jan  1 14:11:37 (none) tftp_server[595]: INFO:pid=595 tid=748 tftp-server : INF :[tftp_server.c, 1320] RRQ time stats : Tx/Rx [Min, Max] = [34, 0, 317, 0]
Jan  1 14:11:37 (none) tftp_server[595]: INFO:pid=595 tid=748 tftp-server : INF :[tftp_server.c, 1336] RRQ was successfully processed.
Jan  1 14:11:37 (none) vmunix: [   18.289572] ramoops: platform device not found, using module parameters
Jan  1 14:11:37 (none) vmunix: [   18.440028] [MIFI_TIMESTAMP] - /etc/init.d/rcS: done
Jan  1 14:11:37 (none) init: Entering runlevel: 7
Jan  1 14:11:37 (none) tftp_server[595]: INFO:pid=595 tid=739 tftp-server : INF :[tftp_server.c, 1465] WRQ stats : total-blocks = 1 : total-bytes = 5 : 5 timedout-pkts = 0, wrong-pkts = 0
Jan  1 14:11:37 (none) tftp_server[595]: INFO:pid=595 tid=739 tftp-server : INF :[tftp_server.c, 1469] WRQ time stats : Total : [TX, RX] = [118, 0, 1051890]
Jan  1 14:11:37 (none) tftp_server[595]: INFO:pid=595 tid=739 tftp-server : INF :[tftp_server.c, 1473] WRQ time stats : Tx [Min, Max] = [57, 0]
Jan  1 14:11:37 (none) tftp_server[595]: INFO:pid=595 tid=739 tftp-server : INF :[tftp_server.c, 1477] WRQ time stats : Rx [Min, Max] = [769, 0]
Jan  1 14:11:38 (none) init: no more processes left in this runlevel
Jan  1 14:11:39 (none) vmunix: [   19.927690] ipa-wan ipa3_wwan_ioctl:2045 dev(rmnet_data0) register to IPA
Jan  1 14:11:40 (none) init: Switching to runlevel: 3
Jan  1 14:11:43 (none) vmunix: [   24.583400] Invalid battery detection triggered
Jan  1 14:11:43 (none) vmunix: [   24.583473] Charging disabled: Unknown battery
Jan  1 14:11:43 (none) vmunix: [   24.586736] Usb suspend: forced
Jan  1 14:11:44 (none) vmunix: [   25.438966] [MIFI_TIMESTAMP] - 
Jan  1 14:11:44 (none) vmunix: [   25.530256] WIFI Starting
Jan  1 14:11:44 (none) vmunix: [   25.530300] 
Jan  1 14:11:46 (none) tftp_server[595]: INFO:pid=595 tid=595 tftp-server : INF :[tftp_server.c, 659] rcvd request [3] [73] [1] [3] [78]
Jan  1 14:11:46 (none) tftp_server[595]: INFO:pid=595 tid=1324 tftp-server : INF :[tftp_server_utils.c, 113] file [readwrite/mcfg.tmp] : [/system/rfs/mdm/mpss/readwrite/mcfg.tmp]
Jan  1 14:11:46 (none) tftp_server[595]: INFO:pid=595 tid=1324 tftp-server : INF :[tftp_server.c, 1202] OACK options : [7680, 1000, 0, 10, 0, 0, 0, 0]
Jan  1 14:11:46 (none) tftp_server[595]: INFO:pid=595 tid=1324 tftp-server : INF :[tftp_os_la.c, 63] open : [-1] [-1] [384] [0] [/system/rfs/mdm/mpss/readwrite/mcfg.tmp]
Jan  1 14:11:46 (none) tftp_server[595]: ERR:pid=595 tid=1324 tftp-server : ERR :[tftp_os_la.c, 70] open failed: [2] [No such file or directory]
